isTUMDataset: 0
isTUMDataset: 0
WARNING: Logging before InitGoogleLogging() is written to STDERR
I0713 19:35:05.712512   142 ImageRepresentation.cpp:60] [32mLeft event representation node is up [0m
WARNING: Logging before InitGoogleLogging() is written to STDERR
I0713 19:35:05.717711   143 ImageRepresentation.cpp:62] [32mRight event representation node is up [0m
[0m[INFO] [1783971305.688510520]: Camera information is loaded (Distortion model plumb_bob).[0m
[0m[INFO] [1783971305.710594788]: Undistorted-Rectified Look-Up Table with Distortion model: plumb_bob[0m
[0m[INFO] [1783971305.712166286]: Undistorted-Rectified Look-Up Table has been computed.[0m
[0m[INFO] [1783971315.161184682, 1642689802.870528253]: Sensor size: (640 x 480)[0m
===========================
Before update - first_event_time_: -1.000000  = 1642689802.854867
After update - first_event_time_: 1642689802.854867  = 1642689802.854867
[0m[INFO] [1783971305.693363303]: Camera information is loaded (Distortion model plumb_bob).[0m
[0m[INFO] [1783971305.715404015]: Undistorted-Rectified Look-Up Table with Distortion model: plumb_bob[0m
[0m[INFO] [1783971305.717355002]: Undistorted-Rectified Look-Up Table has been computed.[0m
[0m[INFO] [1783971315.238649181, 1642689802.886664532]: Sensor size: (640 x 480)[0m
===========================
Before update - first_event_time_: -1.000000  = 1642689802.870722
After update - first_event_time_: 1642689802.870722  = 1642689802.870722
[33m[WARN] [1783971538.585647351, 1642689843.470412661]: Shutdown request received.[0m
[33m[WARN] [1783971538.585681421, 1642689843.470412661]: Reason given for shutdown: [user request][0m
[33m[WARN] [1783971538.586111096, 1642689843.470412661]: Shutdown request received.[0m
[33m[WARN] [1783971538.586136789, 1642689843.470412661]: Reason given for shutdown: [user request][0m
