[0m[INFO] [1782558320.910093889]: init begins[0m
[0m[INFO] [1782558320.912574154]: Loaded config_file: /tmp/esvio_cfg/esvio.yaml[0m
result path /home/cpy/Datasets/output/esvio_result_no_loop.csv
[33m[WARN] [1782558320.913291141]:  fix extrinsic param [0m
[0m[INFO] [1782558320.913273694]: ROW_Image: 1024.000000 COL_Image: 1224.000000 [0m
[0m[INFO] [1782558320.913284258]: ROW_Event: 480.000000 COL_EVENT: 640.000000 [0m
[0m[INFO] [1782558320.913327430]: give an T to the extrinsic of cam [0m
[0m[INFO] [1782558320.913333413]: give an T to the extrinsic of event [0m
[0m[INFO] [1782558320.913355738]: Extrinsic_R : 
  0.0172486   0.0128346    0.999769
  -0.999804 -0.00952696   0.0173715
 0.00974772   -0.999872   0.0126678[0m
[0m[INFO] [1782558320.913365738]: Extrinsic_T : 
 0.143665 0.0796728 -0.015555[0m
[0m[INFO] [1782558320.913380869]: Extrinsic_R_event : 
 0.0112035  0.0218441   0.999699
  -0.99976 -0.0185542  0.0116097
 0.0188022  -0.999589   0.021631[0m
[0m[INFO] [1782558320.913389793]: Extrinsic_T_event : 
 0.129075 0.0793087 0.0250862[0m
[0m[INFO] [1782558320.914266860]: parameters.cpp: gravity_norm: 1.000000[0m
parameters.cpp: Not use sampson model
parameters.cpp: Yes use geometric correction
[33m[WARN] [1782558320.914989058]: waiting for event, image and imu...[0m
[33m[WARN] [1782558320.935863756]: into event point feature detection and tracking[0m
[33m[WARN] [1782558320.940431116]: into stereo image feature detection and tracking[0m
vocabulary_file/catkin_ws_dvs/src/ESVIO/pose_graph/support_files/brief_k10L6.bin
loop start load vocabulary
BRIEF_PATTERN_FILE/catkin_ws_dvs/src/ESVIO/pose_graph/support_files/brief_pattern.yml
Failed to create folder  
[0m[INFO] [1782558320.939228729]: Loaded config_file: /tmp/esvio_cfg/esvio.yaml[0m
[0m[INFO] [1782558320.940222075]: Loaded esvio_folder: /tmp/esvio_cfg/[0m
[0m[INFO] [1782558320.940295011]: Rrl_event: 
   0.99968  0.0200383  0.0154395
-0.0200188   0.999799 -0.0014144
-0.0154648 0.00110486    0.99988[0m
[0m[INFO] [1782558320.940306466]: Trl_event: 
 -0.170177 0.00146904 0.00486952[0m
[0m[INFO] [1782558320.940315307]: reading paramerter of camera /tmp/esvio_cfg//event0_esvio.yaml[0m
[0m[INFO] [1782558320.948173902]: reading paramerter of camera /tmp/esvio_cfg//event1_esvio.yaml[0m
327.485       0     320
      0 327.554     240
      0       0       1
[33m[WARN] [1782558338.508639823]: gyroscope bias initial calibration -0.00117627   0.0033219 0.000652346[0m
[33m[WARN] [1782558338.510527806]: estimated scale: -0.002775[0m
[33m[WARN] [1782558338.510578490]:  result g     9.69114 -1.82355 -8.34287 -4.58141[0m
[33m[WARN] [1782558339.170987729]: gyroscope bias initial calibration  0.000147226 -0.000822545  -0.00364284[0m
[33m[WARN] [1782558339.173042719]: estimated scale: -0.003971[0m
[33m[WARN] [1782558339.173081266]:  result g     9.69321 -1.80173 -8.32882 -4.61982[0m
[33m[WARN] [1782558339.258590209]: gyroscope bias initial calibration -0.000986689   0.00121432   -0.0057773[0m
[33m[WARN] [1782558339.260659951]: estimated scale: -0.002844[0m
[33m[WARN] [1782558339.260680135]:  result g     9.69287 -1.79716 -8.32832  -4.6218[0m
[0m[INFO] [1782558320.914295687]: Extrinsic_R2 : 
 0.0144479  0.0110884   0.999834
 -0.999779  0.0154503  0.0142757
-0.0152894  -0.999819  0.0113092[0m
[0m[INFO] [1782558320.914306230]: Extrinsic_T2 : 
  0.142001 -0.0914988  -0.014918[0m
[0m[INFO] [1782558320.914324963]: Rrl: 
   0.999685    0.024912 -0.00309425
 -0.0249159    0.999689 -0.00124826
 0.00306219  0.00132497    0.999994[0m
[0m[INFO] [1782558320.914334468]: Trl: 
 -0.171154 0.00323261 0.00407665[0m
[0m[INFO] [1782558320.914486518]: Loaded esvio_folder: /tmp/esvio_cfg/[0m
[0m[INFO] [1782558320.914515637]: Extrinsic_R2_event : 
  0.0270726   0.0202015    0.999429
  -0.999633   0.0014471   0.0270488
-0.00089984   -0.999795   0.0202332[0m
[0m[INFO] [1782558320.914526482]: Extrinsic_T2_event : 
  0.128785 -0.0909398  0.0263033[0m
[0m[INFO] [1782558320.914545257]: Rrl_event: 
   0.99968  0.0200383  0.0154395
-0.0200188   0.999799 -0.0014144
-0.0154648 0.00110486    0.99988[0m
[0m[INFO] [1782558320.914554512]: Trl_event: 
 -0.170177 0.00146904 0.00486952[0m
[0m[INFO] [1782558320.914704830]: Loaded esvio_folder: /tmp/esvio_cfg/[0m
[0m[INFO] [1782558320.914718025]: Synchronized sensors, fix time offset: 0.00839259[0m
[0m[INFO] [1782558320.914729170]: estimator.cpp: reading paramerter of camera /tmp/esvio_cfg/cam0_esvio.yaml[0m
[0m[INFO] [1782558320.914844273]: estimator.cpp: reading paramerter of camera /tmp/esvio_cfg/cam1_esvio.yaml[0m
[0m[INFO] [1782558320.914896300]: estimator.cpp: reading paramerter of camera /tmp/esvio_cfg/event0_esvio.yaml[0m
[0m[INFO] [1782558320.914942521]: estimator.cpp: reading paramerter of camera /tmp/esvio_cfg/event1_esvio.yaml[0m
[0m[INFO] [1782558336.567757033]: esvio Not enough features or parallax; Move device around[0m
[0m[INFO] [1782558336.567849911]: evio Not enough features or parallax; Move device around[0m
[0m[INFO] [1782558336.981444307]: esvio Not enough features or parallax; Move device around[0m
[0m[INFO] [1782558336.981544499]: evio Not enough features or parallax; Move device around[0m
[0m[INFO] [1782558337.230236189]: esvio IMU excitation not enouth![0m
[0m[INFO] [1782558337.230543002]: esvio Not enough features or parallax; Move device around[0m
[0m[INFO] [1782558337.230571433]: evio IMU excitation not enough![0m
[0m[INFO] [1782558337.230645394]: evio Not enough features or parallax; Move device around[0m
[0m[INFO] [1782558337.651592131]: esvio IMU excitation not enouth![0m
[0m[INFO] [1782558337.651954057]: esvio Not enough features or parallax; Move device around[0m
[0m[INFO] [1782558337.652042214]: evio Not enough features or parallax; Move device around[0m
[0m[INFO] [1782558337.894831711]: esvio Not enough features or parallax; Move device around[0m
[0m[INFO] [1782558337.894956935]: evio Not enough features or parallax; Move device around[0m
[0m[INFO] [1782558338.469046949]: esvio Not enough features or parallax; Move device around[0m
[0m[INFO] [1782558338.470281431]: average_parallax 33.144718 choose l 0 and newest frame to triangulate the whole structure[0m
[0m[INFO] [1782558338.504113137]: global SFM success![0m
[0m[INFO] [1782558338.510590669]: misalign visual structure with IMU[0m
[0m[INFO] [1782558339.130845261]: esvio Not enough features or parallax; Move device around[0m
[0m[INFO] [1782558339.131986379]: average_parallax 55.080703 choose l 0 and newest frame to triangulate the whole structure[0m
[0m[INFO] [1782558339.167393039]: global SFM success![0m
[0m[INFO] [1782558339.173093135]: misalign visual structure with IMU[0m
[0m[INFO] [1782558339.216328904]: esvio Not enough features or parallax; Move device around[0m
[0m[INFO] [1782558339.217544311]: average_parallax 62.521637 choose l 0 and newest frame to triangulate the whole structure[0m
[0m[INFO] [1782558339.255069129]: global SFM success![0m
[0m[INFO] [1782558339.260687627]: misalign visual structure with IMU[0m
[0m[INFO] [1782558339.712177131]: esvio Not enough features or parallax; Move device around[0m
[0m[INFO] [1782558339.714095979]: average_parallax 85.091480 choose l [33m[WARN] [1782558339.746983442]: gyroscope bias initial calibration 0.000462566 -0.00172308   0.0102484[0m
[33m[WARN] [1782558339.749299134]: estimated scale: -0.006704[0m
[33m[WARN] [1782558339.749334145]:  result g     9.69318 -1.81019 -8.36768 -4.54563[0m
[33m[WARN] [1782558340.232272747]: gyroscope bias initial calibration 1.48716e-05  0.00108912  0.00430129[0m
[33m[WARN] [1782558340.234432166]: estimated scale: -0.008832[0m
[33m[WARN] [1782558340.234451199]:  result g     9.69216 -1.80367 -8.42855 -4.43218[0m
[33m[WARN] [1782558340.454650407]: gyroscope bias initial calibration -0.000170205   0.00115413  0.000230243[0m
[33m[WARN] [1782558340.457250683]: estimated scale: -0.009738[0m
[33m[WARN] [1782558340.457274172]:  result g     9.68988 -1.75705 -8.43595 -4.43185[0m
[33m[WARN] [1782558341.095814395]: gyroscope bias initial calibration -0.00662568   0.0047921   0.0155946[0m
[33m[WARN] [1782558341.098064514]: estimated scale: -0.016763[0m
[33m[WARN] [1782558341.098089052]:  result g     9.69704 -1.52305 -8.44276 -4.52026[0m
[33m[WARN] [1782558341.484580707]: ---------------5points----------------[0m
[33m[WARN] [1782558341.484623822]: input points 137 2D inliers 3D inliers 39[0m
[33m[WARN] [1782558341.574446263]: gyroscope bias initial calibration -0.00138417 0.000101815 -0.00141157[0m
[33m[WARN] [1782558489.502822723]: Shutdown request received.[0m
[33m[WARN] [1782558489.503464897]: Reason given for shutdown: [user request][0m
[33m[WARN] [1782558489.504186578]: Shutdown request received.[0m
[33m[WARN] [1782558489.504214851]: Reason given for shutdown: [user request][0m
[33m[WARN] [1782558489.504560449]: Shutdown request received.[0m
[33m[WARN] [1782558489.504588586]: Reason given for shutdown: [user request][0m
[33m[WARN] [1782558489.504934461]: Shutdown request received.[0m
[33m[WARN] [1782558489.504961204]: Reason given for shutdown: [user request][0m
terminate called without an active exception
