[93mInitialized new /root/.evo/settings.json[39m
Calibration information directory: /catkin_ws/src/SDEVO/image_representation/calib/vector
Configuration file directory: /catkin_ws/src/SDEVO/DEVO/config/evaluation/eval_vector.yaml
Weights file directory: /catkin_ws/src/SDEVO/DEVO/DEVO.pth
Base line: 0.17000000000000004
Intrinsics: tensor([347.0000, 347.0000, 312.5000, 233.5000], device='cuda:0',
       dtype=torch.float16)
BUFFER_SIZE: 4096
GRADIENT_BIAS: False
KEYFRAME_INDEX: 4
KEYFRAME_THRESH: 15.0
MAX_DEPTH: 1000.0
MIN_DEPTH: 0.1
MIXED_PRECISION: True
MOTION_DAMPING: 0.5
MOTION_MODEL: DAMPED_LINEAR
NORM: std
OPTIMIZATION_WINDOW: 10
PATCHES_PER_FRAME: 96
PATCH_LIFETIME: 10
PATCH_SELECTOR: scorer
REMOVAL_WINDOW: 10
SCORER_EVAL_MODE: multi
SCORER_EVAL_USE_GRID: True
SEARCH_RANGE: 100
baseline: 0.17000000000000004
save_traj_dir: /catkin_ws/src/SDEVO/DEVO/output/poses_tum_format.txt
Loading from /catkin_ws/src/SDEVO/DEVO/DEVO.pth
DEVO initialized
n:  0
skip voxel at 1642644847047132.8 due to lack of events!
n:  0
skip voxel at 1642644847148580.5 due to lack of events!
n:  0
skip voxel at 1642644847247298.8 due to lack of events!
n:  0
skip voxel at 1642644847348256.5 due to lack of events!
n:  0
skip voxel at 1642644847448795.5 due to lack of events!
n:  0
skip voxel at 1642644847550300.5 due to lack of events!
n:  0
skip voxel at 1642644847647281.8 due to lack of events!
n:  0
skip voxel at 1642644847747228.5 due to lack of events!
n:  0
skip voxel at 1642644847847160.5 due to lack of events!
n:  0
skip voxel at 1642644847947132.5 due to lack of events!
n:  0
n:  1
n:  1
n:  2
n:  3
n:  4
n:  4
n:  5
n:  6
n:  7
n:  8
n:  8
n:  8
n:  8
n:  8
n:  8
n:  8
n:  8
n:  8
n:  8
n:  8
n:  8
n:  8
n:  8
n:  8
n:  8
n:  8
n:  8
n:  8
n:  8
n:  8
n:  8
n:  8
