[0m[INFO] [1782559631.065861989]: init begins[0m
[0m[INFO] [1782559631.069241036]: Loaded config_file: /tmp/esvio_cfg/esvio.yaml[0m
result path /home/cpy/Datasets/output/esvio_result_no_loop.csv
[33m[WARN] [1782559631.069983233]:  fix extrinsic param [0m
[0m[INFO] [1782559631.069965808]: ROW_Image: 1024.000000 COL_Image: 1224.000000 [0m
[0m[INFO] [1782559631.069976562]: ROW_Event: 480.000000 COL_EVENT: 640.000000 [0m
[0m[INFO] [1782559631.070019971]: give an T to the extrinsic of cam [0m
[0m[INFO] [1782559631.070026018]: give an T to the extrinsic of event [0m
[0m[INFO] [1782559631.070047206]: Extrinsic_R : 
  0.0172486   0.0128346    0.999769
  -0.999804 -0.00952696   0.0173715
 0.00974772   -0.999872   0.0126678[0m
[0m[INFO] [1782559631.070064080]: Extrinsic_T : 
 0.143665 0.0796728 -0.015555[0m
[0m[INFO] [1782559631.070079605]: Extrinsic_R_event : 
 0.0112035  0.0218441   0.999699
  -0.99976 -0.0185542  0.0116097
 0.0188022  -0.999589   0.021631[0m
[0m[INFO] [1782559631.070088694]: Extrinsic_T_event : 
 0.129075 0.0793087 0.0250862[0m
[0m[INFO] [1782559631.070992398]: parameters.cpp: gravity_norm: 1.000000[0m
parameters.cpp: Not use sampson model
parameters.cpp: Yes use geometric correction
[33m[WARN] [1782559631.071773548]: waiting for event, image and imu...[0m
[33m[WARN] [1782559631.093574928]: into event point feature detection and tracking[0m
[33m[WARN] [1782559631.098019134]: into stereo image feature detection and tracking[0m
vocabulary_file/catkin_ws_dvs/src/ESVIO/pose_graph/support_files/brief_k10L6.bin
loop start load vocabulary
BRIEF_PATTERN_FILE/catkin_ws_dvs/src/ESVIO/pose_graph/support_files/brief_pattern.yml
Failed to create folder  
[0m[INFO] [1782559631.096823842]: Loaded config_file: /tmp/esvio_cfg/esvio.yaml[0m
[0m[INFO] [1782559631.097809310]: Loaded esvio_folder: /tmp/esvio_cfg/[0m
[0m[INFO] [1782559631.097879381]: Rrl_event: 
   0.99968  0.0200383  0.0154395
-0.0200188   0.999799 -0.0014144
-0.0154648 0.00110486    0.99988[0m
[0m[INFO] [1782559631.097890752]: Trl_event: 
 -0.170177 0.00146904 0.00486952[0m
[0m[INFO] [1782559631.097900147]: reading paramerter of camera /tmp/esvio_cfg//event0_esvio.yaml[0m
[0m[INFO] [1782559631.106045134]: reading paramerter of camera /tmp/esvio_cfg//event1_esvio.yaml[0m
327.485       0     320
      0 327.554     240
      0       0       1
[33m[WARN] [1782559650.990027341]: event stream discontinue! reset the event feature tracker![0m
[0m[INFO] [1782559631.071023700]: Extrinsic_R2 : 
 0.0144479  0.0110884   0.999834
 -0.999779  0.0154503  0.0142757
-0.0152894  -0.999819  0.0113092[0m
[0m[INFO] [1782559631.071034816]: Extrinsic_T2 : 
  0.142001 -0.0914988  -0.014918[0m
[0m[INFO] [1782559631.071058678]: Rrl: 
   0.999685    0.024912 -0.00309425
 -0.0249159    0.999689 -0.00124826
 0.00306219  0.00132497    0.999994[0m
[0m[INFO] [1782559631.071091967]: Trl: 
 -0.171154 0.00323261 0.00407665[0m
[0m[INFO] [1782559631.071258213]: Loaded esvio_folder: /tmp/esvio_cfg/[0m
[0m[INFO] [1782559631.071281630]: Extrinsic_R2_event : 
  0.0270726   0.0202015    0.999429
  -0.999633   0.0014471   0.0270488
-0.00089984   -0.999795   0.0202332[0m
[0m[INFO] [1782559631.071291083]: Extrinsic_T2_event : 
  0.128785 -0.0909398  0.0263033[0m
[0m[INFO] [1782559631.071308866]: Rrl_event: 
   0.99968  0.0200383  0.0154395
-0.0200188   0.999799 -0.0014144
-0.0154648 0.00110486    0.99988[0m
[0m[INFO] [1782559631.071317701]: Trl_event: 
 -0.170177 0.00146904 0.00486952[0m
[0m[INFO] [1782559631.071485132]: Loaded esvio_folder: /tmp/esvio_cfg/[0m
[0m[INFO] [1782559631.071498457]: Synchronized sensors, fix time offset: 0.00839259[0m
[0m[INFO] [1782559631.071510367]: estimator.cpp: reading paramerter of camera /tmp/esvio_cfg/cam0_esvio.yaml[0m
[0m[INFO] [1782559631.071627533]: estimator.cpp: reading paramerter of camera /tmp/esvio_cfg/cam1_esvio.yaml[0m
[0m[INFO] [1782559631.071679465]: estimator.cpp: reading paramerter of camera /tmp/esvio_cfg/event0_esvio.yaml[0m
[0m[INFO] [1782559631.071726414]: estimator.cpp: reading paramerter of camera /tmp/esvio_cfg/event1_esvio.yaml[0m
[0m[INFO] [1782559649.408365522]: esvio Not enough features or parallax; Move device around[0m
[0m[INFO] [1782559649.408584298]: evio Not enough features or parallax; Move device around[0m
[0m[INFO] [1782559649.788882866]: esvio Not enough features or parallax; Move device around[0m
[0m[INFO] [1782559649.788975625]: evio Not enough features or parallax; Move device around[0m
[0m[INFO] [1782559650.057495672]: esvio Not enough features or parallax; Move device around[0m
[0m[INFO] [1782559650.057603950]: evio Not enough features or parallax; Move device around[0m
[0m[INFO] [1782559650.727471363]: esvio Not enough features or parallax; Move device around[0m
[0m[INFO] [1782559650.727552757]: evio Not enough features or parallax; Move device around[0m
[0m[INFO] [1782559651.031097763]: esvio Not enough features or parallax; Move device around[0m
[0m[INFO] [1782559651.031199799]: evio Not enough features or parallax; Move device around[0m
[0m[INFO] [1782559651.700213155]: esvio Not enough features or parallax; Move device around[0m
[0m[INFO] [1782559651.702434983]: average_parallax 51.076979 choose l 7 and newest frame to triangulate the whole structure[0m
unstable features tracking, please slowly move you device!
[0m[INFO] [1782559651.702864035]: global SFM failed![0m
[0m[INFO] [1782559652.028678790]: esvio Not enough features or parallax; Move device around[0m
[0m[INFO] [1782559652.030419822]: average_parallax 34.772804 choose l 8 and newest frame to triangulate the whole structure[0m
unstable features tracking, please slowly move you device!
[0m[INFO] [1782559652.031025585]: global SFM failed![0m
[0m[INFO] [1782559652.387108233]: esvio Not enough features or parallax; Move device around[0m
[0m[INFO] [1782559652.387218584]: evio Not enough features or parallax; Move device around[0m
[0m[INFO] [1782559652.803706552]: esvio Not enough features or parallax; Move device around[0m
[0m[INFO] [1782559652.821548605]: average_parallax 36.051793 choose l 9 and newest frame to triangulate the whole structure[0m
unstable features tracking, please slowly move you device!
[0m[INFO] [1782559652.822067522]: global SFM failed![0m
[0m[INFO] [1782559654.730212724]: esvio Not enough features or parallax; Move device around[0m
[0m[INFO] [1782559654.730464026]: evio Not enough features or parallax; Move device around[0m
[0m[INFO] [1782559654.911493397]: esvio Not [33m[WARN] [1782559660.018975406]: event stream discontinue! reset the event feature tracker![0m
enough features or parallax; Move device around[0m
[0m[INFO] [1782559654.914485990]: average_parallax 70.539640 choose l 8 and newest frame to triangulate the whole structure[0m
unstable features tracking, please slowly move you device!
[0m[INFO] [1782559654.914875327]: global SFM failed![0m
[0m[INFO] [1782559656.285855097]: esvio Not enough features or parallax; Move device around[0m
[0m[INFO] [1782559656.286270659]: evio Not enough features or parallax; Move device around[0m
[0m[INFO] [1782559656.538914558]: esvio Not enough features or parallax; Move device around[0m
[0m[INFO] [1782559656.539296354]: evio Not enough features or parallax; Move device around[0m
[0m[INFO] [1782559656.712411531]: esvio Not enough features or parallax; Move device around[0m
[0m[INFO] [1782559656.717510937]: average_parallax 33.083226 choose l 8 and newest frame to triangulate the whole structure[0m
unstable features tracking, please slowly move you device!
unstable features tracking, please slowly move you device!
[0m[INFO] [1782559656.718073289]: global SFM failed![0m
[0m[INFO] [1782559657.437878345]: esvio Not enough features or parallax; Move device around[0m
[0m[INFO] [1782559657.439999982]: evio Not enough features or parallax; Move device around[0m
[0m[INFO] [1782559657.795709785]: esvio Not enough features or parallax; Move device around[0m
[0m[INFO] [1782559657.795815433]: evio Not enough features or parallax; Move device around[0m
[0m[INFO] [1782559658.242083231]: esvio Not enough features or parallax; Move device around[0m
[0m[INFO] [1782559658.242175121]: evio Not enough features or parallax; Move device around[0m
[0m[INFO] [1782559658.544246583]: esvio Not enough features or parallax; Move device around[0m
[0m[INFO] [1782559658.544468462]: evio Not enough features or parallax; Move device around[0m
[0m[INFO] [1782559658.803131648]: esvio Not enough features or parallax; Move device around[0m
[0m[INFO] [1782559658.803265329]: evio Not enough features or parallax; Move device around[0m
[0m[INFO] [1782559659.527130461]: esvio Not enough features or parallax; Move device around[0m
[0m[INFO] [1782559659.527221579]: evio Not enough features or parallax; Move device around[0m
[0m[INFO] [1782559659.918542187]: esvio Not enough features or parallax; Move device around[0m
[0m[INFO] [1782559659.919727930]: average_parallax 48.199066 choose l 8 and newest frame to triangulate the whole structure[0m
unstable features tracking, please slowly move you device!
unstable features tracking, please slowly move you device!
[0m[INFO] [1782559659.920098545]: global SFM failed![0m
[0m[INFO] [1782559660.549466291]: esvio Not enough features or parallax; Move device around[0m
[0m[INFO] [1782559660.554532067]: evio Not enough features or parallax; Move device around[0m
[0m[INFO] [1782559660.600803681]: esvio Not enough features or parallax; Move device around[0m
[0m[INFO] [1782559660.600905731]: evio Not enough features or parallax; Move device around[0m
[0m[INFO] [1782559660.851119032]: esvio Not enough features or parallax; Move device around[0m
[0m[INFO] [1782559660.853653067]: average_parallax 30.031675 choose l 9 and newest frame to triangulate the whole structure[0m
unstable features tracking, please slowly move you device!
[0m[INFO] [1782559660.853787119]: global SFM failed![0m
[0m[INFO] [1782559661.456758716]: esvio Not enough features or parallax; Move device around[0m
[0m[INFO] [1782559661.462162701]: average_parallax 59.211339 choose l 7 and newest frame to triangulate the whole structure[0m
unstable features tracking, please slowly move you device!
[0m[INFO] [1782559661.462864639]: global SFM failed![0m
[0m[INFO] [1782559661.536217864]: esvio Not enough features or parallax; Move device around[0m
[0m[INFO] [1782559661.536350379]: evio Not enough features or parallax; Move device around[0m
[0m[INFO] [1782559662.275520568]: esvio Not enough features or parallax; Move device around[0m
[0m[INFO] [1782559662.275626950]: evio Not enough features or parallax; Move device around[0m
[0m[INFO] [1782559662.522415542]: esvio Not enough features or parallax; Move device around[0m
[0m[INFO] [1782559662.522521961]: evio Not enough features or parallax; Move device around[0m
[0m[INFO] [1782559663.331100533]: esvio Not enough features or parallax; Move device around[0m
[0m[INFO] [1782559663.331279940]: evio Not enough features or parallax; Move device around[0m
[0m[INFO] [1782559664.108734263]: esvio Not enough features or parallax; Move device around[0m
[0m[INFO] [1782559664.108898764]: evio Not enough features or parallax; Move device around[0m
[0m[INFO] [1782559664.286776422]: esvio Not enough features or parallax; Move device around[0m
[0m[INFO] [1782559664.286931571]: evio Not enough features or parallax; Move device around[0m
[0m[INFO] [1782559664.555549461]: esvio Not enough features or parallax; Move device around[0m
[0m[INFO] [1782559664.555672997]: evio Not enough features or parallax; Move device around[0m
[0m[INFO] [1782559665.079817836]: esvio Not enough features or parallax; Move device around[0m
[0m[INFO] [1782559665.079927419]: evio Not enough features or parallax; Move device around[0m
[0m[INFO] [1782559665.471533155]: esvio Not enough features or parallax; Move device around[0m
[0m[INFO] [1782559665.471922737]: evio Not enough features or parallax; Move device around[0m
[0m[INFO] [1782559665.776724662]: esvio Not enough features or parallax; Move device around[0m
[0m[INFO] [1782559665.778794723]: average_parallax 68.457291 choose l 9 and newest frame to triangulate the whole structure[0m
unstable features tracking, please slowly move you device!
unstable features tracking, please slowly move you device!
unstable features tracking, please slowly move you device!
[0m[INFO] [1782559665.779499450]: global SFM failed![0m
[0m[INFO] [1782559666.333315083]: esvio Not enough features or parallax; Move device around[0m
[0m[INFO] [1782559666.333389653]: evio Not enough features or parallax; Move device around[0m
[0m[INFO] [1782559666.699852999]: esvio Not enough features or parallax; Move device around[0m
[0m[INFO] [1782559666.707825864]: average_parallax 37.253906 choose l 9 and newest frame to triangulate the whole structure[0m
unstable features tracking, please slowly move you device!
[0m[INFO] [1782559666.707978428]: global SFM failed![0m
[0m[INFO] [1782559667.133765686]: esvio Not enough features or parallax; Move device around[0m
[0m[INFO] [1782559667.134905800]: average_parallax 39.734990 choose l 8 and newest frame to triangulate the whole structure[0m
unstable features tracking, please slowly move you device!
[0m[INFO] [1782559667.135231613]: global SFM failed![0m
[0m[INFO] [1782559667.428540282]: esvio Not enough features or parallax; Move device around[0m
[0m[INFO] [1782559667.428641271]: evio Not enough features or parallax; Move device around[0m
[0m[INFO] [1782559668.052242362]: esvio Not enough features or parallax; Move device around[0m
[0m[INFO] [1782559668.052381676]: evio Not enough features or parallax; Move device around[0m
[0m[INFO] [1782559668.491910503]: esvio Not enough features or parallax; Move device around[0m
[0m[INFO] [1782559668.492988747]: average_parallax 53.685935 choose l 9 and newest frame to triangulate the whole structure[0m
unstable features tracking, please slowly move you device!
[0m[INFO] [1782559668.493085793]: global SFM failed![0m
[0m[INFO] [1782559668.760216967]: esvio Not enough features or parallax; Move device around[0m
[0m[INFO] [1782559668.762983237]: average_parallax 42.977559 choose l 8 and newest frame to triangulate the whole structure[0m
unstable features tracking, please slowly move you device!
unstable features tracking, please slowly move you device!
[0m[INFO] [1782559668.763344029]: global SFM failed![0m
[0m[INFO] [1782559669.394424483]: esvio Not enough features or parallax; Move device around[0m
[0m[INFO] [1782559669.395762226]: average_parallax 47.262366 choose l 7 and newest frame to triangulate the whole structure[0m
unstable features tracking, please slowl[33m[WARN] [1782559672.377019472]: ---------------5points----------------[0m
[33m[WARN] [1782559672.377059124]: input points 59 2D inliers 3D inliers 14[0m
WARNING: Logging before InitGoogleLogging() is written to STDERR
W0627 11:27:53.581194   219 levenberg_marquardt_strategy.cc:114] Linear solver failure. Failed to compute a step: Eigen failure. Unable to perform dense Cholesky factorization.
W0627 11:27:53.581800   219 levenberg_marquardt_strategy.cc:114] Linear solver failure. Failed to compute a step: Eigen failure. Unable to perform dense Cholesky factorization.
W0627 11:27:53.584551   219 levenberg_marquardt_strategy.cc:114] Linear solver failure. Failed to compute a step: Eigen failure. Unable to perform dense Cholesky factorization.
W0627 11:27:53.585134   219 levenberg_marquardt_strategy.cc:114] Linear solver failure. Failed to compute a step: Eigen failure. Unable to perform dense Cholesky factorization.
W0627 11:27:53.587896   219 levenberg_marquardt_strategy.cc:114] Linear solver failure. Failed to compute a step: Eigen failure. Unable to perform dense Cholesky factorization.
W0627 11:27:53.588438   219 levenberg_marquardt_strategy.cc:114] Linear solver failure. Failed to compute a step: Eigen failure. Unable to perform dense Cholesky factorization.
W0627 11:27:53.593982   219 levenberg_marquardt_strategy.cc:114] Linear solver failure. Failed to compute a step: Eigen failure. Unable to perform dense Cholesky factorization.
W0627 11:27:53.599529   219 levenberg_marquardt_strategy.cc:114] Linear solver failure. Failed to compute a step: Eigen failure. Unable to perform dense Cholesky factorization.
W0627 11:27:53.602346   219 levenberg_marquardt_strategy.cc:114] Linear solver failure. Failed to compute a step: Eigen failure. Unable to perform dense Cholesky factorization.
y move you device!
unstable features tracking, please slowly move you device!
[0m[INFO] [1782559669.397019571]: global SFM failed![0m
[0m[INFO] [1782559669.829849901]: esvio Not enough features or parallax; Move device around[0m
[0m[INFO] [1782559669.831072071]: average_parallax 64.830547 choose l 5 and newest frame to triangulate the whole structure[0m
unstable features tracking, please slowly move you device!
unstable features tracking, please slowly move you device!
[0m[INFO] [1782559669.832121534]: global SFM failed![0m
[0m[INFO] [1782559670.213549672]: esvio Not enough features or parallax; Move device around[0m
[0m[INFO] [1782559670.219485095]: average_parallax 55.861462 choose l 9 and newest frame to triangulate the whole structure[0m
unstable features tracking, please slowly move you device!
unstable features tracking, please slowly move you device!
[0m[INFO] [1782559670.220931929]: global SFM failed![0m
[0m[INFO] [1782559670.598506039]: esvio Not enough features or parallax; Move device around[0m
[0m[INFO] [1782559670.602826236]: average_parallax 79.245550 choose l 8 and newest frame to triangulate the whole structure[0m
unstable features tracking, please slowly move you device!
unstable features tracking, please slowly move you device!
[0m[INFO] [1782559670.604520585]: global SFM failed![0m
[0m[INFO] [1782559671.442540016]: esvio Not enough features or parallax; Move device around[0m
[0m[INFO] [1782559671.444366150]: average_parallax 54.516734 choose l 8 and newest frame to triangulate the whole structure[0m
unstable features tracking, please slowly move you device!
[0m[INFO] [1782559671.445569935]: global SFM failed![0m
[0m[INFO] [1782559671.805369426]: esvio Not enough features or parallax; Move device around[0m
[0m[INFO] [1782559671.805560194]: evio Not enough features or parallax; Move device around[0m
[0m[INFO] [1782559671.998521690]: esvio Not enough features or parallax; Move device around[0m
[0m[INFO] [1782559672.000237157]: average_parallax 38.753817 choose l 8 and newest frame to triangulate the whole structure[0m
unstable features tracking, please slowly move you device!
unstable features tracking, please slowly move you device!
[0m[INFO] [1782559672.001008586]: global SFM failed![0m
unstable features tracking, please slowly move you device!
unstable features tracking, please slowly move you device!
[0m[INFO] [1782559672.385351790]: average_parallax 57.637523 choose l 6 and newest frame to triangulate the whole structure[0m
unstable features tracking, please slowly move you device!
unstable features tracking, please slowly move you device!
[0m[INFO] [1782559672.386595319]: global SFM failed![0m
[0m[INFO] [1782559672.877831689]: esvio Not enough features or parallax; Move device around[0m
[0m[INFO] [1782559672.881003526]: average_parallax 55.041761 choose l 4 and newest frame to triangulate the whole structure[0m
unstable features tracking, please slowly move you device!
unstable features tracking, please slowly move you device!
[0m[INFO] [1782559672.882316878]: global SFM failed![0m
[0m[INFO] [1782559673.536228235]: esvio Not enough features or parallax; Move device around[0m
[0m[INFO] [1782559673.539480440]: average_parallax 58.041981 choose l 2 and newest frame to triangulate the whole structure[0m
[0m[INFO] [1782559673.602755670]: global SFM failed![0m
[0m[INFO] [1782559674.170365173]: esvio Not enough features or parallax; Move device around[0m
[0m[INFO] [1782559674.173484392]: average_parallax 31.535850 choose l 5 and newest frame to triangulate the whole structure[0m
[0m[INFO] [1782559674.241745936]: global SFM failed![0m
[0m[INFO] [1782559675.168998959]: esvio Not enough features or parallax; Move device around[0m
[0m[INFO] [1782559675.183989358]: evio Not enough features or parallax; Move device around[0m
[0m[INFO] [1782559675.502896243]: esvio Not enough features or parallax; Move device around[0m
[0m[INFO] [1782559675.503406271]: average_parallax 36.384939 choose l 9 and newest frame to triangulate the whole structure[0m
unstable features tracking, please slowly move you device!
unstable features tracking, please slowly move you device!
[0m[INFO] [1782559675.504010931]: global SFM failed![0m
[0m[INFO] [1782559675.719584566]: esvio Not enough features or parallax; Move device around[0m
[0m[INFO] [1782559675.720387940]: average_parallax 41.141775 choose l 8 and newest frame to triangulate the whole structure[0m
unstable features tracking, please slowly move you device!
unstable features tracking, please slowly move you device!
[0m[INFO] [1782559675.721150111]: global SFM failed![0m
[0m[INFO] [1782559676.637285550]: esvio Not enough features or parallax; Move device around[0m
[0m[INFO] [1782559676.637537545]: evio Not enough features or parallax; Move device around[0m
[0m[INFO] [1782559676.673393730]: esvio Not enough features or parallax; Move device around[0m
[0m[INFO] [1782559676.673537440]: evio Not enough features or parallax; Move device around[0m
[0m[INFO] [1782559677.295636709]: esvio Not enough features or parallax; Move device around[0m
[0m[INFO] [1782559677.296343851]: evio Not enough features or parallax; Move device around[0m
[0m[INFO] [1782559677.387746225]: esvio Not enough features or parallax; Move device around[0m
[0m[INFO] [1782559677.387862939]: evio Not enough features or parallax; Move device around[0m
[0m[INFO] [1782559677.748818296]: esvio Not enough features or parallax; Move device around[0m
[0m[INFO] [1782559677.749887823]: average_parallax 31.982562 choose l 9 and newest frame to triangulate the whole structure[0m
unstable features tracking, please slowly move you device!
[0m[INFO] [1782559677.749951284]: global SFM failed![0m
[0m[INFO] [1782559678.288726022]: esvio Not enough features or parallax; Move device around[0m
[0m[INFO] [1782559678.288832891]: evio Not enough features or parallax; Move device around[0m
[0m[INFO] [1782559678.546759647]: esvio Not enough features or parallax; Move device around[0m
[0m[INFO] [1782559678.547324334]: average_parallax 42.862052 choose l 8 and newest frame to triangulate the whole structure[0m
unstable features tracking, please slowly move you device!
unstable features tracking, please slowly move you device!
unstable features tracking, please slowly move you device!
[0m[INFO] [1782559678.547797686]: global SFM failed![0m
[0m[INFO] [1782559679.051399660]: esvio Not enough features or parallax; Move device around[0m
[0m[INFO] [1782559679.059511310]: average_parallax 30.111176 choose l 9 and newest frame to triangulate the whole structure[0m
unstable features tracking, please slowly move you device!
unstable features tracking, please slowly move you device!
[0m[INFO] [1782559679.060142362]: global SFM failed![0m
[0m[INFO] [1782559679.261852850]: esvio Not enough features or parallax; Move device around[0m
[0m[INFO] [1782559679.262123095]: evio Not enough features or parallax; Move device around[0m
[0m[INFO] [1782559680.049496792]: esvio Not enough features or parallax; Move device around[0m
[0m[INFO] [1782559680.050859700]: evio Not enough features or parallax; Move device around[0m
[0m[INFO] [1782559680.188439896]: esvio Not enough features or parallax; Move device around[0m
[0m[INFO] [1782559680.188578646]: evio Not enough features or parallax; Move device around[0m
[0m[INFO] [1782559680.676747381]: esvio Not enough features or parallax; Move device around[0m
[0m[INFO] [1782559680.676923523]: evio Not enough features or parallax; Move device around[0m
[0m[INFO] [1782559680.998884158]: esvio Not enough features or parallax; Move device around[0m
[0m[INFO] [1782559681.004201772]: average_parallax 31.570838 choose l 8 and newest frame to triangulate the whole structure[0m
unstable features tracking, please slowly move you device!
[0m[INFO] [1782559681.005038019]: global SFM failed![0m
[0m[INFO] [1782559681.523258836]: esvio Not enough features or parallax; Move device around[0m
[0m[INFO] [1782559681.530887333]: evio Not enough features or parallax; Move device around[0m
[0m[INFO] [1782559681.753628222]: esvio Nothrow events2
throw events2
throw events2
throw events2
throw events2
throw events2
throw events2
throw events2
throw events2
throw events2
throw events2
throw events2
throw events2
throw events2
throw events2
throw events2
throw events2
throw events2
throw events2
throw events2
throw events2
throw events2
throw events2
throw events2
throw events2
throw events2
throw events2
throw events2
throw events2
throw events2
throw events2
throw events2
throw events2
throw events2
throw events2
throw events2
throw events2
throw events2
throw events2
throw events2
throw events2
throw events2
throw events2
throw events2
throw events2
throw events2
throw events2
throw events2
throw events2
throw events2
throw events2
throw events2
throw events2
throw events2
throw events2
throw events2
throw events2
throw events2
throw events2
throw events2
throw events2
throw events2
throw events2
throw events2
throw events2
throw events2
throw events2
throw events2
throw events2
throw events2
throw events2
throw events2
throw events2
throw events2
throw events2
throw events2
throw events2
throw events2
throw events2
throw events2
throw events2
throw events2
throw events2
throw events2
throw events2
throw events2
throw events2
throw events2
throw events2
throw events2
throw events2
throw events2
throw events1
throw events1
throw events1
throw events1
throw events1
throw events1
throw events1
throw events1
throw events2
throw events2
throw events2
throw events2
throw events2
throw events2
throw events2
throw events2
throw events2
throw events2
throw events2
throw events2
throw events2
throw events2
throw events2
throw events2
throw events2
throw events2
throw events2
throw events2
throw events2
throw events2
throw events2
throw events2
throw events2
throw events2
throw events2
throw events2
throw events2
throw events2
throw events2
throw events2
throw events2
throw events2
throw events2
throw events2
throw events2
throw events2
throw events2
throw events2
throw events2
throw events2
throw events2
throw events2
throw events2
throw events2
throw events2
throw events2
throw events2
throw events2
throw events2
throw events2
throw events2
throw events2
throw events2
throw events2
throw events2
throw events2
throw events2
throw events2
throw events2
throw events2
throw events2
throw events2
throw events2
throw events2
throw events2
throw events2
throw events2
throw events2
throw events2
throw events2
throw events2
throw events2
throw events2
throw events2
throw events2
throw events2
throw events2
throw events2
throw events2
throw events2
throw events2
throw events2
throw events2
throw events2
throw events2
throw events2
throw events2
throw events2
throw events2
throw events2
throw events2
throw events2
throw events2
throw events2
throw events2
throw events2
throw events2
throw events2
throw events2
throw events2
throw events2
throw events2
throw events2
throw events2
throw events2
throw events2
throw events2
throw events2
throw events2
throw events2
throw events2
throw events2
throw events2
throw events2
throw events2
throw events1
throw events1
throw events1
throw events1
throw events1
throw events1
throw events1
throw events1
throw events1
throw events1
throw events1
throw events1
throw events1
throw events1
throw events1
throw events1
throw events1
throw events1
throw events1
throw events1
throw events1
throw events1
throw events1
throw events1
throw events1
throw events1
throw events1
throw events1
throw events1
throw events1
throw events1
throw events1
throw events1
throw events1
throw events1
throw events1
throw events1
throw events1
throw events1
throw events1
throw events1
throw events1
throw events1
throw events1
throw events1
throw events1
throw events1
throw events1
throw events1
throw events1
throw events1
throw events1
throw events1
throw events1
throw events1
throw events2
throw events2
throw events2
throw events2
throw events2
throw events2
throw events2
throw events2
throw events2
throw events2
throw events2
throw events2
throw events2
throw events2
throw events1
throw events2
throw events2
throw events2
throw events2
throw events2
throw ev[33m[WARN] [1782559687.084844118]: gyroscope bias initial calibration   -0.23178 -0.0448796   0.502256[0m
[33m[WARN] [1782559687.086421546]: estimated scale: 0.012840[0m
[33m[WARN] [1782559687.086445526]:  result g     9.9637  1.12944 -7.60173  -6.3414[0m
[33m[WARN] [1782559687.086552384]:  refine     9.80766   1.1261 -7.49163 -6.22877[0m
[33m[WARN] [1782559687.086564684]: estimated scale after RefineGravity: 0.004166[0m
[33m[WARN] [1782559691.403478199]:  little feature 0[0m
[33m[WARN] [1782559695.950454664]: event stream discontinue! reset the event feature tracker![0m
[33m[WARN] [1782559706.705307495]:  little feature 0[0m
[33m[WARN] [1782559707.225297684]:  little feature 0[0m
[33m[WARN] [1782559710.000771497]:  little feature 0[0m
[33m[WARN] [1782559711.023470010]:  little feature 1[0m
[33m[WARN] [1782559732.208111050]: Shutdown request received.[0m
[33m[WARN] [1782559732.208789675]: Reason given for shutdown: [user request][0m
[33m[WARN] [1782559732.209667914]: Shutdown request received.[0m
[33m[WARN] [1782559732.209706476]: Reason given for shutdown: [user request][0m
[33m[WARN] [1782559732.210107936]: Shutdown request received.[0m
[33m[WARN] [1782559732.210150571]: Reason given for shutdown: [user request][0m
[33m[WARN] [1782559732.210533352]: Shutdown request received.[0m
[33m[WARN] [1782559732.210557865]: Reason given for shutdown: [user request][0m
terminate called without an active exception
