[0m[INFO] [1782558990.782378031]: init begins[0m
[0m[INFO] [1782558990.785708422]: Loaded config_file: /tmp/esvio_cfg/esvio.yaml[0m
result path /home/cpy/Datasets/output/esvio_result_no_loop.csv
[33m[WARN] [1782558990.786699673]:  fix extrinsic param [0m
[0m[INFO] [1782558990.786682311]: ROW_Image: 1024.000000 COL_Image: 1224.000000 [0m
[0m[INFO] [1782558990.786693083]: ROW_Event: 480.000000 COL_EVENT: 640.000000 [0m
[0m[INFO] [1782558990.786732948]: give an T to the extrinsic of cam [0m
[0m[INFO] [1782558990.786738793]: give an T to the extrinsic of event [0m
[0m[INFO] [1782558990.786760794]: Extrinsic_R : 
  0.0172486   0.0128346    0.999769
  -0.999804 -0.00952696   0.0173715
 0.00974772   -0.999872   0.0126678[0m
[0m[INFO] [1782558990.786770753]: Extrinsic_T : 
 0.143665 0.0796728 -0.015555[0m
[0m[INFO] [1782558990.786785705]: Extrinsic_R_event : 
 0.0112035  0.0218441   0.999699
  -0.99976 -0.0185542  0.0116097
 0.0188022  -0.999589   0.021631[0m
[0m[INFO] [1782558990.786794504]: Extrinsic_T_event : 
 0.129075 0.0793087 0.0250862[0m
[0m[INFO] [1782558990.788726395]: parameters.cpp: gravity_norm: 1.000000[0m
parameters.cpp: Not use sampson model
parameters.cpp: Yes use geometric correction
[33m[WARN] [1782558990.789650764]: waiting for event, image and imu...[0m
[33m[WARN] [1782558990.810540335]: into event point feature detection and tracking[0m
[33m[WARN] [1782558990.819798682]: into stereo image feature detection and tracking[0m
vocabulary_file/catkin_ws_dvs/src/ESVIO/pose_graph/support_files/brief_k10L6.bin
loop start load vocabulary
BRIEF_PATTERN_FILE/catkin_ws_dvs/src/ESVIO/pose_graph/support_files/brief_pattern.yml
Failed to create folder  
[0m[INFO] [1782558990.813225775]: Loaded config_file: /tmp/esvio_cfg/esvio.yaml[0m
[0m[INFO] [1782558990.814161504]: Loaded esvio_folder: /tmp/esvio_cfg/[0m
[0m[INFO] [1782558990.814268960]: Rrl_event: 
   0.99968  0.0200383  0.0154395
-0.0200188   0.999799 -0.0014144
-0.0154648 0.00110486    0.99988[0m
[0m[INFO] [1782558990.814302754]: Trl_event: 
 -0.170177 0.00146904 0.00486952[0m
[0m[INFO] [1782558990.814312669]: reading paramerter of camera /tmp/esvio_cfg//event0_esvio.yaml[0m
[0m[INFO] [1782558990.822172928]: reading paramerter of camera /tmp/esvio_cfg//event1_esvio.yaml[0m
327.485       0     320
      0 327.554     240
      0       0       1
[33m[WARN] [1782559009.342046216]: gyroscope bias initial calibration  -0.0166292 -0.00170381  -0.0197317[0m
[33m[WARN] [1782559009.343745669]: estimated scale: -0.002729[0m
[33m[WARN] [1782559009.343763875]:  result g     9.67734 0.286042 -9.58121 -1.33022[0m
[33m[WARN] [1782559009.738336180]: ---------------5points----------------[0m
[33m[WARN] [1782559009.738373096]: input points 124 2D inliers 3D inliers 41[0m
WARNING: Logging before InitGoogleLogging() is written to STDERR
W0627 11:16:49.847914   219 levenberg_marquardt_strategy.cc:114] Linear solver failure. Failed to compute a step: Eigen failure. Unable to perform dense Cholesky factorization.
W0627 11:16:49.849246   219 levenberg_marquardt_strategy.cc:114] Linear solver failure. Failed to compute a step: Eigen failure. Unable to perform dense Cholesky factorization.
[33m[WARN] [1782559009.857775000]: gyroscope bias initial calibration  0.0134231 0.00201536  0.0227229[0m
[0m[INFO] [1782558990.788759334]: Extrinsic_R2 : 
 0.0144479  0.0110884   0.999834
 -0.999779  0.0154503  0.0142757
-0.0152894  -0.999819  0.0113092[0m
[0m[INFO] [1782558990.788770439]: Extrinsic_T2 : 
  0.142001 -0.0914988  -0.014918[0m
[0m[INFO] [1782558990.788789487]: Rrl: 
   0.999685    0.024912 -0.00309425
 -0.0249159    0.999689 -0.00124826
 0.00306219  0.00132497    0.999994[0m
[0m[INFO] [1782558990.788798853]: Trl: 
 -0.171154 0.00323261 0.00407665[0m
[0m[INFO] [1782558990.789020546]: Loaded esvio_folder: /tmp/esvio_cfg/[0m
[0m[INFO] [1782558990.789044357]: Extrinsic_R2_event : 
  0.0270726   0.0202015    0.999429
  -0.999633   0.0014471   0.0270488
-0.00089984   -0.999795   0.0202332[0m
[0m[INFO] [1782558990.789107779]: Extrinsic_T2_event : 
  0.128785 -0.0909398  0.0263033[0m
[0m[INFO] [1782558990.789143237]: Rrl_event: 
   0.99968  0.0200383  0.0154395
-0.0200188   0.999799 -0.0014144
-0.0154648 0.00110486    0.99988[0m
[0m[INFO] [1782558990.789152393]: Trl_event: 
 -0.170177 0.00146904 0.00486952[0m
[0m[INFO] [1782558990.789377397]: Loaded esvio_folder: /tmp/esvio_cfg/[0m
[0m[INFO] [1782558990.789390351]: Synchronized sensors, fix time offset: 0.00839259[0m
[0m[INFO] [1782558990.789401214]: estimator.cpp: reading paramerter of camera /tmp/esvio_cfg/cam0_esvio.yaml[0m
[0m[INFO] [1782558990.789512436]: estimator.cpp: reading paramerter of camera /tmp/esvio_cfg/cam1_esvio.yaml[0m
[0m[INFO] [1782558990.789561622]: estimator.cpp: reading paramerter of camera /tmp/esvio_cfg/event0_esvio.yaml[0m
[0m[INFO] [1782558990.789606017]: estimator.cpp: reading paramerter of camera /tmp/esvio_cfg/event1_esvio.yaml[0m
[0m[INFO] [1782559006.654061201]: esvio Not enough features or parallax; Move device around[0m
[0m[INFO] [1782559006.660722124]: evio Not enough features or parallax; Move device around[0m
[0m[INFO] [1782559007.063542990]: esvio IMU excitation not enouth![0m
[0m[INFO] [1782559007.071713802]: esvio Not enough features or parallax; Move device around[0m
[0m[INFO] [1782559007.071739742]: evio IMU excitation not enough![0m
[0m[INFO] [1782559007.079574088]: evio Not enough features or parallax; Move device around[0m
[0m[INFO] [1782559007.305105599]: esvio IMU excitation not enouth![0m
[0m[INFO] [1782559007.313932150]: esvio Not enough features or parallax; Move device around[0m
[0m[INFO] [1782559007.313974026]: evio IMU excitation not enough![0m
[0m[INFO] [1782559007.322578007]: evio Not enough features or parallax; Move device around[0m
[0m[INFO] [1782559007.722352562]: esvio IMU excitation not enouth![0m
[0m[INFO] [1782559007.732326555]: esvio Not enough features or parallax; Move device around[0m
[0m[INFO] [1782559007.732348661]: evio IMU excitation not enough![0m
[0m[INFO] [1782559007.742345215]: evio Not enough features or parallax; Move device around[0m
[0m[INFO] [1782559008.374415509]: esvio IMU excitation not enouth![0m
[0m[INFO] [1782559008.389597413]: esvio Not enough features or parallax; Move device around[0m
[0m[INFO] [1782559008.389663973]: evio IMU excitation not enough![0m
[0m[INFO] [1782559008.404275730]: evio Not enough features or parallax; Move device around[0m
[0m[INFO] [1782559008.766296696]: esvio Not enough features or parallax; Move device around[0m
[0m[INFO] [1782559008.774322130]: evio Not enough features or parallax; Move device around[0m
[0m[INFO] [1782559009.203031607]: esvio IMU excitation not enouth![0m
[0m[INFO] [1782559009.211822025]: esvio Not enough features or parallax; Move device around[0m
[0m[INFO] [1782559009.211851523]: evio IMU excitation not enough![0m
[0m[INFO] [1782559009.213339153]: average_parallax 117.637197 choose l 0 and newest frame to triangulate the whole structure[0m
[0m[INFO] [1782559009.339787754]: global SFM success![0m
[0m[INFO] [1782559009.343771854]: misalign visual structure with IMU[0m
[0m[INFO] [1782559009.736759245]: esvio IMU excitation not enouth![0m
[0m[INFO] [1782559009.862251229]: total depth rmse: 0.655302 [0m
[0m[INFO] [1782559009.909452034]: Initialization fin[33m[WARN] [1782559116.397645615]: Shutdown request received.[0m
[33m[WARN] [1782559116.398179952]: Reason given for shutdown: [user request][0m
[33m[WARN] [1782559116.398950896]: Shutdown request received.[0m
[33m[WARN] [1782559116.398980466]: Reason given for shutdown: [user request][0m
[33m[WARN] [1782559116.399349627]: Shutdown request received.[0m
[33m[WARN] [1782559116.399377992]: Reason given for shutdown: [user request][0m
[33m[WARN] [1782559116.399710714]: Shutdown request received.[0m
[33m[WARN] [1782559116.399745530]: Reason given for shutdown: [user request][0m
