[0m[INFO] [1782557188.236029529]: init begins[0m
[0m[INFO] [1782557188.238836575]: Loaded config_file: /tmp/esvio_cfg/esvio.yaml[0m
result path /home/cpy/Datasets/output/esvio_result_no_loop.csv
[33m[WARN] [1782557188.239655777]:  fix extrinsic param [0m
[0m[INFO] [1782557188.239638323]: ROW_Image: 1024.000000 COL_Image: 1224.000000 [0m
[0m[INFO] [1782557188.239649864]: ROW_Event: 480.000000 COL_EVENT: 640.000000 [0m
[0m[INFO] [1782557188.239693704]: give an T to the extrinsic of cam [0m
[0m[INFO] [1782557188.239700135]: give an T to the extrinsic of event [0m
[0m[INFO] [1782557188.239723311]: Extrinsic_R_event : 
 0.0112035  0.0218441   0.999699
  -0.99976 -0.0185542  0.0116097
 0.0188022  -0.999589   0.021631[0m
[0m[INFO] [1782557188.239733562]: Extrinsic_T_event : 
 0.129075 0.0793087 0.0250862[0m
[0m[INFO] [1782557188.239748367]: Extrinsic_R_event : 
 0.0112035  0.0218441   0.999699
  -0.99976 -0.0185542  0.0116097
 0.0188022  -0.999589   0.021631[0m
[0m[INFO] [1782557188.239757521]: Extrinsic_T_event : 
 0.129075 0.0793087 0.0250862[0m
[0m[INFO] [1782557188.240786532]: parameters.cpp: gravity_norm: 1.000000[0m
parameters.cpp: Not use sampson model
parameters.cpp: Yes use geometric correction
[33m[WARN] [1782557188.241827577]: waiting for event, image and imu...[0m
[33m[WARN] [1782557188.264089114]: into event point feature detection and tracking[0m
[33m[WARN] [1782557188.269825198]: into stereo image feature detection and tracking[0m
vocabulary_file/catkin_ws_dvs/src/ESVIO/pose_graph/support_files/brief_k10L6.bin
loop start load vocabulary
BRIEF_PATTERN_FILE/catkin_ws_dvs/src/ESVIO/pose_graph/support_files/brief_pattern.yml
Failed to create folder  
[0m[INFO] [1782557188.266972712]: Loaded config_file: /tmp/esvio_cfg/esvio.yaml[0m
[0m[INFO] [1782557188.268162532]: Loaded esvio_folder: /tmp/esvio_cfg/[0m
[0m[INFO] [1782557188.268237387]: Rrl_event: 
   0.99968  0.0200383  0.0154395
-0.0200188   0.999799 -0.0014144
-0.0154648 0.00110486    0.99988[0m
[0m[INFO] [1782557188.268249396]: Trl_event: 
 -0.170177 0.00146904 0.00486952[0m
[0m[INFO] [1782557188.268258156]: reading paramerter of camera /tmp/esvio_cfg//event0_esvio.yaml[0m
[0m[INFO] [1782557188.276278955]: reading paramerter of camera /tmp/esvio_cfg//event1_esvio.yaml[0m
327.485       0     320
      0 327.554     240
      0       0       1
[33m[WARN] [1782557207.005276328]: gyroscope bias initial calibration -0.00907563   0.0027331 -0.00860998[0m
[33m[WARN] [1782557207.007137138]: estimated scale: -0.004913[0m
[33m[WARN] [1782557207.007156588]:  result g     9.68061  0.37801 -9.59464 -1.23056[0m
[33m[WARN] [1782557207.301101668]: ---------------5points----------------[0m
[33m[WARN] [1782557207.301215846]: input points 124 2D inliers 3D inliers 30[0m
[33m[WARN] [1782557207.354219674]: gyroscope bias initial calibration 0.00432574 0.00144856 0.00837265[0m
[0m[INFO] [1782557188.240854421]: Extrinsic_R2_event : 
  0.0270726   0.0202015    0.999429
  -0.999633   0.0014471   0.0270488
-0.00089984   -0.999795   0.0202332[0m
[0m[INFO] [1782557188.240866452]: Extrinsic_T2_event : 
  0.128785 -0.0909398  0.0263033[0m
[0m[INFO] [1782557188.240888125]: Rrl_event: 
   0.99968  0.0200383  0.0154395
-0.0200188   0.999799 -0.0014144
-0.0154648 0.00110486    0.99988[0m
[0m[INFO] [1782557188.240897851]: Trl_event: 
 -0.170177 0.00146904 0.00486952[0m
[0m[INFO] [1782557188.241232700]: Loaded esvio_folder: /tmp/esvio_cfg/[0m
[0m[INFO] [1782557188.241258781]: Extrinsic_R2_event : 
  0.0270726   0.0202015    0.999429
  -0.999633   0.0014471   0.0270488
-0.00089984   -0.999795   0.0202332[0m
[0m[INFO] [1782557188.241268602]: Extrinsic_T2_event : 
  0.128785 -0.0909398  0.0263033[0m
[0m[INFO] [1782557188.241287261]: Rrl_event: 
   0.99968  0.0200383  0.0154395
-0.0200188   0.999799 -0.0014144
-0.0154648 0.00110486    0.99988[0m
[0m[INFO] [1782557188.241296680]: Trl_event: 
 -0.170177 0.00146904 0.00486952[0m
[0m[INFO] [1782557188.241529872]: Loaded esvio_folder: /tmp/esvio_cfg/[0m
[0m[INFO] [1782557188.241544003]: Synchronized sensors, fix time offset: 0.00839259[0m
[0m[INFO] [1782557188.241555571]: estimator.cpp: reading paramerter of camera /tmp/esvio_cfg/event0_esvio.yaml[0m
[0m[INFO] [1782557188.241686435]: estimator.cpp: reading paramerter of camera /tmp/esvio_cfg/event1_esvio.yaml[0m
[0m[INFO] [1782557188.241739140]: estimator.cpp: reading paramerter of camera /tmp/esvio_cfg/event0_esvio.yaml[0m
[0m[INFO] [1782557188.241783068]: estimator.cpp: reading paramerter of camera /tmp/esvio_cfg/event1_esvio.yaml[0m
[0m[INFO] [1782557204.110820886]: esvio Not enough features or parallax; Move device around[0m
[0m[INFO] [1782557204.118403357]: evio Not enough features or parallax; Move device around[0m
[0m[INFO] [1782557204.471630273]: esvio IMU excitation not enouth![0m
[0m[INFO] [1782557204.479600236]: esvio Not enough features or parallax; Move device around[0m
[0m[INFO] [1782557204.479625783]: evio IMU excitation not enough![0m
[0m[INFO] [1782557204.487831686]: evio Not enough features or parallax; Move device around[0m
[0m[INFO] [1782557205.024840201]: esvio IMU excitation not enouth![0m
[0m[INFO] [1782557205.035705466]: esvio Not enough features or parallax; Move device around[0m
[0m[INFO] [1782557205.035770189]: evio IMU excitation not enough![0m
[0m[INFO] [1782557205.045509217]: evio Not enough features or parallax; Move device around[0m
[0m[INFO] [1782557205.072914054]: esvio IMU excitation not enouth![0m
[0m[INFO] [1782557205.083246751]: esvio Not enough features or parallax; Move device around[0m
[0m[INFO] [1782557205.083291923]: evio IMU excitation not enough![0m
[0m[INFO] [1782557205.092680783]: evio Not enough features or parallax; Move device around[0m
[0m[INFO] [1782557205.570928986]: esvio IMU excitation not enouth![0m
[0m[INFO] [1782557205.581607339]: esvio Not enough features or parallax; Move device around[0m
[0m[INFO] [1782557205.581631806]: evio IMU excitation not enough![0m
[0m[INFO] [1782557205.593125920]: evio Not enough features or parallax; Move device around[0m
[0m[INFO] [1782557206.039000228]: esvio IMU excitation not enouth![0m
[0m[INFO] [1782557206.051088636]: esvio Not enough features or parallax; Move device around[0m
[0m[INFO] [1782557206.051138481]: evio IMU excitation not enough![0m
[0m[INFO] [1782557206.063490160]: evio Not enough features or parallax; Move device around[0m
[0m[INFO] [1782557206.876624028]: esvio IMU excitation not enouth![0m
[0m[INFO] [1782557206.891817293]: esvio Not enough features or parallax; Move device around[0m
[0m[INFO] [1782557206.891873493]: evio IMU excitation not enough![0m
[0m[INFO] [1782557206.893870001]: average_parallax 122.447020 choose l 0 and newest frame to triangulate the whole structure[0m
[0m[INFO] [1782557207.002863157]: global SFM success![0m
[0m[INFO] [1782557207.007164511]: misalign visual structure with IMU[0m
[0m[INFO] [178255720[33m[WARN] [1782557314.281555243]: Shutdown request received.[0m
[33m[WARN] [1782557314.282180756]: Reason given for shutdown: [user request][0m
[33m[WARN] [1782557314.282935199]: Shutdown request received.[0m
[33m[WARN] [1782557314.282980679]: Reason given for shutdown: [user request][0m
[33m[WARN] [1782557314.283354567]: Shutdown request received.[0m
[33m[WARN] [1782557314.283388129]: Reason given for shutdown: [user request][0m
[33m[WARN] [1782557314.283744524]: Shutdown request received.[0m
[33m[WARN] [1782557314.283787607]: Reason given for shutdown: [user request][0m
terminate called without an active exception
