[0m[INFO] [1782558744.010548440]: init begins[0m
[0m[INFO] [1782558744.013222208]: Loaded config_file: /tmp/esvio_cfg/esvio.yaml[0m
result path /home/cpy/Datasets/output/esvio_result_no_loop.csv
[33m[WARN] [1782558744.013947224]:  fix extrinsic param [0m
[0m[INFO] [1782558744.013929522]: ROW_Image: 1024.000000 COL_Image: 1224.000000 [0m
[0m[INFO] [1782558744.013940498]: ROW_Event: 480.000000 COL_EVENT: 640.000000 [0m
[0m[INFO] [1782558744.013981236]: give an T to the extrinsic of cam [0m
[0m[INFO] [1782558744.013987097]: give an T to the extrinsic of event [0m
[0m[INFO] [1782558744.014008086]: Extrinsic_R : 
  0.0172486   0.0128346    0.999769
  -0.999804 -0.00952696   0.0173715
 0.00974772   -0.999872   0.0126678[0m
[0m[INFO] [1782558744.014017903]: Extrinsic_T : 
 0.143665 0.0796728 -0.015555[0m
[0m[INFO] [1782558744.014032988]: Extrinsic_R_event : 
 0.0112035  0.0218441   0.999699
  -0.99976 -0.0185542  0.0116097
 0.0188022  -0.999589   0.021631[0m
[0m[INFO] [1782558744.014041951]: Extrinsic_T_event : 
 0.129075 0.0793087 0.0250862[0m
[0m[INFO] [1782558744.014934274]: parameters.cpp: gravity_norm: 1.000000[0m
parameters.cpp: Not use sampson model
parameters.cpp: Yes use geometric correction
[33m[WARN] [1782558744.015649137]: waiting for event, image and imu...[0m
[33m[WARN] [1782558744.036985310]: into event point feature detection and tracking[0m
[33m[WARN] [1782558744.041630551]: into stereo image feature detection and tracking[0m
vocabulary_file/catkin_ws_dvs/src/ESVIO/pose_graph/support_files/brief_k10L6.bin
loop start load vocabulary
BRIEF_PATTERN_FILE/catkin_ws_dvs/src/ESVIO/pose_graph/support_files/brief_pattern.yml
Failed to create folder  
[0m[INFO] [1782558744.040443857]: Loaded config_file: /tmp/esvio_cfg/esvio.yaml[0m
[0m[INFO] [1782558744.041335240]: Loaded esvio_folder: /tmp/esvio_cfg/[0m
[0m[INFO] [1782558744.041449177]: Rrl_event: 
   0.99968  0.0200383  0.0154395
-0.0200188   0.999799 -0.0014144
-0.0154648 0.00110486    0.99988[0m
[0m[INFO] [1782558744.041482107]: Trl_event: 
 -0.170177 0.00146904 0.00486952[0m
[0m[INFO] [1782558744.041491092]: reading paramerter of camera /tmp/esvio_cfg//event0_esvio.yaml[0m
[0m[INFO] [1782558744.049323732]: reading paramerter of camera /tmp/esvio_cfg//event1_esvio.yaml[0m
327.485       0     320
      0 327.554     240
      0       0       1
[33m[WARN] [1782558762.699381201]: ---------------5points----------------[0m
[33m[WARN] [1782558762.699408726]: input points 188 2D inliers 3D inliers 86[0m
WARNING: Logging before InitGoogleLogging() is written to STDERR
W0627 11:12:42.799059   219 levenberg_marquardt_strategy.cc:114] Linear solver failure. Failed to compute a step: Eigen failure. Unable to perform dense Cholesky factorization.
W0627 11:12:42.800635   219 levenberg_marquardt_strategy.cc:114] Linear solver failure. Failed to compute a step: Eigen failure. Unable to perform dense Cholesky factorization.
W0627 11:12:42.807108   219 levenberg_marquardt_strategy.cc:114] Linear solver failure. Failed to compute a step: Eigen failure. Unable to perform dense Cholesky factorization.
W0627 11:12:42.813463   219 levenberg_marquardt_strategy.cc:114] Linear solver failure. Failed to compute a step: Eigen failure. Unable to perform dense Cholesky factorization.
W0627 11:12:42.814930   219 levenberg_marquardt_strategy.cc:114] Linear solver failure. Failed to compute a step: Eigen failure. Unable to perform dense Cholesky factorization.
W0627 11:12:42.818845   219 levenberg_marquardt_strategy.cc:114] Linear solver failure. Failed to compute a step: Eigen failure. Unable to perform dense Cholesky factorization.
W0627 11:12:42.820340   219 levenberg_marquardt_strategy.cc:114] Linear solver failure. Failed to compute a step: Eigen failure. Unable to perform dense Cholesky factorization.
[33m[WARN] [1782558762.825587704]: gyroscope bias initial calibration  -0.00136508   0.00359494 -0.000550228[0m
[33m[WARN] [1782558985.707817802]: Shutdown request received.[0m
[33m[WARN] [1782558985.708330765]: Reason given for shutdown: [user request][0m
[33m[WARN] [1782558985.709167079]: Shutdown request received.[0m
[33m[WARN] [1782558985.709195840]: Reason given for shutdown: [user request][0m
[33m[WARN] [1782558985.709613063]: Shutdown request received.[0m
[33m[WARN] [1782558985.709637888]: Reason given for shutdown: [user request][0m
[33m[WARN] [1782558985.709961529]: Shutdown request received.[0m
[33m[WARN] [1782558985.709985495]: Reason given for shutdown: [user request][0m
terminate called without an active exception
