isTUMDataset: 0
isTUMDataset: 0
WARNING: Logging before InitGoogleLogging() is written to STDERR
I0713 18:56:06.346922   142 ImageRepresentation.cpp:60] [32mLeft event representation node is up [0m
WARNING: Logging before InitGoogleLogging() is written to STDERR
I0713 18:56:06.347733   143 ImageRepresentation.cpp:62] [32mRight event representation node is up [0m
[0m[INFO] [1783968966.323216484]: Camera information is loaded (Distortion model plumb_bob).[0m
[0m[INFO] [1783968966.345077422]: Undistorted-Rectified Look-Up Table with Distortion model: plumb_bob[0m
[0m[INFO] [1783968966.346620731]: Undistorted-Rectified Look-Up Table has been computed.[0m
[0m[INFO] [1783968975.584412091, 1642661138.874333968]: Sensor size: (640 x 480)[0m
===========================
[0m[INFO] [1783968966.324133778]: Camera information is loaded (Distortion model plumb_bob).[0m
[0m[INFO] [1783968966.345900999]: Undistorted-Rectified Look-Up Table with Distortion model: plumb_bob[0m
[0m[INFO] [1783968966.347416268]: Undistorted-Rectified Look-Up Table has been computed.[0m
[0m[INFO] [1783968975.584401170, 1642661138.874333968]: Sensor size: (640 x 480)[0m
===========================
Before update - first_event_time_: -1.000000  = 1642661138.858361
Before update - first_event_time_: -1.000000  = 1642661138.858354
After update - first_event_time_: 1642661138.858361  = 1642661138.858361
After update - first_event_time_: 1642661138.858354  = 1642661138.858354
[33m[WARN] [1783969196.544385829, 1642661178.974021353]: Shutdown request received.[0m
[33m[WARN] [1783969196.544421633, 1642661178.974021353]: Reason given for shutdown: [user request][0m
[33m[WARN] [1783969196.544852078, 1642661178.974021353]: Shutdown request received.[0m
[33m[WARN] [1783969196.544877424, 1642661178.974021353]: Reason given for shutdown: [user request][0m
