[0m[INFO] [1782564367.226720257]: init begins[0m
[0m[INFO] [1782564367.229409489]: Loaded config_file: /tmp/esvio_cfg/esvio.yaml[0m
result path /home/cpy/Datasets/output/esvio_result_no_loop.csv
[33m[WARN] [1782564367.230028562]:  fix extrinsic param [0m
[0m[INFO] [1782564367.230011450]: ROW_Image: 1024.000000 COL_Image: 1224.000000 [0m
[0m[INFO] [1782564367.230022145]: ROW_Event: 480.000000 COL_EVENT: 640.000000 [0m
[0m[INFO] [1782564367.230096083]: give an T to the extrinsic of cam [0m
[0m[INFO] [1782564367.230102437]: give an T to the extrinsic of event [0m
[0m[INFO] [1782564367.230140865]: Extrinsic_R : 
  0.0172486   0.0128346    0.999769
  -0.999804 -0.00952696   0.0173715
 0.00974772   -0.999872   0.0126678[0m
[0m[INFO] [1782564367.230150594]: Extrinsic_T : 
 0.143665 0.0796728 -0.015555[0m
[0m[INFO] [1782564367.230165255]: Extrinsic_R_event : 
 0.0112035  0.0218441   0.999699
  -0.99976 -0.0185542  0.0116097
 0.0188022  -0.999589   0.021631[0m
[0m[INFO] [1782564367.230173996]: Extrinsic_T_event : 
 0.129075 0.0793087 0.0250862[0m
[0m[INFO] [1782564367.231130815]: parameters.cpp: gravity_norm: 1.000000[0m
parameters.cpp: Not use sampson model
parameters.cpp: Yes use geometric correction
[33m[WARN] [1782564367.231887632]: waiting for event, image and imu...[0m
[33m[WARN] [1782564367.254213784]: into event point feature detection and tracking[0m
[33m[WARN] [1782564367.258343212]: into stereo image feature detection and tracking[0m
vocabulary_file/catkin_ws_dvs/src/ESVIO/pose_graph/support_files/brief_k10L6.bin
loop start load vocabulary
BRIEF_PATTERN_FILE/catkin_ws_dvs/src/ESVIO/pose_graph/support_files/brief_pattern.yml
Failed to create folder  
[0m[INFO] [1782564367.258140022]: Loaded config_file: /tmp/esvio_cfg/esvio.yaml[0m
[0m[INFO] [1782564367.258868685]: Loaded esvio_folder: /tmp/esvio_cfg/[0m
[0m[INFO] [1782564367.258934984]: Rrl_event: 
   0.99968  0.0200383  0.0154395
-0.0200188   0.999799 -0.0014144
-0.0154648 0.00110486    0.99988[0m
[0m[INFO] [1782564367.258955632]: Trl_event: 
 -0.170177 0.00146904 0.00486952[0m
[0m[INFO] [1782564367.258975235]: reading paramerter of camera /tmp/esvio_cfg//event0_esvio.yaml[0m
[0m[INFO] [1782564367.266668969]: reading paramerter of camera /tmp/esvio_cfg//event1_esvio.yaml[0m
327.485       0     320
      0 327.554     240
      0       0       1
[33m[WARN] [1782564383.241304349]: gyroscope bias initial calibration 0.00500976  0.0207513 0.00968481[0m
[33m[WARN] [1782564383.242715112]: estimated scale: 0.163128[0m
[33m[WARN] [1782564383.242735721]:  result g     9.76798  1.11549 -8.08558 -5.36586[0m
[33m[WARN] [1782564383.242836644]:  refine     9.80766   1.2013 -8.11323 -5.37798[0m
[33m[WARN] [1782564383.242845622]: estimated scale after RefineGravity: 0.157828[0m
[33m[WARN] [1782564390.910364212]:  little feature 1[0m
[33m[WARN] [1782564393.511679334]:  little feature 0[0m
[33m[WARN] [1782564393.653401115]:  little feature 0[0m
[33m[WARN] [1782564393.941374617]:  little feature 1[0m
[33m[WARN] [1782564395.143723585]:  little feature 1[0m
[33m[WARN] [1782564399.202884179]:  little feature 1[0m
[33m[WARN] [1782564399.828923451]:  little feature 1[0m
[33m[WARN] [1782564400.002262062]:  little feature 1[0m
[33m[WARN] [1782564400.520004093]:  little feature 0[0m
[33m[WARN] [1782564400.805151202]:  little feature 0[0m
[33m[WARN] [1782564403.949819928]:  little feature 1[0m
[33m[WARN] [1782564404.931141337]:  little feature 0[0m
[33m[WARN] [1782564404.981072911]:  little feature 0[0m
[33m[WARN] [1782564407.931898961]:  little feature 1[0m
[33m[WARN] [1782564408.223667124]:  little feature 1[0m
[33m[WARN] [1782564411.133663988]:  little feature 0[0m
[33m[WARN] [1782564411.512608950]:  little feature 1[0m
[33m[WARN] [1782564412.252764524]:  little feature 1[0m
[33m[WARN] [1782564419.339602271]:  little feature 1[0m
[33m[WARN] [1782564420.084568443]:  little feature 0[0m
[33m[WARN] [1782564420.493332818]:  little feature 0[0m
[33m[WARN] [1782564422.328976325]:  little feature 0[0m
[33m[WARN] [1782564422.501159439]:  little feature 0[0m
[33m[WARN] [1782564423.255357197]:  little feature 1[0m
[33m[WARN] [1782564423.839393057]:  little feature 1[0m
[33m[WARN] [1782564424.555560340]:  little feature 0[0m
[33m[WARN] [1782564424.637823492]:  little feature 1[0m
[33m[WARN] [1782564426.573395593]:  little feature 0[0m
[33m[WARN] [1782564426.619561489]:  little feature 1[0m
[33m[WARN] [1782564427.287422009]:  little feature 0[0m
[33m[WARN] [1782564427.328725979]:  little feature 1[0m
[33m[WARN] [1782564427.848167022]:  little feature 0[0m
[33m[WARN] [1782564428.059276992]:  little feature 0[0m
[33m[WARN] [1782564428.301337132]:  little feature 1[0m
[33m[WARN] [1782564428.638382474]:  little feature 0[0m
[33m[WARN] [1782564429.053948981]:  little feature 0[0m
[33m[WARN] [1782564429.103932557]:  little feature 1[0m
[33m[WARN] [1782564429.646492817]:  little feature 0[0m
[33m[WARN] [1782564430.016405367]:  little feature 0[0m
[33m[WARN] [1782564430.704398379]:  little feature 1[0m
[33m[WARN] [1782564430.833838649]:  little feature 0[0m
[33m[WARN] [1782564431.582897585]:  little feature 1[0m
[33m[WARN] [1782564432.216406955]:  little feature 0[0m
[33m[WARN] [1782564432.337771834]:  little feature 0[0m
[33m[WARN] [1782564436.350801733]:  little feature 0[0m
[33m[WARN] [1782564437.230603277]:  little feature 0[0m
[33m[WARN] [1782564437.523324627]:  little feature 0[0m
[33m[WARN] [1782564439.209071141]:  little feature 1[0m
[33m[WARN] [1782564439.379954029]:  little feature 0[0m
[33m[WARN] [1782564440.051525066]:  little feature 0[0m
[33m[WARN] [1782564440.174086332]:  little feature 0[0m
[33m[WARN] [1782564442.463716707]:  little feature 0[0m
[33m[WARN] [1782564442.710877581]:  little feature 1[0m
[33m[WARN] [1782564447.585440454]:  little feature 1[0m
[33m[WARN] [1782564447.837791511]:  little feature 1[0m
[33m[WARN] [1782564448.163120416]:  little feature 1[0m
[33m[WARN] [1782564448.398351443]:  little feature 0[0m
[33m[WARN] [1782564449.553550594]:  little feature 1[0m
[33m[WARN] [1782564450.577835041]:  little feature 0[0m
[33m[WARN] [1782564464.927855925]: Shutdown request received.[0m
[33m[WARN] [1782564464.928499920]: Reason given for shutdown: [user request][0m
[33m[WARN] [1782564464.929289787]: Shutdown request received.[0m
[33m[WARN] [1782564464.929317040]: Reason given for shutdown: [user request][0m
[33m[WARN] [1782564464.929711325]: Shutdown request received.[0m
[33m[WARN] [1782564464.929739398]: Reason given for shutdown: [user request][0m
[33m[WARN] [1782564464.930065450]: Shutdown request received.[0m
[33m[WARN] [1782564464.930091410]: Reason given for shutdown: [user request][0m
