[0m[INFO] [1782560420.344382591]: init begins[0m
[0m[INFO] [1782560420.346908233]: Loaded config_file: /tmp/esvio_cfg/esvio.yaml[0m
result path /home/cpy/Datasets/output/esvio_result_no_loop.csv
[33m[WARN] [1782560420.347645994]:  fix extrinsic param [0m
[0m[INFO] [1782560420.347609662]: ROW_Image: 1024.000000 COL_Image: 1224.000000 [0m
[0m[INFO] [1782560420.347640028]: ROW_Event: 480.000000 COL_EVENT: 640.000000 [0m
[0m[INFO] [1782560420.347680312]: give an T to the extrinsic of cam [0m
[0m[INFO] [1782560420.347686422]: give an T to the extrinsic of event [0m
[0m[INFO] [1782560420.347708816]: Extrinsic_R : 
  0.0172486   0.0128346    0.999769
  -0.999804 -0.00952696   0.0173715
 0.00974772   -0.999872   0.0126678[0m
[0m[INFO] [1782560420.347718912]: Extrinsic_T : 
 0.143665 0.0796728 -0.015555[0m
[0m[INFO] [1782560420.347733952]: Extrinsic_R_event : 
 0.0112035  0.0218441   0.999699
  -0.99976 -0.0185542  0.0116097
 0.0188022  -0.999589   0.021631[0m
[0m[INFO] [1782560420.347743052]: Extrinsic_T_event : 
 0.129075 0.0793087 0.0250862[0m
[0m[INFO] [1782560420.348611295]: parameters.cpp: gravity_norm: 1.000000[0m
parameters.cpp: Not use sampson model
parameters.cpp: Yes use geometric correction
[33m[WARN] [1782560420.349318828]: waiting for event, image and imu...[0m
[33m[WARN] [1782560420.371934608]: into event point feature detection and tracking[0m
[33m[WARN] [1782560420.376488103]: into stereo image feature detection and tracking[0m
vocabulary_file/catkin_ws_dvs/src/ESVIO/pose_graph/support_files/brief_k10L6.bin
loop start load vocabulary
BRIEF_PATTERN_FILE/catkin_ws_dvs/src/ESVIO/pose_graph/support_files/brief_pattern.yml
Failed to create folder  
[0m[INFO] [1782560420.375299168]: Loaded config_file: /tmp/esvio_cfg/esvio.yaml[0m
[0m[INFO] [1782560420.376241082]: Loaded esvio_folder: /tmp/esvio_cfg/[0m
[0m[INFO] [1782560420.376337824]: Rrl_event: 
   0.99968  0.0200383  0.0154395
-0.0200188   0.999799 -0.0014144
-0.0154648 0.00110486    0.99988[0m
[0m[INFO] [1782560420.376349782]: Trl_event: 
 -0.170177 0.00146904 0.00486952[0m
[0m[INFO] [1782560420.376359578]: reading paramerter of camera /tmp/esvio_cfg//event0_esvio.yaml[0m
[0m[INFO] [1782560420.384262290]: reading paramerter of camera /tmp/esvio_cfg//event1_esvio.yaml[0m
327.485       0     320
      0 327.554     240
      0       0       1
WARNING: Logging before InitGoogleLogging() is written to STDERR
W0627 11:40:36.204630   219 levenberg_marquardt_strategy.cc:114] Linear solver failure. Failed to compute a step: Eigen failure. Unable to perform dense Cholesky factorization.
W0627 11:40:36.208246   219 levenberg_marquardt_strategy.cc:114] Linear solver failure. Failed to compute a step: Eigen failure. Unable to perform dense Cholesky factorization.
W0627 11:40:36.209558   219 levenberg_marquardt_strategy.cc:114] Linear solver failure. Failed to compute a step: Eigen failure. Unable to perform dense Cholesky factorization.
W0627 11:40:36.213122   219 levenberg_marquardt_strategy.cc:114] Linear solver failure. Failed to compute a step: Eigen failure. Unable to perform dense Cholesky factorization.
W0627 11:40:36.216745   219 levenberg_marquardt_strategy.cc:114] Linear solver failure. Failed to compute a step: Eigen failure. Unable to perform dense Cholesky factorization.
W0627 11:40:36.220295   219 levenberg_marquardt_strategy.cc:114] Linear solver failure. Failed to compute a step: Eigen failure. Unable to perform dense Cholesky factorization.
W0627 11:40:36.223836   219 levenberg_marquardt_strategy.cc:114] Linear solver failure. Failed to compute a step: Eigen failure. Unable to perform dense Cholesky factorization.
W0627 11:40:36.225147   219 levenberg_marquardt_strategy.cc:114] Linear solver failure. Failed to compute a step: Eigen failure. Unable to perform dense Cholesky factorization.
W0627 11:40:36.226454   219 levenberg_marquardt_strategy.cc:114] Linear solver failure. Failed to compute a step: Eigen failure. Unable to perform dense Cholesky factorization.
W0627 11:40:36.234526   219 levenberg_marquardt_strategy.cc:114] Linear solver failure. Failed to compute a step: Eigen failure. Unable to perform dense Cholesky factorization.
[33m[WARN] [1782560436.653424767]: gyroscope bias initial calibration -0.00102979   0.0155331 -3.1749e-05[0m
[33m[WARN] [1782560436.655383461]: estimated scale: -0.003037[0m
[33m[WARN] [1782560436.655420975]:  result g     9.77618 0.450849 -9.24449 -3.14797[0m
[33m[WARN] [1782560436.962278245]: gyroscope bias initial calibration 3.47532e-05 -0.00282807  0.00537222[0m
[33m[WARN] [1782560436.963488960]: estimated scale: -0.001248[0m
[33m[WARN] [1782560436.963511728]:  result g     9.74775 0.459402 -9.23229 -3.09392[0m
[33m[WARN] [1782560437.378487451]: gyroscope bias initial calibration   -0.001597 -0.00404413 -0.00145863[0m
[33m[WARN] [1782560437.379885770]: estimated scale: -0.015429[0m
[33m[WARN] [1782560437.379908158]:  result g     9.72503 0.465049 -9.19776 -3.12429[0m
[33m[WARN] [1782560438.754171397]: gyroscope bias initial calibration 0.000250107 -0.00435777 -0.00220768[0m
[33m[WARN] [1782560438.755740286]: estimated scale: -0.007921[0m
[33m[WARN] [1782560438.755763267]:  result g     9.67328 0.520896 -9.15957 -3.06647[0m
[0m[INFO] [1782560420.348637949]: Extrinsic_R2 : 
 0.0144479  0.0110884   0.999834
 -0.999779  0.0154503  0.0142757
-0.0152894  -0.999819  0.0113092[0m
[0m[INFO] [1782560420.348647949]: Extrinsic_T2 : 
  0.142001 -0.0914988  -0.014918[0m
[0m[INFO] [1782560420.348666191]: Rrl: 
   0.999685    0.024912 -0.00309425
 -0.0249159    0.999689 -0.00124826
 0.00306219  0.00132497    0.999994[0m
[0m[INFO] [1782560420.348675510]: Trl: 
 -0.171154 0.00323261 0.00407665[0m
[0m[INFO] [1782560420.348825589]: Loaded esvio_folder: /tmp/esvio_cfg/[0m
[0m[INFO] [1782560420.348848297]: Extrinsic_R2_event : 
  0.0270726   0.0202015    0.999429
  -0.999633   0.0014471   0.0270488
-0.00089984   -0.999795   0.0202332[0m
[0m[INFO] [1782560420.348857752]: Extrinsic_T2_event : 
  0.128785 -0.0909398  0.0263033[0m
[0m[INFO] [1782560420.348875926]: Rrl_event: 
   0.99968  0.0200383  0.0154395
-0.0200188   0.999799 -0.0014144
-0.0154648 0.00110486    0.99988[0m
[0m[INFO] [1782560420.348885168]: Trl_event: 
 -0.170177 0.00146904 0.00486952[0m
[0m[INFO] [1782560420.349034279]: Loaded esvio_folder: /tmp/esvio_cfg/[0m
[0m[INFO] [1782560420.349047141]: Synchronized sensors, fix time offset: 0.00839259[0m
[0m[INFO] [1782560420.349063500]: estimator.cpp: reading paramerter of camera /tmp/esvio_cfg/cam0_esvio.yaml[0m
[0m[INFO] [1782560420.349172776]: estimator.cpp: reading paramerter of camera /tmp/esvio_cfg/cam1_esvio.yaml[0m
[0m[INFO] [1782560420.349224811]: estimator.cpp: reading paramerter of camera /tmp/esvio_cfg/event0_esvio.yaml[0m
[0m[INFO] [1782560420.349271629]: estimator.cpp: reading paramerter of camera /tmp/esvio_cfg/event1_esvio.yaml[0m
[0m[INFO] [1782560436.126879709]: esvio Not enough features or parallax; Move device around[0m
[0m[INFO] [1782560436.130405817]: average_parallax 64.225593 choose l 0 and newest frame to triangulate the whole structure[0m
[0m[INFO] [1782560436.234981639]: global SFM failed![0m
[0m[INFO] [1782560436.545370532]: esvio Not enough features or parallax; Move device around[0m
[0m[INFO] [1782560436.549369267]: average_parallax 69.592556 choose l 0 and newest frame to triangulate the whole structure[0m
[0m[INFO] [1782560436.652880617]: global SFM success![0m
[0m[INFO] [1782560436.655435799]: misalign visual structure with IMU[0m
[0m[INFO] [1782560436.842867172]: esvio Not enough features or parallax; Move device around[0m
[0m[INFO] [1782560436.848422892]: average_parallax 73.706290 choose l 0 and newest frame to triangulate the whole structure[0m
[0m[INFO] [1782560436.961866504]: global SFM success![0m
[0m[INFO] [1782560436.963523749]: misalign visual structure with IMU[0m
[0m[INFO] [1782560437.259204206]: esvio Not enough features or parallax; Move device around[0m
[0m[INFO] [1782560437.263705935]: average_parallax 84.445593 choose l 0 and newest frame to triangulate the whole structure[0m
[0m[INFO] [1782560437.377918625]: global SFM success![0m
[0m[INFO] [1782560437.379920052]: misalign visual structure with IMU[0m
[0m[INFO] [1782560437.519257447]: esvio IMU excitation not enouth![0m
[0m[INFO] [1782560437.543617828]: esvio Not enough features or parallax; Move device around[0m
[0m[INFO] [1782560437.543674686]: evio IMU excitation not enough![0m
[0m[INFO] [1782560437.548972959]: average_parallax 87.909663 choose l 0 and newest frame to triangulate the whole structure[0m
[0m[INFO] [1782560437.666262480]: global SFM failed![0m
[0m[INFO] [1782560438.178623068]: esvio Not enough features or parallax; Move device around[0m
[0m[INFO] [1782560438.186037544]: average_parallax 97.169356 choose l 0 and newest frame to triangulate the whole structure[0m
[0m[INFO] [1782560438.298691209]: global SFM failed![0m
[0m[INFO] [1782560438.634611763]: esvio Not enough features or parallax; Move device around[0m
[0m[INFO] [1782560438.643485801]: average_parallax 102.173967 choose l 0 and newest frame to triangulate the whole structure[0m
[0m[INFO] [1782560438.753211704]: global SFM success![0m
[0m[INFO] [1782560438.755775091]: misalign visual structure with I[33m[WARN] [1782560439.266194333]: gyroscope bias initial calibration -0.000764629    0.0104827   0.00486864[0m
[33m[WARN] [1782560439.267974126]: estimated scale: -0.008112[0m
[33m[WARN] [1782560439.267996450]:  result g     9.66422 0.571563 -9.14425 -3.07458[0m
[33m[WARN] [1782560439.658522958]: gyroscope bias initial calibration 0.00221807 -0.0181796 0.00227674[0m
[33m[WARN] [1782560439.660419801]: estimated scale: -0.011006[0m
[33m[WARN] [1782560439.660436271]:  result g     9.66032 0.567341 -9.17636 -2.96554[0m
[33m[WARN] [1782560440.095020773]: gyroscope bias initial calibration -0.00027172 -0.00812369  -0.0064258[0m
[33m[WARN] [1782560440.097075010]: estimated scale: -0.005894[0m
[33m[WARN] [1782560440.097091511]:  result g     9.65593 0.561499  -9.2282 -2.78606[0m
[33m[WARN] [1782560440.423002639]: gyroscope bias initial calibration -0.0003162 0.00721056 0.00122133[0m
[33m[WARN] [1782560440.425130959]: estimated scale: -0.012767[0m
[33m[WARN] [1782560440.425148853]:  result g     9.65569 0.560888 -9.21572 -2.82636[0m
[33m[WARN] [1782560440.824186793]: gyroscope bias initial calibration  0.00179001 -0.00690658  0.00949453[0m
[33m[WARN] [1782560440.826423935]: estimated scale: -0.020154[0m
[33m[WARN] [1782560440.826444917]:  result g     9.65966 0.516386 -9.26016 -2.70036[0m
[33m[WARN] [1782560441.253330483]: gyroscope bias initial calibration -0.00106404 -0.00220528 -0.00344935[0m
[33m[WARN] [1782560441.255605691]: estimated scale: -0.016069[0m
[33m[WARN] [1782560441.255623294]:  result g     9.6693 0.402609 -9.29843 -2.62154[0m
[33m[WARN] [1782560441.628035197]: gyroscope bias initial calibration -0.00105362  0.00511096 -0.00980931[0m
[33m[WARN] [1782560441.630743516]: estimated scale: -0.012741[0m
[33m[WARN] [1782560441.630786439]:  result g     9.66545 0.223333 -9.37963 -2.32243[0m
[33m[WARN] [1782560441.828007892]: gyroscope bias initial calibration  -0.00136132 -0.000749022  -0.00736436[0m
[33m[WARN] [1782560441.830348969]: estimated scale: -0.017779[0m
[33m[WARN] [1782560441.830365746]:  result g     9.65947 0.345383 -9.31861 -2.51985[0m
[33m[WARN] [1782560442.617023029]: gyroscope bias initial calibration -0.00793363   0.0321549  -0.0140288[0m
[33m[WARN] [1782560442.619255718]: estimated scale: -0.012771[0m
[33m[WARN] [1782560442.619273395]:  result g     9.63511  0.30958 -9.25974 -2.64512[0m
[33m[WARN] [1782560442.848327798]: ---------------5points----------------[0m
[33m[WARN] [1782560442.848363683]: input points 165 2D inliers 3D inliers 107[0m
[33m[WARN] [1782560442.876249163]: gyroscope bias initial calibration  0.0095041 -0.0240171  0.0188517[0m
[33m[WARN] [1782560539.235185948]: Shutdown request received.[0m
[33m[WARN] [1782560539.235778262]: Reason given for shutdown: [user request][0m
[33m[WARN] [1782560539.236622597]: Shutdown request received.[0m
[33m[WARN] [1782560539.236652661]: Reason given for shutdown: [user request][0m
[33m[WARN] [1782560539.236981692]: Shutdown request received.[0m
[33m[WARN] [1782560539.237004996]: Reason given for shutdown: [user request][0m
[33m[WARN] [1782560539.237366778]: Shutdown request received.[0m
[33m[WARN] [1782560539.237392409]: Reason given for shutdown: [user request][0m
terminate called without an active exception
