[0m[INFO] [1782894817.541999335]: init begins[0m
[0m[INFO] [1782894817.545456732]: Loaded config_file: /tmp/esvio_cfg/esvio.yaml[0m
result path /home/cpy/Datasets/output/esvio_result_no_loop.csv
[33m[WARN] [1782894817.546135463]:  fix extrinsic param [0m
[0m[INFO] [1782894817.546118914]: ROW_Image: 1024.000000 COL_Image: 1224.000000 [0m
[0m[INFO] [1782894817.546129698]: ROW_Event: 480.000000 COL_EVENT: 640.000000 [0m
[0m[INFO] [1782894817.546175304]: give an T to the extrinsic of cam [0m
[0m[INFO] [1782894817.546181793]: give an T to the extrinsic of event [0m
[0m[INFO] [1782894817.546205075]: Extrinsic_R : 
  0.0172486   0.0128346    0.999769
  -0.999804 -0.00952696   0.0173715
 0.00974772   -0.999872   0.0126678[0m
[0m[INFO] [1782894817.546213928]: Extrinsic_T : 
 0.143665 0.0796728 -0.015555[0m
[0m[INFO] [1782894817.546227739]: Extrinsic_R_event : 
 0.0112035  0.0218441   0.999699
  -0.99976 -0.0185542  0.0116097
 0.0188022  -0.999589   0.021631[0m
[0m[INFO] [1782894817.546237027]: Extrinsic_T_event : 
 0.129075 0.0793087 0.0250862[0m
[0m[INFO] [1782894817.547223201]: parameters.cpp: gravity_norm: 1.000000[0m
parameters.cpp: Not use sampson model
parameters.cpp: Yes use geometric correction
[33m[WARN] [1782894817.548072376]: waiting for event and imu...[0m
[33m[WARN] [1782894817.574484442]: into event point feature detection and tracking[0m
vocabulary_file/catkin_ws_dvs/src/ESVIO/pose_graph/support_files/brief_k10L6.bin
loop start load vocabulary
BRIEF_PATTERN_FILE/catkin_ws_dvs/src/ESVIO/pose_graph/support_files/brief_pattern.yml
Failed to create folder  
[0m[INFO] [1782894817.578060427]: Loaded config_file: /tmp/esvio_cfg/esvio.yaml[0m
[0m[INFO] [1782894817.578823738]: Loaded esvio_folder: /tmp/esvio_cfg/[0m
[0m[INFO] [1782894817.578900665]: Rrl_event: 
   0.99968  0.0200383  0.0154395
-0.0200188   0.999799 -0.0014144
-0.0154648 0.00110486    0.99988[0m
[0m[INFO] [1782894817.578912439]: Trl_event: 
 -0.170177 0.00146904 0.00486952[0m
[0m[INFO] [1782894817.578922438]: reading paramerter of camera /tmp/esvio_cfg//event0_esvio.yaml[0m
[0m[INFO] [1782894817.586735128]: reading paramerter of camera /tmp/esvio_cfg//event1_esvio.yaml[0m
327.485       0     320
      0 327.554     240
      0       0       1
[33m[WARN] [1782894832.355888027]: ---------------5points----------------[0m
[33m[WARN] [1782894832.355925026]: input points 83 2D inliers 3D inliers 17[0m
[33m[WARN] [1782894832.658248079]: ---------------5points----------------[0m
[33m[WARN] [1782894832.658293227]: input points 79 2D inliers 3D inliers 17[0m
WARNING: Logging before InitGoogleLogging() is written to STDERR
W0701 08:33:52.724380   218 levenberg_marquardt_strategy.cc:114] Linear solver failure. Failed to compute a step: Eigen failure. Unable to perform dense Cholesky factorization.
W0701 08:33:52.726450   218 levenberg_marquardt_strategy.cc:114] Linear solver failure. Failed to compute a step: Eigen failure. Unable to perform dense Cholesky factorization.
W0701 08:33:52.727150   218 levenberg_marquardt_strategy.cc:114] Linear solver failure. Failed to compute a step: Eigen failure. Unable to perform dense Cholesky factorization.
[33m[WARN] [1782894832.730119527]: gyroscope bias initial calibration -0.00639301    -0.01489  0.00428501[0m
[33m[WARN] [1782894849.085343650]:  little feature 1[0m
[33m[WARN] [1782894899.038424665]: Shutdown request received.[0m
[33m[WARN] [1782894899.039069840]: Reason given for shutdown: [user request][0m
[33m[WARN] [1782894899.039875612]: Shutdown request received.[0m
[33m[WARN] [1782894899.039907675]: Reason given for shutdown: [user request][0m
[33m[WARN] [1782894899.040301000]: Shutdown request received.[0m
[33m[WARN] [1782894899.040340515]: Reason given for shutdown: [user request][0m
