isTUMDataset: 0
isTUMDataset: 0
WARNING: Logging before InitGoogleLogging() is written to STDERR
I0713 19:43:50.016433   142 ImageRepresentation.cpp:60] [32mLeft event representation node is up [0m
WARNING: Logging before InitGoogleLogging() is written to STDERR
I0713 19:43:50.018093   143 ImageRepresentation.cpp:62] [32mRight event representation node is up [0m
[0m[INFO] [1783971829.991637389]: Camera information is loaded (Distortion model plumb_bob).[0m
[0m[INFO] [1783971830.014296264]: Undistorted-Rectified Look-Up Table with Distortion model: plumb_bob[0m
[0m[INFO] [1783971830.015979927]: Undistorted-Rectified Look-Up Table has been computed.[0m
[0m[INFO] [1783971839.194818617, 1642644847.035153670]: Sensor size: (640 x 480)[0m
===========================
[0m[INFO] [1783971829.993247242]: Camera information is loaded (Distortion model plumb_bob).[0m
[0m[INFO] [1783971830.015612218]: Undistorted-Rectified Look-Up Table with Distortion model: plumb_bob[0m
[0m[INFO] [1783971830.017696422]: Undistorted-Rectified Look-Up Table has been computed.[0m
[0m[INFO] [1783971839.197789738, 1642644847.035153670]: Sensor size: (640 x 480)[0m
===========================
Before update - first_event_time_: -1.000000  = 1642644847.022133
Before update - first_event_time_: -1.000000  = 1642644847.023270
After update - first_event_time_: 1642644847.022133  = 1642644847.022133
After update - first_event_time_: 1642644847.023270  = 1642644847.023270
[33m[WARN] [1783972065.613823128, 1642644888.234620627]: Shutdown request received.[0m
[33m[WARN] [1783972065.613864856, 1642644888.234620627]: Reason given for shutdown: [user request][0m
[33m[WARN] [1783972065.614294240, 1642644888.234620627]: Shutdown request received.[0m
[33m[WARN] [1783972065.614324636, 1642644888.234620627]: Reason given for shutdown: [user request][0m
