[0m[INFO] [1782548973.106166873]: init begins[0m
[0m[INFO] [1782548973.108600878]: Loaded config_file: /tmp/esvio_cfg/esvio.yaml[0m
result path /home/cpy/Datasets/output/esvio_result_no_loop.csv
[33m[WARN] [1782548973.109438195]:  fix extrinsic param [0m
[0m[INFO] [1782548973.109405615]: ROW_Image: 1024.000000 COL_Image: 1224.000000 [0m
[0m[INFO] [1782548973.109427763]: ROW_Event: 480.000000 COL_EVENT: 640.000000 [0m
[0m[INFO] [1782548973.109498705]: give an T to the extrinsic of cam [0m
[0m[INFO] [1782548973.109508702]: give an T to the extrinsic of event [0m
[0m[INFO] [1782548973.109544661]: Extrinsic_R : 
  0.0172486   0.0128346    0.999769
  -0.999804 -0.00952696   0.0173715
 0.00974772   -0.999872   0.0126678[0m
[0m[INFO] [1782548973.109561324]: Extrinsic_T : 
 0.143665 0.0796728 -0.015555[0m
[0m[INFO] [1782548973.109584392]: Extrinsic_R_event : 
 0.0112035  0.0218441   0.999699
  -0.99976 -0.0185542  0.0116097
 0.0188022  -0.999589   0.021631[0m
[0m[INFO] [1782548973.109599553]: Extrinsic_T_event : 
 0.129075 0.0793087 0.0250862[0m
[0m[INFO] [1782548973.110751054]: parameters.cpp: gravity_norm: 1.000000[0m
parameters.cpp: Not use sampson model
parameters.cpp: Yes use geometric correction
[33m[WARN] [1782548973.111853834]: waiting for event, image and imu...[0m
[33m[WARN] [1782548973.133540513]: into event point feature detection and tracking[0m
[33m[WARN] [1782548973.137755737]: into stereo image feature detection and tracking[0m
vocabulary_file/catkin_ws_dvs/src/ESVIO/pose_graph/support_files/brief_k10L6.bin
loop start load vocabulary
BRIEF_PATTERN_FILE/catkin_ws_dvs/src/ESVIO/pose_graph/support_files/brief_pattern.yml
Failed to create folder  
[0m[INFO] [1782548973.136864051]: Loaded config_file: /tmp/esvio_cfg/esvio.yaml[0m
[0m[INFO] [1782548973.137794778]: Loaded esvio_folder: /tmp/esvio_cfg/[0m
[0m[INFO] [1782548973.137860376]: Rrl_event: 
   0.99968  0.0200383  0.0154395
-0.0200188   0.999799 -0.0014144
-0.0154648 0.00110486    0.99988[0m
[0m[INFO] [1782548973.137871951]: Trl_event: 
 -0.170177 0.00146904 0.00486952[0m
[0m[INFO] [1782548973.137881378]: reading paramerter of camera /tmp/esvio_cfg//event0_esvio.yaml[0m
[0m[INFO] [1782548973.145708876]: reading paramerter of camera /tmp/esvio_cfg//event1_esvio.yaml[0m
327.485       0     320
      0 327.554     240
      0       0       1
[33m[WARN] [1782548988.805762847]: gyroscope bias initial calibration -0.00556175   0.0289774   0.0310793[0m
[33m[WARN] [1782548988.807018857]: estimated scale: 0.122149[0m
[33m[WARN] [1782548988.807037068]:  result g     9.68544  1.07302 -8.12363 -5.16362[0m
[33m[WARN] [1782548988.807141807]:  refine     9.80766  1.31583 -8.16048 -5.27877[0m
[33m[WARN] [1782548988.807153356]: estimated scale after RefineGravity: 0.104656[0m
[33m[WARN] [1782548991.502643009]:  little feature 1[0m
[33m[WARN] [1782548991.585780321]:  little feature 1[0m
[33m[WARN] [1782548993.311282084]:  little feature 1[0m
[33m[WARN] [1782548998.420439334]:  little feature 0[0m
[33m[WARN] [1782548998.463056126]:  little feature 0[0m
[33m[WARN] [1782549002.480888802]:  little feature 1[0m
[33m[WARN] [1782549002.792942286]:  little feature 0[0m
[33m[WARN] [1782549004.364445175]:  little feature 1[0m
[33m[WARN] [1782549004.853549227]:  little feature 0[0m
[33m[WARN] [1782549004.930953198]:  little feature 0[0m
[33m[WARN] [1782549005.243022636]:  little feature 0[0m
[33m[WARN] [1782549006.197274374]:  little feature 0[0m
[33m[WARN] [1782549006.275648630]:  little feature 1[0m
[33m[WARN] [1782549007.282539989]:  little feature 1[0m
[33m[WARN] [1782549009.418648730]:  little feature 1[0m
[33m[WARN] [1782549012.164038730]:  little feature 0[0m
[33m[WARN] [1782549012.561522947]:  little feature 1[0m
[33m[WARN] [1782549012.730001692]:  little feature 0[0m
[33m[WARN] [1782549012.889269098]:  little feature 0[0m
[33m[WARN] [1782549013.378035509]:  little feature 0[0m
[33m[WARN] [1782549013.417772742]:  little feature 0[0m
[33m[WARN] [1782549015.888750275]:  little feature 1[0m
[33m[WARN] [1782549015.972726431]:  little feature 1[0m
[33m[WARN] [1782549017.180100808]:  little feature 1[0m
[33m[WARN] [1782549017.436142767]:  little feature 1[0m
[33m[WARN] [1782549021.737863627]:  little feature 0[0m
[33m[WARN] [1782549021.820430594]:  little feature 0[0m
[33m[WARN] [1782549023.334764580]:  little feature 1[0m
[33m[WARN] [1782549025.216033184]:  little feature 0[0m
[33m[WARN] [1782549025.261419583]:  little feature 0[0m
[33m[WARN] [1782549026.346718126]:  little feature 1[0m
[33m[WARN] [1782549026.889667205]:  little feature 0[0m
[33m[WARN] [1782549027.370619899]:  little feature 0[0m
[33m[WARN] [1782549027.417298846]:  little feature 1[0m
[33m[WARN] [1782549028.034839485]:  little feature 1[0m
[33m[WARN] [1782549028.159287004]:  little feature 0[0m
[33m[WARN] [1782549028.493310962]:  little feature 1[0m
[33m[WARN] [1782549029.068939509]:  little feature 0[0m
[33m[WARN] [1782549029.268199271]:  little feature 0[0m
[33m[WARN] [1782549031.506630435]:  little feature 0[0m
[33m[WARN] [1782549031.546553611]:  little feature 0[0m
[33m[WARN] [1782549032.287704259]:  little feature 0[0m
[33m[WARN] [1782549032.407194839]:  little feature 1[0m
[33m[WARN] [1782549032.698649940]:  little feature 0[0m
[33m[WARN] [1782549033.019775950]:  little feature 0[0m
[33m[WARN] [1782549033.271885590]:  little feature 0[0m
[33m[WARN] [1782549033.560729788]:  little feature 0[0m
[33m[WARN] [1782549033.973620415]:  little feature 1[0m
[33m[WARN] [1782549034.058799435]:  little feature 1[0m
[33m[WARN] [1782549034.341648796]:  little feature 0[0m
[33m[WARN] [1782549034.501745688]:  little feature 0[0m
[33m[WARN] [1782549035.363551579]:  little feature 1[0m
[33m[WARN] [1782549035.614131290]:  little feature 0[0m
[33m[WARN] [1782549035.938729797]:  little feature 1[0m
[33m[WARN] [1782549036.930919202]:  little feature 0[0m
[33m[WARN] [1782549036.968788944]:  little feature 0[0m
[33m[WARN] [1782549041.021394977]:  little feature 1[0m
[33m[WARN] [1782549041.481671901]:  little feature 1[0m
[33m[WARN] [1782549041.529335258]:  little feature 0[0m
[33m[WARN] [1782549041.817858894]:  little feature 0[0m
[33m[WARN] [1782549042.106624666]:  little feature 1[0m
[33m[WARN] [1782549042.270957310]:  little feature 1[0m
[33m[WARN] [1782549047.671175348]:  little feature 1[0m
[33m[WARN] [1782549050.703010918]:  little feature 1[0m
[33m[WARN] [1782549050.880059846]:  little feature 1[0m
[33m[WARN] [1782549052.254835427]:  little feature 1[0m
[33m[WARN] [1782549052.793765594]:  little feature 1[0m
[33m[WARN] [1782549052.919626723]:  little feature 0[0m
[33m[WARN] [1782549053.551696133]:  little feature 0[0m
[33m[WARN] [1782549053.873580172]:  little feature 0[0m
[33m[WARN] [1782549054.078388685]:  little feature 0[0m
[33m[WARN] [1782549055.280287625]:  little feature 0[0m
[33m[WARN] [1782549055.320515880]:  little feature 0[0m
[33m[WARN] [1782549055.374235828]:  little feature 0[0m
[33m[WARN] [1782549069.500436210]: Shutdown request received.[0m
[33m[WARN] [1782549069.501028981]: Reason given for shutdown: [user request][0m
[33m[WARN] [1782549069.501804642]: Shutdown request received.[0m
[33m[WARN] [1782549069.501833105]: Reason given for shutdown: [user request][0m
[33m[WARN] [1782549069.502223069]: Shutdown request received.[0m
[33m[WARN] [1782549069.502257264]: Reason given for shutdown: [user request][0m
[33m[WARN] [1782549069.502671180]: Shutdown request received.[0m
[33m[WARN] [1782549069.502701604]: Reason given for shutdown: [user request][0m
terminate called without an active exception
