[0m[INFO] [1782549336.584988882]: init begins[0m
[0m[INFO] [1782549336.587788410]: Loaded config_file: /tmp/esvio_cfg/esvio.yaml[0m
result path /home/cpy/Datasets/output/esvio_result_no_loop.csv
[33m[WARN] [1782549336.588515100]:  fix extrinsic param [0m
[0m[INFO] [1782549336.588498633]: ROW_Image: 1024.000000 COL_Image: 1224.000000 [0m
[0m[INFO] [1782549336.588509400]: ROW_Event: 480.000000 COL_EVENT: 640.000000 [0m
[0m[INFO] [1782549336.588553030]: give an T to the extrinsic of cam [0m
[0m[INFO] [1782549336.588559305]: give an T to the extrinsic of event [0m
[0m[INFO] [1782549336.588581862]: Extrinsic_R : 
  0.0172486   0.0128346    0.999769
  -0.999804 -0.00952696   0.0173715
 0.00974772   -0.999872   0.0126678[0m
[0m[INFO] [1782549336.588591924]: Extrinsic_T : 
 0.143665 0.0796728 -0.015555[0m
[0m[INFO] [1782549336.588607192]: Extrinsic_R_event : 
 0.0112035  0.0218441   0.999699
  -0.99976 -0.0185542  0.0116097
 0.0188022  -0.999589   0.021631[0m
[0m[INFO] [1782549336.588616308]: Extrinsic_T_event : 
 0.129075 0.0793087 0.0250862[0m
[0m[INFO] [1782549336.589792296]: parameters.cpp: gravity_norm: 1.000000[0m
parameters.cpp: Not use sampson model
parameters.cpp: Yes use geometric correction
[33m[WARN] [1782549336.590668757]: waiting for event, image and imu...[0m
[33m[WARN] [1782549336.612887210]: into event point feature detection and tracking[0m
[33m[WARN] [1782549336.618657110]: into stereo image feature detection and tracking[0m
vocabulary_file/catkin_ws_dvs/src/ESVIO/pose_graph/support_files/brief_k10L6.bin
loop start load vocabulary
BRIEF_PATTERN_FILE/catkin_ws_dvs/src/ESVIO/pose_graph/support_files/brief_pattern.yml
Failed to create folder  
[0m[INFO] [1782549336.616762421]: Loaded config_file: /tmp/esvio_cfg/esvio.yaml[0m
[0m[INFO] [1782549336.617873699]: Loaded esvio_folder: /tmp/esvio_cfg/[0m
[0m[INFO] [1782549336.617948360]: Rrl_event: 
   0.99968  0.0200383  0.0154395
-0.0200188   0.999799 -0.0014144
-0.0154648 0.00110486    0.99988[0m
[0m[INFO] [1782549336.617960073]: Trl_event: 
 -0.170177 0.00146904 0.00486952[0m
[0m[INFO] [1782549336.617969987]: reading paramerter of camera /tmp/esvio_cfg//event0_esvio.yaml[0m
[0m[INFO] [1782549336.625863157]: reading paramerter of camera /tmp/esvio_cfg//event1_esvio.yaml[0m
327.485       0     320
      0 327.554     240
      0       0       1
[33m[WARN] [1782549354.099372902]: gyroscope bias initial calibration 8.14956e-05  0.00285143 -0.00509429[0m
[33m[WARN] [1782549354.102546819]: estimated scale: -0.003331[0m
[33m[WARN] [1782549354.102579306]:  result g     9.69198  -1.8239 -8.33841 -4.59117[0m
[33m[WARN] [1782549354.348036384]: gyroscope bias initial calibration -0.00259126  0.00145843 -0.00227417[0m
[33m[WARN] [1782549354.350009616]: estimated scale: -0.003385[0m
[33m[WARN] [1782549354.350029687]:  result g     9.69344 -1.84553 -8.36486 -4.53717[0m
[33m[WARN] [1782549354.602172465]: gyroscope bias initial calibration  0.00100569 -0.00500831  9.6317e-05[0m
[33m[WARN] [1782549354.604146343]: estimated scale: -0.003767[0m
[33m[WARN] [1782549354.604166350]:  result g     9.69432 -1.80568 -8.32444 -4.62851[0m
[0m[INFO] [1782549336.589825667]: Extrinsic_R2 : 
 0.0144479  0.0110884   0.999834
 -0.999779  0.0154503  0.0142757
-0.0152894  -0.999819  0.0113092[0m
[0m[INFO] [1782549336.589837360]: Extrinsic_T2 : 
  0.142001 -0.0914988  -0.014918[0m
[0m[INFO] [1782549336.589857297]: Rrl: 
   0.999685    0.024912 -0.00309425
 -0.0249159    0.999689 -0.00124826
 0.00306219  0.00132497    0.999994[0m
[0m[INFO] [1782549336.589867380]: Trl: 
 -0.171154 0.00323261 0.00407665[0m
[0m[INFO] [1782549336.590024201]: Loaded esvio_folder: /tmp/esvio_cfg/[0m
[0m[INFO] [1782549336.590048154]: Extrinsic_R2_event : 
  0.0270726   0.0202015    0.999429
  -0.999633   0.0014471   0.0270488
-0.00089984   -0.999795   0.0202332[0m
[0m[INFO] [1782549336.590069261]: Extrinsic_T2_event : 
  0.128785 -0.0909398  0.0263033[0m
[0m[INFO] [1782549336.590091433]: Rrl_event: 
   0.99968  0.0200383  0.0154395
-0.0200188   0.999799 -0.0014144
-0.0154648 0.00110486    0.99988[0m
[0m[INFO] [1782549336.590101267]: Trl_event: 
 -0.170177 0.00146904 0.00486952[0m
[0m[INFO] [1782549336.590362126]: Loaded esvio_folder: /tmp/esvio_cfg/[0m
[0m[INFO] [1782549336.590395548]: Synchronized sensors, fix time offset: 0.00839259[0m
[0m[INFO] [1782549336.590407506]: estimator.cpp: reading paramerter of camera /tmp/esvio_cfg/cam0_esvio.yaml[0m
[0m[INFO] [1782549336.590520927]: estimator.cpp: reading paramerter of camera /tmp/esvio_cfg/cam1_esvio.yaml[0m
[0m[INFO] [1782549336.590574518]: estimator.cpp: reading paramerter of camera /tmp/esvio_cfg/event0_esvio.yaml[0m
[0m[INFO] [1782549336.590621701]: estimator.cpp: reading paramerter of camera /tmp/esvio_cfg/event1_esvio.yaml[0m
[0m[INFO] [1782549352.072026084]: esvio Not enough features or parallax; Move device around[0m
[0m[INFO] [1782549352.072122766]: evio Not enough features or parallax; Move device around[0m
[0m[INFO] [1782549352.459290724]: esvio IMU excitation not enouth![0m
[0m[INFO] [1782549352.459735599]: esvio Not enough features or parallax; Move device around[0m
[0m[INFO] [1782549352.459766288]: evio IMU excitation not enough![0m
[0m[INFO] [1782549352.459866218]: evio Not enough features or parallax; Move device around[0m
[0m[INFO] [1782549352.740113401]: esvio IMU excitation not enouth![0m
[0m[INFO] [1782549352.740534442]: esvio Not enough features or parallax; Move device around[0m
[0m[INFO] [1782549352.740564689]: evio IMU excitation not enough![0m
[0m[INFO] [1782549352.740683036]: evio Not enough features or parallax; Move device around[0m
[0m[INFO] [1782549353.030739741]: esvio Not enough features or parallax; Move device around[0m
[0m[INFO] [1782549353.030841801]: evio Not enough features or parallax; Move device around[0m
[0m[INFO] [1782549353.579969025]: esvio Not enough features or parallax; Move device around[0m
[0m[INFO] [1782549353.580126949]: evio Not enough features or parallax; Move device around[0m
[0m[INFO] [1782549354.064709048]: esvio Not enough features or parallax; Move device around[0m
[0m[INFO] [1782549354.066553995]: average_parallax 30.318369 choose l 0 and newest frame to triangulate the whole structure[0m
[0m[INFO] [1782549354.093932284]: global SFM success![0m
[0m[INFO] [1782549354.102594116]: misalign visual structure with IMU[0m
[0m[INFO] [1782549354.316048231]: esvio Not enough features or parallax; Move device around[0m
[0m[INFO] [1782549354.317242934]: average_parallax 38.703152 choose l 0 and newest frame to triangulate the whole structure[0m
[0m[INFO] [1782549354.343474573]: global SFM success![0m
[0m[INFO] [1782549354.350037100]: misalign visual structure with IMU[0m
[0m[INFO] [1782549354.564347061]: esvio Not enough features or parallax; Move device around[0m
[0m[INFO] [1782549354.565575290]: average_parallax 51.674220 choose l 0 and newest frame to triangulate the whole structure[0m
[0m[INFO] [1782549354.598381690]: global SFM success![0m
[0m[INFO] [1782549354.604174099]: misalign visual structure with IMU[0m
[0m[INFO] [1782549354.960989328]: esvio Not enough features or parallax; Move device around[0m
[33m[WARN] [1782549354.996827725]: gyroscope bias initial calibration -0.00327192   0.0108531  -0.0017922[0m
[33m[WARN] [1782549354.998875745]: estimated scale: -0.005573[0m
[33m[WARN] [1782549354.998892200]:  result g     9.69374 -1.85108 -8.36143 -4.54188[0m
[33m[WARN] [1782549355.690632789]: gyroscope bias initial calibration 0.00291544 -0.0177145  0.0032067[0m
[33m[WARN] [1782549355.692919226]: estimated scale: -0.003937[0m
[33m[WARN] [1782549355.692945309]:  result g     9.69493 -1.76846  -8.3509 -4.59638[0m
[33m[WARN] [1782549355.950874864]: gyroscope bias initial calibration -0.00166859  0.00209002   0.0152585[0m
[33m[WARN] [1782549355.953040025]: estimated scale: -0.008001[0m
[33m[WARN] [1782549355.953060990]:  result g     9.69385  -1.7243 -8.40501 -4.51147[0m
[33m[WARN] [1782549357.129622310]: ---------------5points----------------[0m
[33m[WARN] [1782549357.129659587]: input points 122 2D inliers 3D inliers 58[0m
[33m[WARN] [1782549357.339443472]: gyroscope bias initial calibration -0.015158 0.0101041 0.0555926[0m
[33m[WARN] [1782549357.342343681]: estimated scale: 0.044680[0m
[33m[WARN] [1782549357.342417946]:  result g     9.7052 -1.56551 -8.47309 -4.46618[0m
[33m[WARN] [1782549357.342743947]:  refine     9.80766 -1.68969   -8.564 -4.47137[0m
[33m[WARN] [1782549357.342761185]: estimated scale after RefineGravity: 0.068957[0m
[33m[WARN] [1782549506.586429148]: Shutdown request received.[0m
[33m[WARN] [1782549506.587057897]: Reason given for shutdown: [user request][0m
[33m[WARN] [1782549506.588007325]: Shutdown request received.[0m
[33m[WARN] [1782549506.588037262]: Reason given for shutdown: [user request][0m
[33m[WARN] [1782549506.588481903]: Shutdown request received.[0m
[33m[WARN] [1782549506.588517979]: Reason given for shutdown: [user request][0m
[33m[WARN] [1782549506.588864899]: Shutdown request received.[0m
[33m[WARN] [1782549506.588891062]: Reason given for shutdown: [user request][0m
terminate called without an active exception
