isTUMDataset: 0
isTUMDataset: 0
WARNING: Logging before InitGoogleLogging() is written to STDERR
I0713 19:00:01.333127   142 ImageRepresentation.cpp:60] [32mLeft event representation node is up [0m
WARNING: Logging before InitGoogleLogging() is written to STDERR
I0713 19:00:01.334023   143 ImageRepresentation.cpp:62] [32mRight event representation node is up [0m
[0m[INFO] [1783969201.310262677]: Camera information is loaded (Distortion model plumb_bob).[0m
[0m[INFO] [1783969201.332190849]: Undistorted-Rectified Look-Up Table with Distortion model: plumb_bob[0m
[0m[INFO] [1783969201.333751949]: Undistorted-Rectified Look-Up Table has been computed.[0m
[0m[INFO] [1783969210.658723070, 1642661812.869185861]: Sensor size: (640 x 480)[0m
===========================
[0m[INFO] [1783969201.309003847]: Camera information is loaded (Distortion model plumb_bob).[0m
[0m[INFO] [1783969201.331275466]: Undistorted-Rectified Look-Up Table with Distortion model: plumb_bob[0m
[0m[INFO] [1783969201.332827349]: Undistorted-Rectified Look-Up Table has been computed.[0m
[0m[INFO] [1783969210.667174415, 1642661812.871197990]: Sensor size: (640 x 480)[0m
===========================
Before update - first_event_time_: -1.000000  = 1642661812.855147
Before update - first_event_time_: -1.000000  = 1642661812.853767
After update - first_event_time_: 1642661812.855147  = 1642661812.855147
After update - first_event_time_: 1642661812.853767  = 1642661812.853767
[33m[WARN] [1783969384.996086026, 1642661843.637798399]: Shutdown request received.[0m
[33m[WARN] [1783969384.996126679, 1642661843.637798399]: Reason given for shutdown: [user request][0m
[33m[WARN] [1783969384.996528347, 1642661843.637798399]: Shutdown request received.[0m
[33m[WARN] [1783969384.996552910, 1642661843.637798399]: Reason given for shutdown: [user request][0m
