[0m[INFO] [1782894732.330074037]: init begins[0m
[0m[INFO] [1782894732.332986753]: Loaded config_file: /tmp/esvio_cfg/esvio.yaml[0m
result path /home/cpy/Datasets/output/esvio_result_no_loop.csv
[33m[WARN] [1782894732.333674553]:  fix extrinsic param [0m
[0m[INFO] [1782894732.333657647]: ROW_Image: 1024.000000 COL_Image: 1224.000000 [0m
[0m[INFO] [1782894732.333668677]: ROW_Event: 480.000000 COL_EVENT: 640.000000 [0m
[0m[INFO] [1782894732.333708338]: give an T to the extrinsic of cam [0m
[0m[INFO] [1782894732.333714544]: give an T to the extrinsic of event [0m
[0m[INFO] [1782894732.333737951]: Extrinsic_R : 
  0.0172486   0.0128346    0.999769
  -0.999804 -0.00952696   0.0173715
 0.00974772   -0.999872   0.0126678[0m
[0m[INFO] [1782894732.333747762]: Extrinsic_T : 
 0.143665 0.0796728 -0.015555[0m
[0m[INFO] [1782894732.333762835]: Extrinsic_R_event : 
 0.0112035  0.0218441   0.999699
  -0.99976 -0.0185542  0.0116097
 0.0188022  -0.999589   0.021631[0m
[0m[INFO] [1782894732.333771508]: Extrinsic_T_event : 
 0.129075 0.0793087 0.0250862[0m
[0m[INFO] [1782894732.334739452]: parameters.cpp: gravity_norm: 1.000000[0m
parameters.cpp: Not use sampson model
parameters.cpp: Yes use geometric correction
[33m[WARN] [1782894732.335515995]: waiting for event and imu...[0m
[33m[WARN] [1782894732.359309891]: into event point feature detection and tracking[0m
vocabulary_file/catkin_ws_dvs/src/ESVIO/pose_graph/support_files/brief_k10L6.bin
loop start load vocabulary
BRIEF_PATTERN_FILE/catkin_ws_dvs/src/ESVIO/pose_graph/support_files/brief_pattern.yml
Failed to create folder  
[0m[INFO] [1782894732.362014310]: Loaded config_file: /tmp/esvio_cfg/esvio.yaml[0m
[0m[INFO] [1782894732.362745288]: Loaded esvio_folder: /tmp/esvio_cfg/[0m
[0m[INFO] [1782894732.362839310]: Rrl_event: 
   0.99968  0.0200383  0.0154395
-0.0200188   0.999799 -0.0014144
-0.0154648 0.00110486    0.99988[0m
[0m[INFO] [1782894732.362852098]: Trl_event: 
 -0.170177 0.00146904 0.00486952[0m
[0m[INFO] [1782894732.362862104]: reading paramerter of camera /tmp/esvio_cfg//event0_esvio.yaml[0m
[0m[INFO] [1782894732.370517884]: reading paramerter of camera /tmp/esvio_cfg//event1_esvio.yaml[0m
327.485       0     320
      0 327.554     240
      0       0       1
[33m[WARN] [1782894746.419058970]: gyroscope bias initial calibration -0.00133922 -0.00268317  0.00048758[0m
[33m[WARN] [1782894746.420839308]: estimated scale: -0.000398[0m
[33m[WARN] [1782894746.420862757]:  result g     9.72244 -0.727813  -7.77325  -5.79419[0m
WARNING: Logging before InitGoogleLogging() is written to STDERR
W0701 08:32:26.913177   218 levenberg_marquardt_strategy.cc:114] Linear solver failure. Failed to compute a step: Eigen failure. Unable to perform dense Cholesky factorization.
W0701 08:32:26.914004   218 levenberg_marquardt_strategy.cc:114] Linear solver failure. Failed to compute a step: Eigen failure. Unable to perform dense Cholesky factorization.
W0701 08:32:26.915791   218 levenberg_marquardt_strategy.cc:114] Linear solver failure. Failed to compute a step: Eigen failure. Unable to perform dense Cholesky factorization.
W0701 08:32:26.918454   218 levenberg_marquardt_strategy.cc:114] Linear solver failure. Failed to compute a step: Eigen failure. Unable to perform dense Cholesky factorization.
W0701 08:32:26.918982   218 levenberg_marquardt_strategy.cc:114] Linear solver failure. Failed to compute a step: Eigen failure. Unable to perform dense Cholesky factorization.
W0701 08:32:26.921715   218 levenberg_marquardt_strategy.cc:114] Linear solver failure. Failed to compute a step: Eigen failure. Unable to perform dense Cholesky factorization.
[33m[WARN] [1782894746.934598230]: gyroscope bias initial calibration -0.00463207  0.00506802 -0.00960042[0m
[33m[WARN] [1782894746.936519788]: estimated scale: 0.002089[0m
[33m[WARN] [1782894746.936546509]:  result g     9.69719 -0.624258  -7.90891  -5.57629[0m
[33m[WARN] [1782894746.936715265]:  refine     9.80766 -0.629004  -7.99532  -5.64529[0m
[33m[WARN] [1782894746.936724942]: estimated scale after RefineGravity: 0.003671[0m
[0m[INFO] [1782894732.334772977]: Extrinsic_R2 : 
 0.0144479  0.0110884   0.999834
 -0.999779  0.0154503  0.0142757
-0.0152894  -0.999819  0.0113092[0m
[0m[INFO] [1782894732.334784144]: Extrinsic_T2 : 
  0.142001 -0.0914988  -0.014918[0m
[0m[INFO] [1782894732.334803128]: Rrl: 
   0.999685    0.024912 -0.00309425
 -0.0249159    0.999689 -0.00124826
 0.00306219  0.00132497    0.999994[0m
[0m[INFO] [1782894732.334812818]: Trl: 
 -0.171154 0.00323261 0.00407665[0m
[0m[INFO] [1782894732.334961131]: Loaded esvio_folder: /tmp/esvio_cfg/[0m
[0m[INFO] [1782894732.334984211]: Extrinsic_R2_event : 
  0.0270726   0.0202015    0.999429
  -0.999633   0.0014471   0.0270488
-0.00089984   -0.999795   0.0202332[0m
[0m[INFO] [1782894732.334993876]: Extrinsic_T2_event : 
  0.128785 -0.0909398  0.0263033[0m
[0m[INFO] [1782894732.335011803]: Rrl_event: 
   0.99968  0.0200383  0.0154395
-0.0200188   0.999799 -0.0014144
-0.0154648 0.00110486    0.99988[0m
[0m[INFO] [1782894732.335020921]: Trl_event: 
 -0.170177 0.00146904 0.00486952[0m
[0m[INFO] [1782894732.335222185]: Loaded esvio_folder: /tmp/esvio_cfg/[0m
[0m[INFO] [1782894732.335235696]: Synchronized sensors, fix time offset: 0.00839259[0m
[0m[INFO] [1782894732.335247511]: estimator.cpp: reading paramerter of camera /tmp/esvio_cfg/cam0_esvio.yaml[0m
[0m[INFO] [1782894732.335371662]: estimator.cpp: reading paramerter of camera /tmp/esvio_cfg/cam1_esvio.yaml[0m
[0m[INFO] [1782894732.335423503]: estimator.cpp: reading paramerter of camera /tmp/esvio_cfg/event0_esvio.yaml[0m
[0m[INFO] [1782894732.335469873]: estimator.cpp: reading paramerter of camera /tmp/esvio_cfg/event1_esvio.yaml[0m
[0m[INFO] [1782894745.820162997]: esvio Not enough features or parallax; Move device around[0m
[0m[INFO] [1782894745.820273911]: evio Not enough features or parallax; Move device around[0m
[0m[INFO] [1782894746.023230982]: esvio Not enough features or parallax; Move device around[0m
[0m[INFO] [1782894746.028774985]: evio Not enough features or parallax; Move device around[0m
[0m[INFO] [1782894746.119682841]: esvio IMU excitation not enouth![0m
[0m[INFO] [1782894746.132028301]: esvio Not enough features or parallax; Move device around[0m
[0m[INFO] [1782894746.132122319]: evio IMU excitation not enough![0m
[0m[INFO] [1782894746.144096998]: evio Not enough features or parallax; Move device around[0m
[0m[INFO] [1782894746.316438164]: esvio IMU excitation not enouth![0m
[0m[INFO] [1782894746.346105257]: esvio Not enough features or parallax; Move device around[0m
[0m[INFO] [1782894746.346160239]: evio IMU excitation not enough![0m
[0m[INFO] [1782894746.368023530]: average_parallax 37.370236 choose l 5 and newest frame to triangulate the whole structure[0m
unstable features tracking, please slowly move you device!
[0m[INFO] [1782894746.417995220]: global SFM success![0m
[0m[INFO] [1782894746.420872870]: misalign visual structure with IMU[0m
[0m[INFO] [1782894746.519068497]: esvio IMU excitation not enouth![0m
[0m[INFO] [1782894746.542393520]: esvio Not enough features or parallax; Move device around[0m
[0m[INFO] [1782894746.542442785]: evio IMU excitation not enough![0m
[0m[INFO] [1782894746.566270123]: evio Not enough features or parallax; Move device around[0m
[0m[INFO] [1782894746.619905827]: esvio IMU excitation not enouth![0m
[0m[INFO] [1782894746.647497504]: esvio Not enough features or parallax; Move device around[0m
[0m[INFO] [1782894746.647566719]: evio IMU excitation not enough![0m
[0m[INFO] [1782894746.675431224]: evio Not enough features or parallax; Move device around[0m
[0m[INFO] [1782894746.819577696]: esvio IMU excitation not enouth![0m
[0m[INFO] [1782894746.848605532]: esvio Not enough features or parallax; Move device around[0m
[0m[INFO] [1782894746.848672196]: evio IMU excitation not enough![0m
[0m[INFO] [1782894746.876920340]: average_parallax 31.917431 choose l 6 and newest frame to triangulate the whole structure[0m
[0m[INFO] [1782894746.932898131]: global SFM success![0m
[0m[INFO] [1782894746.956933722]: Initial[33m[WARN] [1782894813.203970125]: Shutdown request received.[0m
[33m[WARN] [1782894813.204673936]: Reason given for shutdown: [user request][0m
[33m[WARN] [1782894813.205643650]: Shutdown request received.[0m
[33m[WARN] [1782894813.205673556]: Reason given for shutdown: [user request][0m
[33m[WARN] [1782894813.206034355]: Shutdown request received.[0m
[33m[WARN] [1782894813.206073363]: Reason given for shutdown: [user request][0m
