[93mInitialized new /root/.evo/settings.json[39m
Calibration information directory: /catkin_ws/src/SDEVO/image_representation/calib/vector
Configuration file directory: /catkin_ws/src/SDEVO/DEVO/config/evaluation/eval_vector.yaml
Weights file directory: /catkin_ws/src/SDEVO/DEVO/DEVO.pth
Base line: 0.17000000000000004
Intrinsics: tensor([347.0000, 347.0000, 312.5000, 233.5000], device='cuda:0',
       dtype=torch.float16)
BUFFER_SIZE: 4096
GRADIENT_BIAS: False
KEYFRAME_INDEX: 4
KEYFRAME_THRESH: 15.0
MAX_DEPTH: 1000.0
MIN_DEPTH: 0.1
MIXED_PRECISION: True
MOTION_DAMPING: 0.5
MOTION_MODEL: DAMPED_LINEAR
NORM: std
OPTIMIZATION_WINDOW: 10
PATCHES_PER_FRAME: 96
PATCH_LIFETIME: 10
PATCH_SELECTOR: scorer
REMOVAL_WINDOW: 10
SCORER_EVAL_MODE: multi
SCORER_EVAL_USE_GRID: True
SEARCH_RANGE: 100
baseline: 0.17000000000000004
save_traj_dir: /catkin_ws/src/SDEVO/DEVO/output/poses_tum_format.txt
Loading from /catkin_ws/src/SDEVO/DEVO/DEVO.pth
DEVO initialized
n:  0
skip voxel at 1642515318828622.2 due to lack of events!
n:  0
skip voxel at 1642515318928623.5 due to lack of events!
n:  0
skip voxel at 1642515319028655.5 due to lack of events!
n:  0
skip voxel at 1642515319129187.2 due to lack of events!
n:  0
skip voxel at 1642515319232668.5 due to lack of events!
n:  0
skip voxel at 1642515319328758.5 due to lack of events!
n:  0
skip voxel at 1642515319428677.5 due to lack of events!
n:  0
n:  1
n:  2
n:  2
n:  2
n:  3
n:  4
n:  5
n:  5
n:  6
n:  7
n:  8
n:  8
n:  8
n:  8
n:  8
n:  8
n:  8
n:  8
n:  8
n:  8
n:  8
n:  8
n:  8
n:  8
n:  8
n:  8
n:  8
n:  8
n:  8
n:  8
n:  8
n:  8
n:  8
n:  8
n:  8
n:  8
n:  8
n:  8
n:  8
n:  8
n:  8
n:  8
n:  8
n:  9
n:  9
n:  9
n:  9
n:  9
n:  9
n:  9
n:  10
n:  10
n:  10
n:  10
n:  10
n:  10
n:  10
n:  11
n:  11
n:  11
n:  11
n:  11
n:  11
n:  11
n:  12
n:  12
n:  12
n:  12
n:  12
n:  13
n:  13
n:  13
n:  13
n:  14
n:  14
n:  14
n:  14
n:  14
n:  15
n:  15
n:  15
n:  15
n:  15
n:  16
n:  16
n:  16
n:  16
n:  16
n:  17
n:  17
n:  17
n:  17
n:  17
n:  18
n:  18
n:  18
n:  18
n:  18
n:  18
n:  19
n:  19
n:  19
n:  19
n:  19
n:  19
n:  20
n:  20
n:  20
n:  20
n:  20
n:  21
n:  21
n:  21
n:  21
n:  21
n:  22
n:  22
n:  22
n:  22
n:  23
n:  23
n:  23
n:  23
n:  23
n:  24
n:  24
n:  24
n:  24
n:  24
n:  25
n:  25
n:  25
n:  25
n:  25
n:  25
n:  26
n:  26
n:  26
n:  26
n:  26
n:  26
n:  26
n:  27
n:  27
n:  27
n:  27
n:  27
n:  27
n:  28
n:  28
n:  28
n:  28
n:  28
n:  29
n:  29
n:  29
n:  29
n:  30
n:  30
n:  30
n:  30
n:  30
n:  30
n:  30
n:  31
n:  31
n:  32
n:  32
n:  33
n:  33
n:  33
n:  34
n:  34
n:  35
n:  35
n:  36
n:  36
n:  36
n:  37
n:  37
n:  37
n:  38
n:  38
n:  38
n:  38
n:  38
n:  39
n:  39
n:  39
n:  40
n:  40
n:  40
n:  41
n:  41
n:  42
n:  42
n:  43
n:  43
n:  44
n:  44
n:  44
n:  44
n:  44
n:  45
n:  45
n:  45
n:  45
n:  46
n:  46
n:  47
n:  47
n:  48
n:  48
n:  49
n:  49
n:  50
n:  50
n:  51
n:  51
n:  52
n:  52
n:  53
n:  53
n:  54
n:  54
n:  54
n:  55
n:  55
n:  55
n:  55
n:  55
n:  56
n:  56
n:  56
n:  57
n:  57
n:  57
n:  58
n:  58
n:  58
n:  59
n:  59
n:  60
n:  60
n:  61
n:  61
n:  62
n:  62
n:  63
n:  63
n:  64
n:  64
n:  65
n:  65
n:  66
n:  66
n:  66
n:  67
n:  67
n:  67
n:  68
n:  68
n:  68
n:  68
n:  69
n:  69
n:  69
n:  69
n:  70
n:  70
n:  70
n:  70
n:  71
n:  71
n:  71
n:  72
n:  72
n:  73
n:  73
n:  74
n:  74
n:  75
n:  75
n:  76
n:  76
n:  77
n:  77
n:  78
n:  78
n:  78
n:  79
n:  79
n:  79
n:  79
n:  80
n:  80
n:  80
n:  80
n:  80
n:  81
n:  81
n:  81
n:  82
n:  82
n:  82
n:  83
n:  83
n:  84
n:  84
n:  85
n:  85
n:  85
n:  86
n:  86
n:  86
n:  87
n:  87
n:  87
n:  87
n:  88
n:  88
n:  88
n:  88
n:  89
n:  89
n:  90
n:  90
n:  91
n:  91
n:  92
n:  92
n:  93
n:  93
n:  94
n:  94
n:  95
n:  95
n:  96
n:  96
n:  96
n:  96
n:  96
n:  96
n:  97
n:  97
n:  97
n:  98
n:  98
n:  99
n:  99
n:  100
n:  100
n:  101
n:  101
n:  102
n:  102
n:  103
n:  103
n:  104
n:  104
n:  105
n:  105
n:  106
n:  106
n:  107
n:  107
n:  107
n:  108
n:  108
n:  108
n:  108
n:  109
n:  109
n:  109
n:  109
n:  110
n:  110
n:  110
n:  110
n:  111
n:  111
n:  112
n:  112
n:  113
n:  113
n:  114
n:  114
n:  115
n:  115
n:  116
n:  116
n:  117
n:  117
n:  117
n:  118
n:  118
n:  118
n:  118
n:  118
n:  118
n:  119
n:  119
n:  119
n:  120
n:  120
n:  121
n:  121
n:  122
n:  122
n:  123
n:  123
n:  124
n:  124
n:  125
n:  125
n:  126
n:  126
n:  126
n:  126
n:  127
n:  127
n:  128
n:  128
n:  129
n:  129
n:  130
n:  130
n:  131
n:  131
n:  132
n:  132
n:  133
n:  133
n:  134
n:  134
n:  135
n:  135
n:  136
n:  136
n:  136
n:  136
n:  137
n:  137
n:  137
n:  137
n:  137
n:  138
n:  138
n:  139
n:  139
n:  140
n:  141
n:  142
n:  143
n:  143
n:  144
n:  144
n:  145
n:  145
n:  146
n:  146
n:  146
n:  147
n:  147
n:  147
n:  148
n:  148
n:  148
n:  148
n:  148
n:  148
n:  149
n:  149
n:  150
n:  150
n:  151
n:  151
n:  151
n:  152
n:  152
n:  152
n:  153
n:  153
n:  153
n:  154
n:  154
n:  154
n:  155
n:  155
n:  156
n:  156
n:  156
n:  157
n:  157
n:  157
n:  157
n:  158
n:  158
n:  158
n:  159
n:  159
n:  160
n:  160
n:  161
n:  161
n:  162
n:  162
n:  163
n:  163
n:  163
n:  163
n:  163
n:  163
n:  163
n:  163
n:  163
n:  164
n:  164
n:  164
n:  165
n:  165
n:  165
n:  166
n:  166
n:  166
n:  166
n:  167
n:  167
n:  167
n:  167
n:  167
n:  167
n:  167
n:  167
n:  168
n:  168
n:  168
n:  169
n:  169
n:  169
n:  170
n:  170
n:  170
n:  171
n:  171
n:  171
n:  171
n:  171
n:  172
n:  172
n:  172
n:  172
n:  172
n:  173
n:  173
n:  173
n:  174
n:  174
n:  175
n:  175
n:  176
n:  176
n:  177
n:  177
n:  178
n:  178
n:  178
n:  178
n:  178
n:  179
n:  179
n:  179
n:  179
n:  180
n:  180
n:  181
n:  182
n:  183
n:  184
n:  184
n:  185
n:  186
n:  186
n:  187
n:  187
n:  187
n:  187
n:  187
n:  188
n:  188
n:  188
n:  189
n:  189
n:  189
n:  190
n:  190
n:  191
n:  192
n:  193
n:  194
n:  195
n:  196
n:  196
n:  197
n:  197
n:  197
n:  198
n:  198
n:  199
n:  200
n:  201
n:  202
n:  203
n:  204
n:  205
n:  206
n:  207
n:  208
n:  209
n:  210
n:  210
n:  211
n:  211
n:  212
n:  212
n:  212
n:  213
n:  213
n:  213
n:  214
n:  214
n:  214
n:  215
n:  215
n:  216
n:  216
n:  217
n:  217
n:  218
n:  218
n:  219
n:  220
n:  221
n:  222
n:  223
n:  224
n:  224
n:  225
n:  225
n:  226
n:  226
n:  226
n:  226
n:  227
n:  227
n:  227
n:  228
n:  228
n:  228
n:  228
n:  229
n:  229
n:  229
n:  229
n:  230
n:  230
n:  230
n:  230
n:  230
n:  230
n:  230
n:  230
n:  230
n:  231
n:  231
n:  231
n:  231
n:  231
n:  232
n:  232
n:  232
n:  233
n:  233
n:  233
n:  234
n:  234
n:  234
n:  235
n:  235
n:  235
n:  235
n:  236
n:  236
n:  236
n:  237
n:  237
n:  237
n:  237
n:  238
n:  238
n:  238
n:  238
n:  239
n:  239
n:  239
n:  240
n:  240
n:  241
n:  242
n:  242
n:  243
n:  243
n:  244
n:  244
n:  245
n:  245
n:  246
n:  246
n:  246
n:  247
n:  247
n:  247
n:  247
n:  247
n:  248
n:  248
n:  248
n:  248
n:  248
n:  248
n:  249
n:  249
n:  249
n:  250
n:  250
n:  251
n:  251
n:  252
n:  252
n:  253
n:  253
n:  253
n:  253
n:  253
n:  253
n:  253
n:  253
n:  253
n:  254
n:  254
n:  255
n:  255
n:  256
n:  256
n:  257
n:  257
n:  258
n:  258
n:  259
n:  259
n:  260
n:  260
n:  260
n:  260
n:  261
n:  261
n:  261
n:  261
n:  261
n:  262
n:  262
n:  263
n:  263
n:  264
n:  265
n:  266
n:  267
n:  268
n:  269
n:  269
n:  270
n:  270
n:  271
n:  271
n:  271
n:  272
n:  272
n:  272
n:  272
n:  272
n:  272
n:  273
n:  273
n:  274
n:  275
n:  276
n:  277
n:  277
n:  278
n:  278
n:  279
n:  279
n:  280
n:  281
n:  282
n:  282
n:  283
n:  283
n:  283
n:  284
n:  284
n:  284
n:  284
n:  284
n:  285
n:  285
n:  285
n:  286
n:  286
n:  287
n:  287
n:  288
n:  288
n:  289
n:  290
n:  291
n:  292
n:  292
n:  293
n:  293
n:  293
n:  293
n:  294
n:  294
n:  295
n:  295
n:  296
n:  297
n:  298
n:  299
n:  299
n:  300
n:  300
n:  300
n:  300
n:  300
n:  300
n:  300
n:  300
n:  301
n:  301
n:  302
n:  303
n:  304
n:  305
n:  305
n:  306
n:  306
n:  307
n:  307
n:  308
n:  308
n:  308
n:  308
n:  308
n:  309
n:  309
n:  309
n:  310
n:  310
n:  311
n:  312
n:  313
n:  314
n:  314
n:  315
n:  316
n:  317
n:  318
n:  318
n:  319
n:  319
n:  319
n:  319
n:  319
n:  319
n:  319
n:  320
n:  320
n:  320
n:  320
n:  321
n:  321
n:  321
n:  321
n:  321
n:  321
n:  321
n:  321
n:  321
n:  321
n:  321
[INFO] [1783970125.839389]: 5 seconds without messages, executing the next steps...
[INFO] [1783970128.839326]: 5 seconds without messages, executing the next steps...
[INFO] [1783970131.839257]: 5 seconds without messages, executing the next steps...
[INFO] [1783970134.839333]: 5 seconds without messages, executing the next steps...
[INFO] [1783970137.839255]: 5 seconds without messages, executing the next steps...
