[0m[INFO] [1782894597.001232621]: init begins[0m
[0m[INFO] [1782894597.004221544]: Loaded config_file: /tmp/esvio_cfg/esvio.yaml[0m
result path /home/cpy/Datasets/output/esvio_result_no_loop.csv
[33m[WARN] [1782894597.005084561]:  fix extrinsic param [0m
[0m[INFO] [1782894597.005067825]: ROW_Image: 1024.000000 COL_Image: 1224.000000 [0m
[0m[INFO] [1782894597.005078916]: ROW_Event: 480.000000 COL_EVENT: 640.000000 [0m
[0m[INFO] [1782894597.005125065]: give an T to the extrinsic of cam [0m
[0m[INFO] [1782894597.005150140]: give an T to the extrinsic of event [0m
[0m[INFO] [1782894597.005171797]: Extrinsic_R : 
  0.0172486   0.0128346    0.999769
  -0.999804 -0.00952696   0.0173715
 0.00974772   -0.999872   0.0126678[0m
[0m[INFO] [1782894597.005181485]: Extrinsic_T : 
 0.143665 0.0796728 -0.015555[0m
[0m[INFO] [1782894597.005195150]: Extrinsic_R_event : 
 0.0112035  0.0218441   0.999699
  -0.99976 -0.0185542  0.0116097
 0.0188022  -0.999589   0.021631[0m
[0m[INFO] [1782894597.005202920]: Extrinsic_T_event : 
 0.129075 0.0793087 0.0250862[0m
[0m[INFO] [1782894597.006537658]: parameters.cpp: gravity_norm: 1.000000[0m
parameters.cpp: Not use sampson model
parameters.cpp: Yes use geometric correction
[33m[WARN] [1782894597.007403487]: waiting for event and imu...[0m
[33m[WARN] [1782894597.036488228]: into event point feature detection and tracking[0m
vocabulary_file/catkin_ws_dvs/src/ESVIO/pose_graph/support_files/brief_k10L6.bin
loop start load vocabulary
BRIEF_PATTERN_FILE/catkin_ws_dvs/src/ESVIO/pose_graph/support_files/brief_pattern.yml
Failed to create folder  
[0m[INFO] [1782894597.039440237]: Loaded config_file: /tmp/esvio_cfg/esvio.yaml[0m
[0m[INFO] [1782894597.040204990]: Loaded esvio_folder: /tmp/esvio_cfg/[0m
[0m[INFO] [1782894597.040282855]: Rrl_event: 
   0.99968  0.0200383  0.0154395
-0.0200188   0.999799 -0.0014144
-0.0154648 0.00110486    0.99988[0m
[0m[INFO] [1782894597.040294391]: Trl_event: 
 -0.170177 0.00146904 0.00486952[0m
[0m[INFO] [1782894597.040303855]: reading paramerter of camera /tmp/esvio_cfg//event0_esvio.yaml[0m
[0m[INFO] [1782894597.049064362]: reading paramerter of camera /tmp/esvio_cfg//event1_esvio.yaml[0m
327.485       0     320
      0 327.554     240
      0       0       1
[33m[WARN] [1782894610.960695666]: ---------------5points----------------[0m
[33m[WARN] [1782894610.960736486]: input points 77 2D inliers 3D inliers 27[0m
[33m[WARN] [1782894611.148619603]: ---------------5points----------------[0m
[33m[WARN] [1782894611.148652045]: input points 29 2D inliers 3D inliers 13[0m
[33m[WARN] [1782894611.739701142]: ---------------5points----------------[0m
[33m[WARN] [1782894611.739727649]: input points 28 2D inliers 3D inliers 14[0m
[33m[WARN] [1782894611.774996911]: gyroscope bias initial calibration 0.00166873   0.122722  -0.101366[0m
[0m[INFO] [1782894597.006596145]: Extrinsic_R2 : 
 0.0144479  0.0110884   0.999834
 -0.999779  0.0154503  0.0142757
-0.0152894  -0.999819  0.0113092[0m
[0m[INFO] [1782894597.006607570]: Extrinsic_T2 : 
  0.142001 -0.0914988  -0.014918[0m
[0m[INFO] [1782894597.006626654]: Rrl: 
   0.999685    0.024912 -0.00309425
 -0.0249159    0.999689 -0.00124826
 0.00306219  0.00132497    0.999994[0m
[0m[INFO] [1782894597.006636216]: Trl: 
 -0.171154 0.00323261 0.00407665[0m
[0m[INFO] [1782894597.006796244]: Loaded esvio_folder: /tmp/esvio_cfg/[0m
[0m[INFO] [1782894597.006820024]: Extrinsic_R2_event : 
  0.0270726   0.0202015    0.999429
  -0.999633   0.0014471   0.0270488
-0.00089984   -0.999795   0.0202332[0m
[0m[INFO] [1782894597.006829666]: Extrinsic_T2_event : 
  0.128785 -0.0909398  0.0263033[0m
[0m[INFO] [1782894597.006847916]: Rrl_event: 
   0.99968  0.0200383  0.0154395
-0.0200188   0.999799 -0.0014144
-0.0154648 0.00110486    0.99988[0m
[0m[INFO] [1782894597.006857054]: Trl_event: 
 -0.170177 0.00146904 0.00486952[0m
[0m[INFO] [1782894597.007010871]: Loaded esvio_folder: /tmp/esvio_cfg/[0m
[0m[INFO] [1782894597.007024798]: Synchronized sensors, fix time offset: 0.00839259[0m
[0m[INFO] [1782894597.007038445]: estimator.cpp: reading paramerter of camera /tmp/esvio_cfg/cam0_esvio.yaml[0m
[0m[INFO] [1782894597.007199407]: estimator.cpp: reading paramerter of camera /tmp/esvio_cfg/cam1_esvio.yaml[0m
[0m[INFO] [1782894597.007309982]: estimator.cpp: reading paramerter of camera /tmp/esvio_cfg/event0_esvio.yaml[0m
[0m[INFO] [1782894597.007356755]: estimator.cpp: reading paramerter of camera /tmp/esvio_cfg/event1_esvio.yaml[0m
[0m[INFO] [1782894610.832306033]: esvio Not enough features or parallax; Move device around[0m
[0m[INFO] [1782894610.840223135]: average_parallax 36.800143 choose l 2 and newest frame to triangulate the whole structure[0m
unstable features tracking, please slowly move you device!
[0m[INFO] [1782894610.841408087]: global SFM failed![0m
unstable features tracking, please slowly move you device!
[0m[INFO] [1782894610.984768295]: average_parallax 49.035813 choose l 3 and newest frame to triangulate the whole structure[0m
unstable features tracking, please slowly move you device!
[0m[INFO] [1782894610.985887521]: global SFM failed![0m
[0m[INFO] [1782894611.224030129]: average_parallax 96.995263 choose l 3 and newest frame to triangulate the whole structure[0m
[0m[INFO] [1782894611.279443895]: global SFM failed![0m
[0m[INFO] [1782894611.319558240]: esvio Not enough features or parallax; Move device around[0m
[0m[INFO] [1782894611.358896695]: evio Not enough features or parallax; Move device around[0m
[0m[INFO] [1782894611.447282404]: esvio Not enough features or parallax; Move device around[0m
[0m[INFO] [1782894611.463545809]: evio Not enough features or parallax; Move device around[0m
[0m[INFO] [1782894611.631119073]: esvio Not enough features or parallax; Move device around[0m
[0m[INFO] [1782894611.641651251]: evio Not enough features or parallax; Move device around[0m
unstable features tracking, please slowly move you device!
unstable features tracking, please slowly move you device!
unstable features tracking, please slowly move you device!
[0m[INFO] [1782894611.776265843]: misalign visual structure with IMU[0m
[0m[INFO] [1782894611.778399751]: average_parallax 64.759568 choose l 9 and newest frame to triangulate the whole structure[0m
unstable features tracking, please slowly move you device!
unstable features tracking, please slowly move you device!
unstable features tracking, please slowly move you device!
[0m[INFO] [1782894611.819148564]: global SFM failed![0m
[0m[INFO] [1782894611.844205357]: esvio Not enough features or parallax; Move device around[0m
[0m[INFO] [1782894611.846256078]: evio Not enough features or parallax; Move device around[0m
[0m[INFO] [1782894612.030300910]: esvio Not enough features or parallax; Move device around[0m
[0m[INFO] [1782894612.030427284]: evio Not enough features or parallax; Move device around[0m
[0m[INFO] [1782894612.124479978]: esvio Not enough features or parallax; Move device around[0m
[0m[INFO] [1782894612.124574171]: evio Not enough features or parallax; Move device around[0m
[0m[INFO] [1782894612.242312276]: esvio Not enough features or parallax; Move device around[0m
[0m[INFO] [1782894612.242370307]: evio Not enough features or parallax; Move device around[0m
[0m[INFO] [1782894612.440665242]: esvio Not enough features or parallax; Move device around[0m
[0m[INFO] [1782894612.440726003]: evio Not enough features or parallax; Move device around[0m
[0m[INFO] [1782894612.628604935]: esvio Not enough features or parallax; Move device around[0m
[0m[INFO] [1782894612.628670700]: evio Not enough features or parallax; Move device around[0m
[0m[INFO] [1782894612.850987760]: esvio Not enough features or parallax; Move device around[0m
[0m[INFO] [1782894612.851066354]: evio Not enough features or parallax; Move device around[0m
[0m[INFO] [1782894613.036429079]: esvio Not enough features or parallax; Move device around[0m
[0m[INFO] [1782894613.036512153]: evio Not enough features or parallax; Move device around[0m
[0m[INFO] [1782894613.135856022]: esvio Not enough features or parallax; Move device around[0m
[0m[INFO] [1782894613.136001084]: evio Not enough features or parallax; Move device around[0m
[0m[INFO] [1782894613.336238645]: esvio Not enough features or parallax; Move device around[0m
[0m[INFO] [1782894613.336300412]: evio Not enough features or parallax; Move device around[0m
[0m[INFO] [1782894613.542156164]: esvio Not enough features or parallax; Move device around[0m
[0m[INFO] [1782894613.542211726]: evio Not enough features or parallax; Move device around[0m
[0m[INFO] [1782894613.742791575]: esvio Not enough features or parallax; Move device around[0m
[0m[INFO] [1782894613.742853605]: evio Not enough features or parallax; Move device around[0m
[0m[INFO] [1782894613.943198201]: esvio Not enough features or parallax; Move device around[0m
[0m[INFO] [1782894613.943250483]: evio Not enough features or parallax; Move device around[0m
[0m[INFO] [1782894614.045956115]: esvio Not enough features or parallax; Move device around[0m
[0m[INFO] [1782894614.046010252]: evio Not enough features or parallax; Move device around[0m
[0m[INFO] [1782894614.232890670]: esvio Not enough features or parallax; Move device around[0m
[0m[INFO] [1782894614.232971863]: evio Not enough features or parallax; Move device around[0m
[0m[INFO] [1782894614.320518276]: esvio Not enough features or parallax; Move device around[0m
[0m[INFO] [1782894614.320564291]: evio Not enough features or parallax; Move device around[0m
[0m[INFO] [1782894614.528684444]: esvio Not enough features or parallax; Move device around[0m
[0m[INFO] [1782894614.528746366]: evio Not enough features or parallax; Move device around[0m
[0m[INFO] [1782894614.613336641]: esvio Not enough features or parallax; Move device around[0m
[0m[INFO] [1782894614.613414570]: evio Not enough features or parallax; Move device around[0m
[0m[INFO] [1782894614.821067607]: esvio Not enough features or parallax; Move device around[0m
[0m[INFO] [1782894614.821122035]: evio Not enough features or parallax; Move device around[0m
[0m[INFO] [1782894615.036542920]: esvio Not enough features or parallax; Move device around[0m
[0m[INFO] [1782894615.036586378]: evio Not enough features or parallax; Move device around[0m
[0m[INFO] [1782894615.232469328]: esvio Not enough features or parallax; Move device around[0m
[0m[INFO] [1782894615.232561362]: evio Not enough features or parallax; Move device around[0m
[0m[INFO] [1782894615.327103338]: esvio Not enough features or parallax; Move device around[0m
[0m[INFO] [1782894615.327154773]: evio Not enough features or parallax; Move device around[0m
[0m[INFO] [1782894615.440362701]: esvio Not enough features or parallax; Move device around[0m
[0m[INFO] [1782894615.440406238]: evio Not enough features or parallax; Move device around[0m
[0m[INFO] [1782894615.625932839]: esvio Not enough f[33m[WARN] [1782894617.929896434]: ---------------5points----------------[0m
[33m[WARN] [1782894617.929944016]: input points 33 2D inliers 3D inliers 17[0m
eatures or parallax; Move device around[0m
[0m[INFO] [1782894615.626001342]: evio Not enough features or parallax; Move device around[0m
[0m[INFO] [1782894615.829847782]: esvio Not enough features or parallax; Move device around[0m
[0m[INFO] [1782894615.829896982]: evio Not enough features or parallax; Move device around[0m
[0m[INFO] [1782894615.941822406]: esvio Not enough features or parallax; Move device around[0m
[0m[INFO] [1782894615.941872886]: evio Not enough features or parallax; Move device around[0m
[0m[INFO] [1782894616.130971614]: esvio Not enough features or parallax; Move device around[0m
[0m[INFO] [1782894616.131018505]: evio Not enough features or parallax; Move device around[0m
[0m[INFO] [1782894616.324186104]: esvio Not enough features or parallax; Move device around[0m
[0m[INFO] [1782894616.324221354]: evio Not enough features or parallax; Move device around[0m
[0m[INFO] [1782894616.519238655]: esvio Not enough features or parallax; Move device around[0m
[0m[INFO] [1782894616.519276290]: evio Not enough features or parallax; Move device around[0m
[0m[INFO] [1782894616.723799139]: esvio Not enough features or parallax; Move device around[0m
[0m[INFO] [1782894616.723837634]: evio Not enough features or parallax; Move device around[0m
[0m[INFO] [1782894616.828555902]: esvio Not enough features or parallax; Move device around[0m
[0m[INFO] [1782894616.831682337]: evio Not enough features or parallax; Move device around[0m
[0m[INFO] [1782894617.040192803]: esvio Not enough features or parallax; Move device around[0m
[0m[INFO] [1782894617.040233146]: evio Not enough features or parallax; Move device around[0m
[0m[INFO] [1782894617.225343546]: esvio Not enough features or parallax; Move device around[0m
[0m[INFO] [1782894617.225384945]: evio Not enough features or parallax; Move device around[0m
[0m[INFO] [1782894617.436993083]: esvio Not enough features or parallax; Move device around[0m
[0m[INFO] [1782894617.437034530]: evio Not enough features or parallax; Move device around[0m
[0m[INFO] [1782894617.545085990]: esvio Not enough features or parallax; Move device around[0m
[0m[INFO] [1782894617.545150725]: evio Not enough features or parallax; Move device around[0m
[0m[INFO] [1782894617.739114843]: esvio Not enough features or parallax; Move device around[0m
[0m[INFO] [1782894617.742959969]: evio Not enough features or parallax; Move device around[0m
unstable features tracking, please slowly move you device!
unstable features tracking, please slowly move you device!
[0m[INFO] [1782894617.934244829]: average_parallax 94.719919 choose l 9 and newest frame to triangulate the whole structure[0m
unstable features tracking, please slowly move you device!
unstable features tracking, please slowly move you device!
[0m[INFO] [1782894617.934610750]: global SFM failed![0m
[0m[INFO] [1782894618.049637071]: esvio Not enough features or parallax; Move device around[0m
[0m[INFO] [1782894618.052338350]: evio Not enough features or parallax; Move device around[0m
[0m[INFO] [1782894618.224384497]: esvio Not enough features or parallax; Move device around[0m
[0m[INFO] [1782894618.224432987]: evio Not enough features or parallax; Move device around[0m
[0m[INFO] [1782894618.422761228]: esvio Not enough features or parallax; Move device around[0m
[0m[INFO] [1782894618.422812762]: evio Not enough features or parallax; Move device around[0m
[0m[INFO] [1782894618.527712749]: esvio Not enough features or parallax; Move device around[0m
[0m[INFO] [1782894618.527766556]: evio Not enough features or parallax; Move device around[0m
[0m[INFO] [1782894618.728597319]: esvio Not enough features or parallax; Move device around[0m
[0m[INFO] [1782894618.739633338]: evio Not enough features or parallax; Move device around[0m
[0m[INFO] [1782894618.923794211]: esvio Not enough features or parallax; Move device around[0m
[0m[INFO] [1782894618.923852740]: evio Not enough features or parallax; Move device around[0m
[0m[INFO] [1782894619.025837897]: esvio Not enough features or parallax; Move device around[0m
[0m[INFO] [1782894619.030484764]: evio Not enough features or parallax; Move device around[0m
[0m[INFO] [1782894619.239660808]: esvio Not enough features or parallax; Move device around[0m
[0m[INFO] [1782894619.239719233]: evio Not enough features or parallax; Move device around[0m
[0m[INFO] [1782894619.421038449]: esvio Not enough features or parallax; Move device around[0m
[0m[INFO] [1782894619.421106261]: evio Not enough features or parallax; Move device around[0m
[0m[INFO] [1782894619.532958523]: esvio Not enough features or parallax; Move device around[0m
[0m[INFO] [1782894619.533016847]: evio Not enough features or parallax; Move device around[0m
[0m[INFO] [1782894619.640584920]: esvio Not enough features or parallax; Move device around[0m
[0m[INFO] [1782894619.640652206]: evio Not enough features or parallax; Move device around[0m
[0m[INFO] [1782894619.835475617]: esvio Not enough features or parallax; Move device around[0m
[0m[INFO] [1782894619.835533792]: evio Not enough features or parallax; Move device around[0m
[0m[INFO] [1782894619.924061030]: esvio Not enough features or parallax; Move device around[0m
[0m[INFO] [1782894619.924113834]: evio Not enough features or parallax; Move device around[0m
[0m[INFO] [1782894620.054718164]: esvio Not enough features or parallax; Move device around[0m
[0m[INFO] [1782894620.054800872]: evio Not enough features or parallax; Move device around[0m
[0m[INFO] [1782894620.236236589]: esvio Not enough features or parallax; Move device around[0m
[0m[INFO] [1782894620.236285865]: evio Not enough features or parallax; Move device around[0m
[0m[INFO] [1782894620.429691162]: esvio Not enough features or parallax; Move device around[0m
[0m[INFO] [1782894620.429745128]: evio Not enough features or parallax; Move device around[0m
[0m[INFO] [1782894620.623643600]: esvio Not enough features or parallax; Move device around[0m
[0m[INFO] [1782894620.623689265]: evio Not enough features or parallax; Move device around[0m
[0m[INFO] [1782894620.716303982]: esvio Not enough features or parallax; Move device around[0m
[0m[INFO] [1782894620.716359795]: evio Not enough features or parallax; Move device around[0m
[0m[INFO] [1782894620.919295479]: esvio Not enough features or parallax; Move device around[0m
[0m[INFO] [1782894620.919386071]: evio Not enough features or parallax; Move device around[0m
[0m[INFO] [1782894621.136992328]: esvio Not enough features or parallax; Move device around[0m
[0m[INFO] [1782894621.137040140]: evio Not enough features or parallax; Move device around[0m
[0m[INFO] [1782894621.229656080]: esvio Not enough features or parallax; Move device around[0m
[0m[INFO] [1782894621.229702404]: evio Not enough features or parallax; Move device around[0m
[0m[INFO] [1782894621.339711079]: esvio Not enough features or parallax; Move device around[0m
[0m[INFO] [1782894621.339753196]: evio Not enough features or parallax; Move device around[0m
[0m[INFO] [1782894621.529352070]: esvio Not enough features or parallax; Move device around[0m
[0m[INFO] [1782894621.529420648]: evio Not enough features or parallax; Move device around[0m
[0m[INFO] [1782894621.729347183]: esvio Not enough features or parallax; Move device around[0m
[0m[INFO] [1782894621.729409875]: evio Not enough features or parallax; Move device around[0m
[0m[INFO] [1782894621.921482702]: esvio Not enough features or parallax; Move device around[0m
[0m[INFO] [1782894621.923600648]: evio Not enough features or parallax; Move device around[0m
[0m[INFO] [1782894622.129194858]: esvio Not enough features or parallax; Move device around[0m
[0m[INFO] [1782894622.129268669]: evio Not enough features or parallax; Move device around[0m
[0m[INFO] [1782894622.335499420]: esvio Not enough features or parallax; Move device around[0m
[0m[INFO] [1782894622.335547096]: evio Not enough features or parallax; Move device around[0m
[0m[INFO] [1782894622.436292498]: esvio Not enough features or parallax; Move device around[0m
[0m[[33m[WARN] [1782894623.118840925]: ---------------5points----------------[0m
[33m[WARN] [1782894623.118867563]: input points 24 2D inliers 3D inliers 13[0m
[33m[WARN] [1782894624.623456588]: ---------------5points----------------[0m
[33m[WARN] [1782894624.623488031]: input points 25 2D inliers 3D inliers 14[0m
INFO] [1782894622.436341985]: evio Not enough features or parallax; Move device around[0m
[0m[INFO] [1782894622.632706767]: esvio Not enough features or parallax; Move device around[0m
[0m[INFO] [1782894622.634711899]: evio Not enough features or parallax; Move device around[0m
[0m[INFO] [1782894622.816928919]: esvio Not enough features or parallax; Move device around[0m
[0m[INFO] [1782894622.816988952]: evio Not enough features or parallax; Move device around[0m
[0m[INFO] [1782894622.925485397]: esvio Not enough features or parallax; Move device around[0m
[0m[INFO] [1782894622.931513842]: evio Not enough features or parallax; Move device around[0m
unstable features tracking, please slowly move you device!
unstable features tracking, please slowly move you device!
unstable features tracking, please slowly move you device!
[0m[INFO] [1782894623.121076010]: average_parallax 70.477347 choose l 9 and newest frame to triangulate the whole structure[0m
unstable features tracking, please slowly move you device!
unstable features tracking, please slowly move you device!
unstable features tracking, please slowly move you device!
[0m[INFO] [1782894623.121433141]: global SFM failed![0m
[0m[INFO] [1782894623.320476410]: esvio Not enough features or parallax; Move device around[0m
[0m[INFO] [1782894623.320529563]: evio Not enough features or parallax; Move device around[0m
[0m[INFO] [1782894623.420645569]: esvio Not enough features or parallax; Move device around[0m
[0m[INFO] [1782894623.420702024]: evio Not enough features or parallax; Move device around[0m
[0m[INFO] [1782894623.631022809]: esvio Not enough features or parallax; Move device around[0m
[0m[INFO] [1782894623.631209892]: evio Not enough features or parallax; Move device around[0m
[0m[INFO] [1782894623.832320100]: esvio Not enough features or parallax; Move device around[0m
[0m[INFO] [1782894623.832388899]: evio Not enough features or parallax; Move device around[0m
[0m[INFO] [1782894623.945936092]: esvio Not enough features or parallax; Move device around[0m
[0m[INFO] [1782894623.948240689]: average_parallax 86.194273 choose l 9 and newest frame to triangulate the whole structure[0m
unstable features tracking, please slowly move you device!
[0m[INFO] [1782894623.948327001]: global SFM failed![0m
[0m[INFO] [1782894624.128455240]: esvio Not enough features or parallax; Move device around[0m
[0m[INFO] [1782894624.128525002]: evio Not enough features or parallax; Move device around[0m
[0m[INFO] [1782894624.332104031]: esvio Not enough features or parallax; Move device around[0m
[0m[INFO] [1782894624.334351438]: average_parallax 65.007537 choose l 9 and newest frame to triangulate the whole structure[0m
unstable features tracking, please slowly move you device!
unstable features tracking, please slowly move you device!
[0m[INFO] [1782894624.334541725]: global SFM failed![0m
[0m[INFO] [1782894624.534872895]: esvio Not enough features or parallax; Move device around[0m
[0m[INFO] [1782894624.537685356]: evio Not enough features or parallax; Move device around[0m
unstable features tracking, please slowly move you device!
unstable features tracking, please slowly move you device!
[0m[INFO] [1782894624.626074631]: average_parallax 79.628222 choose l 7 and newest frame to triangulate the whole structure[0m
unstable features tracking, please slowly move you device!
unstable features tracking, please slowly move you device!
[0m[INFO] [1782894624.626687873]: global SFM failed![0m
[0m[INFO] [1782894624.840292534]: esvio Not enough features or parallax; Move device around[0m
[0m[INFO] [1782894624.840359986]: evio Not enough features or parallax; Move device around[0m
[0m[INFO] [1782894625.039484630]: esvio Not enough features or parallax; Move device around[0m
[0m[INFO] [1782894625.039546365]: evio Not enough features or parallax; Move device around[0m
[0m[INFO] [1782894625.241335805]: esvio Not enough features or parallax; Move device around[0m
[0m[INFO] [1782894625.241391606]: evio Not enough features or parallax; Mov[33m[WARN] [1782894626.139229692]: ---------------5points----------------[0m
[33m[WARN] [1782894626.139255759]: input points 26 2D inliers 3D inliers 15[0m
[33m[WARN] [1782894627.040199314]: ---------------5points----------------[0m
[33m[WARN] [1782894627.040230928]: input points 27 2D inliers 3D inliers 15[0m
[33m[WARN] [1782894627.235949833]: ---------------5points----------------[0m
[33m[WARN] [1782894627.236076793]: input points 24 2D inliers 3D inliers 15[0m
e device around[0m
[0m[INFO] [1782894625.421805384]: esvio Not enough features or parallax; Move device around[0m
[0m[INFO] [1782894625.421860708]: evio Not enough features or parallax; Move device around[0m
[0m[INFO] [1782894625.625484892]: esvio Not enough features or parallax; Move device around[0m
[0m[INFO] [1782894625.628096033]: evio Not enough features or parallax; Move device around[0m
[0m[INFO] [1782894625.834378174]: esvio Not enough features or parallax; Move device around[0m
[0m[INFO] [1782894625.844561769]: average_parallax 36.111312 choose l 9 and newest frame to triangulate the whole structure[0m
unstable features tracking, please slowly move you device!
unstable features tracking, please slowly move you device!
[0m[INFO] [1782894625.844878334]: global SFM failed![0m
[0m[INFO] [1782894625.945790305]: esvio Not enough features or parallax; Move device around[0m
[0m[INFO] [1782894625.953813520]: evio Not enough features or parallax; Move device around[0m
unstable features tracking, please slowly move you device!
unstable features tracking, please slowly move you device!
[0m[INFO] [1782894626.141892787]: average_parallax 120.482065 choose l 9 and newest frame to triangulate the whole structure[0m
unstable features tracking, please slowly move you device!
unstable features tracking, please slowly move you device!
[0m[INFO] [1782894626.142394527]: global SFM failed![0m
[0m[INFO] [1782894626.326950471]: esvio Not enough features or parallax; Move device around[0m
[0m[INFO] [1782894626.327005374]: evio Not enough features or parallax; Move device around[0m
[0m[INFO] [1782894626.530911254]: esvio Not enough features or parallax; Move device around[0m
[0m[INFO] [1782894626.531076942]: evio Not enough features or parallax; Move device around[0m
[0m[INFO] [1782894626.622646080]: esvio Not enough features or parallax; Move device around[0m
[0m[INFO] [1782894626.622713872]: evio Not enough features or parallax; Move device around[0m
[0m[INFO] [1782894626.832914037]: esvio Not enough features or parallax; Move device around[0m
[0m[INFO] [1782894626.832980009]: evio Not enough features or parallax; Move device around[0m
unstable features tracking, please slowly move you device!
unstable features tracking, please slowly move you device!
[0m[INFO] [1782894627.042716062]: average_parallax 52.262853 choose l 9 and newest frame to triangulate the whole structure[0m
unstable features tracking, please slowly move you device!
unstable features tracking, please slowly move you device!
[0m[INFO] [1782894627.042897172]: global SFM failed![0m
unstable features tracking, please slowly move you device!
[0m[INFO] [1782894627.237781444]: average_parallax 105.206299 choose l 9 and newest frame to triangulate the whole structure[0m
unstable features tracking, please slowly move you device!
[0m[INFO] [1782894627.238230876]: global SFM failed![0m
[0m[INFO] [1782894627.326613404]: esvio Not enough features or parallax; Move device around[0m
[0m[INFO] [1782894627.326667326]: evio Not enough features or parallax; Move device around[0m
[0m[INFO] [1782894627.531097515]: esvio Not enough features or parallax; Move device around[0m
[0m[INFO] [1782894627.531160914]: evio Not enough features or parallax; Move device around[0m
[0m[INFO] [1782894627.715792502]: esvio Not enough features or parallax; Move device around[0m
[0m[INFO] [1782894627.715860521]: evio Not enough features or parallax; Move device around[0m
[0m[INFO] [1782894627.819107694]: esvio Not enough features or parallax; Move device around[0m
[0m[INFO] [1782894627.819156409]: evio Not enough features or parallax; Move device around[0m
[0m[INFO] [1782894628.022731179]: esvio Not enough features or parallax; Move device around[0m
[0m[INFO] [1782894628.024579016]: evio Not enough features or parallax; Move device around[0m
[0m[INFO] [1782894628.248011280]: esvio Not enough features or parallax; Move device around[0m
[0m[INFO] [1782894628.248128372]: evio Not enough features or parallax; Move device around[0m
[0m[INFO] [1782894628.434725544]: esvio Not enough features or parallax; Move device around[0m
[0m[INFO] [1782894628.434794019]: evio Not enough features or parallax; Move device around[0m
[0m[INFO] [1782894628.530231226]: esvio Not enough features or parallax; Move device around[0m
[0m[INFO] [1782894628.530286055]: evio Not enough features or parallax; Move device around[0m
[0m[INFO] [1782894628.739889548]: esvio Not enough features or parallax; Move device around[0m
[0m[INFO] [1782894628.739941918]: evio Not enough features or parallax; Move device around[0m
[0m[INFO] [1782894628.922322592]: esvio Not enough features or parallax; Move device around[0m
[0m[INFO] [1782894628.926218759]: evio Not enough features or parallax; Move device around[0m
[0m[INFO] [1782894629.020070730]: esvio Not enough features or parallax; Move device around[0m
[0m[INFO] [1782894629.023622109]: evio Not enough features or parallax; Move device around[0m
[0m[INFO] [1782894629.225231044]: esvio Not enough features or parallax; Move device around[0m
[0m[INFO] [1782894629.225287457]: evio Not enough features or parallax; Move device around[0m
[0m[INFO] [1782894629.428822001]: esvio Not enough features or parallax; Move device around[0m
[0m[INFO] [1782894629.436621685]: average_parallax 58.658578 choose l 8 and newest frame to triangulate the whole structure[0m
unstable features tracking, please slowly move you device!
unstable features tracking, please slowly move you device!
unstable features tracking, please slowly move you device!
unstable features tracking, please slowly move you device!
[0m[INFO] [1782894629.437228523]: global SFM failed![0m
[0m[INFO] [1782894629.523978886]: esvio Not enough features or parallax; Move device around[0m
[0m[INFO] [1782894629.524075938]: evio Not enough features or parallax; Move device around[0m
[0m[INFO] [1782894629.739981167]: esvio Not enough features or parallax; Move device around[0m
[0m[INFO] [1782894629.740054922]: evio Not enough features or parallax; Move device around[0m
[0m[INFO] [1782894629.932801294]: esvio Not enough features or parallax; Move device around[0m
[0m[INFO] [1782894629.932932771]: evio Not enough features or parallax; Move device around[0m
[0m[INFO] [1782894630.025541701]: esvio Not enough features or parallax; Move device around[0m
[0m[INFO] [1782894630.025609397]: evio Not enough features or parallax; Move device around[0m
[0m[INFO] [1782894630.149372994]: esvio Not enough features or parallax; Move device around[0m
[0m[INFO] [1782894630.149447613]: evio Not enough features or parallax; Move device around[0m
[0m[INFO] [1782894630.330830169]: esvio Not enough features or parallax; Move device around[0m
[0m[INFO] [1782894630.330893101]: evio Not enough features or parallax; Move device around[0m
[0m[INFO] [1782894630.539184076]: esvio Not enough features or parallax; Move device around[0m
[0m[INFO] [1782894630.539232379]: evio Not enough features or parallax; Move device around[0m
[0m[INFO] [1782894630.720411306]: esvio Not enough features or parallax; Move device around[0m
[0m[INFO] [1782894630.720457277]: evio Not enough features or parallax; Move device around[0m
[0m[INFO] [1782894630.932218280]: esvio Not enough features or parallax; Move device around[0m
[0m[INFO] [1782894630.937038332]: evio Not enough features or parallax; Move device around[0m
[0m[INFO] [1782894631.018129990]: esvio Not enough features or parallax; Move device around[0m
[0m[INFO] [1782894631.018179730]: evio Not enough features or parallax; Move device around[0m
[0m[INFO] [1782894631.226095956]: esvio Not enough features or parallax; Move device around[0m
[0m[INFO] [1782894631.226145904]: evio Not enough features or parallax; Move device around[0m
[0m[INFO] [1782894631.440201343]: esvio Not enough features or parallax; Move device around[0m
[0m[INFO] [1782894631.440247827]: evio Not enough features or parallax; Move device around[0m
[0m[INFO] [1782894631.644836312]: esvio Not enough features or parallax; Move device around[0m
[0m[INFO] [1782894631.644890608]: evio Not enough features or parallax; Move device around[0m
[0m[INFO] [1782894631.736722747]: esvio Not enough features or parallax; Move device around[0m
[0m[INFO] [1782894631.736771565]: evio Not enough features or parallax; Move device around[0m
[0m[INFO] [1782894631.918920502]: esvio Not enough features or parallax; Move device around[0m
[0m[INFO] [1782894631.918972867]: evio Not enough features or parallax; Move device around[0m
[0m[INFO] [1782894632.141848884]: esvio Not enough features or parallax; Move device around[0m
[0m[INFO] [1782894632.148284959]: average_parallax 73.355004 choose l 9 and newest frame to triangulate the whole structure[0m
unstable features tracking, please slowly move you device!
unstable features tracking, please slowly move you device!
[0m[INFO] [1782894632.148631350]: global SFM failed![0m
[0m[INFO] [1782894632.234310507]: esvio Not enough features or parallax; Move device around[0m
[0m[INFO] [1782894632.234353486]: evio Not enough features or parallax; Move device around[0m
[0m[INFO] [1782894632.426145935]: esvio Not enough features or parallax; Move device around[0m
[0m[INFO] [1782894632.426198871]: evio Not enough features or parallax; Move device around[0m
[0m[INFO] [1782894632.536802426]: esvio Not enough features or parallax; Move device around[0m
[0m[INFO] [1782894632.536850342]: evio Not enough features or parallax; Move device around[0m
[0m[INFO] [1782894632.719165559]: esvio Not enough features or parallax; Move device around[0m
[0m[INFO] [1782894632.719215716]: evio Not enough features or parallax; Move device around[0m
[0m[INFO] [1782894632.933815891]: esvio Not enough features or parallax; Move device around[0m
[0m[INFO] [1782894632.933877255]: evio Not enough features or parallax; Move device around[0m
[0m[INFO] [1782894633.139323675]: esvio Not enough features or parallax; Move device around[0m
[0m[INFO] [1782894633.140443096]: average_parallax 95.665748 choose l 9 and newest frame to triangulate the whole structure[0m
unstable features tracking, please slowly move you device!
unstable features tracking, please slowly move you device!
unstable features tracking, please slowly move you device!
[0m[INFO] [1782894633.140697776]: global SFM failed![0m
[0m[INFO] [1782894633.240630795]: esvio Not enough features or parallax; Move device around[0m
[0m[INFO] [1782894633.240687105]: evio Not enough features or parallax; Move device around[0m
[0m[INFO] [1782894633.443933972]: esvio Not enough features or parallax; Move device around[0m
[0m[INFO] [1782894633.443991494]: evio Not enough features or parallax; Move device around[0m
[0m[INFO] [1782894633.619003959]: esvio Not enough features or parallax; Move device around[0m
[0m[INFO] [1782894633.619888547]: evio Not enough features or parallax; Move device around[0m
[0m[INFO] [1782894633.708575673]: esvio Not enough features or parallax; Move device around[0m
[0m[INFO] [1782894633.709490057]: evio Not enough features or parallax; Move device around[0m
[0m[INFO] [1782894633.888158006]: esvio Not enough features or parallax; Move device around[0m
[0m[INFO] [1782894633.890549546]: average_parallax 72.276859 choose l 8 and newest frame to triangulate the whole structure[0m
unstable features tracking, please slowly move you device!
unstable features tracking, please slowly move you device!
[0m[INFO] [1782894633.890995771]: global SFM failed![0m
[0m[INFO] [1782894634.087526434]: esvio Not enough features or parallax; Move device around[0m
[0m[INFO] [1782894634.087580418]: evio Not enough features or parallax; Move device around[0m
[0m[INFO] [1782894634.290121892]: esvio Not enough features or parallax; Move device around[0m
[0m[INFO] [1782894634.290179367]: evio Not enough features or parallax; Move device around[0m
[0m[INFO] [1782894634.457902226]: esvio Not enough features or parallax; Move device around[0m
[0m[INFO] [1782894634.457963609]: evio Not enough features or parallax; Move device around[0m
[0m[INFO] [1782894634.576895043]: esvio Not enough features or parallax; Move device around[0m
[0m[INFO] [1782894634.576978875]: evio Not enough features or parallax; Move device around[0m
[0m[INFO] [1782894634.671501153]: esvio Not enough features or parallax; Move device around[0m
[0m[INFO] [1782894634.671557040]: evio Not enough features or parallax; Move device around[0m
[0m[INFO] [1782894634.856949735]: esvio Not enough features or parallax; Move device around[0m
[0m[INFO] [1782894634.857006249]: evio Not enough features or parallax; Move device around[0m
[0m[INFO] [1782894634.966358772]: esvio Not enough features or parallax; Move device around[0m
[0m[INFO] [1782894634.966451460]: evio Not enough features or parallax; Move device around[0m
[0m[INFO] [1782894635.138946021]: esvio Not enough features or parallax; Move device around[0m
[0m[INFO] [1782894635.138996930]: evio Not enough features or parallax; Move device around[0m
[0m[INFO] [1782894635.242772745]: esvio Not enough features or parallax; Move device around[0m
[0m[INFO] [1782894635.242817658]: evio Not enough features or parallax; Move device around[0m
[0m[INFO] [1782894635.421264762]: esvio Not enough features or parallax; Move device around[0m
[0m[INFO] [1782894635.421315330]: evio Not enough features or parallax; Move device around[0m
[0m[INFO] [1782894635.620784709]: esvio Not enough features or parallax; Move device around[0m
[0m[INFO] [1782894635.620844374]: evio Not enough features or parallax; Move device around[0m
[0m[INFO] [1782894635.810087698]: esvio Not enough features or parallax; Move device around[0m
[0m[INFO] [1782894635.810147575]: evio Not enough features or parallax; Move device around[0m
[0m[INFO] [1782894635.923921361]: esvio Not enough features or parallax; Move device around[0m
[0m[INFO] [1782894635.923972636]: evio Not enough features or parallax; Move device around[0m
[0m[INFO] [1782894636.093646782]: esvio Not enough features or parallax; Move device around[0m
[0m[INFO] [1782894636.093762721]: evio Not enough features or parallax; Move device around[0m
[0m[INFO] [1782894636.273112103]: esvio Not enough features or parallax; Move device around[0m
[0m[INFO] [1782894636.273149031]: evio Not enough features or parallax; Move device around[0m
[0m[INFO] [1782894636.368404336]: esvio Not enough features or parallax; Move device around[0m
[0m[INFO] [1782894636.368442517]: evio Not enough features or parallax; Move device around[0m
[0m[INFO] [1782894636.549127531]: esvio Not enough features or parallax; Move device around[0m
[0m[INFO] [1782894636.549170514]: evio Not enough features or parallax; Move device around[0m
[0m[INFO] [1782894636.652975476]: esvio Not enough features or parallax; Move device around[0m
[0m[INFO] [1782894636.653017130]: evio Not enough features or parallax; Move device around[0m
[0m[INFO] [1782894636.769160697]: esvio Not enough features or parallax; Move device around[0m
[0m[INFO] [1782894636.769203268]: evio Not enough features or parallax; Move device around[0m
[0m[INFO] [1782894636.946182969]: esvio Not enough features or parallax; Move device around[0m
[0m[INFO] [1782894636.946231489]: evio Not enough features or parallax; Move device around[0m
[0m[INFO] [1782894637.136167957]: esvio Not enough features or parallax; Move device around[0m
[0m[INFO] [1782894637.136231761]: evio Not enough features or parallax; Move device around[0m
[0m[INFO] [1782894637.252701875]: esvio Not enough features or parallax; Move device around[0m
[0m[INFO] [1782894637.252740697]: evio Not enough features or parallax; Move device around[0m
[0m[INFO] [1782894637.431193437]: esvio Not enough features or parallax; Move device around[0m
[0m[INFO] [1782894637.431271424]: evio Not enough features or parallax; Move device around[0m
[0m[INFO] [1782894637.612463007]: esvio Not enough features or parallax; Move device around[0m
[0m[INFO] [1782894637.612512736]: evio Not enough features or parallax; Move device around[0m
[0m[INFO] [1782894637.800351403]: esvio Not enough features or parallax; Move device around[0m
[0m[INFO] [1782894637.800407104]: evio Not enough features or parallax; Move device around[0m
[0m[INFO] [1782894638.008074865]: esvio Not enough features or parallax; Move device around[0m
[0m[INFO] [1782894638.008126522]: evio Not enough features or parallax; Move device around[0m
[0m[INFO] [1782894638.180549925]: esvio Not enough features or parallax; Move device around[0m
[0m[INFO] [1782894638.180591262]: evio Not enough features or parallax; Move device around[0m
[0m[INFO] [1782894638.366065269]: esvio Not enough features or parallax; Move device around[0m
[0m[INFO] [1782894638.366115549]: evio Not enough features or parallax; Move device around[0m
[0m[INFO] [1782894638.553931954]: esvio Not enough features or parallax; Move device around[0m
[0m[INFO] [1782894638.553964743]: evio Not enough features or parallax; Move device around[0m
[0m[INFO] [1782894638.773715471]: esvio Not enough features or parallax; Move device around[0m
[0m[INFO] [1782894638.773755582]: evio Not enough features or parallax; Move device around[0m
[0m[INFO] [1782894638.949973420]: esvio Not enough features or parallax; Move device around[0m
[0m[INFO] [1782894638.950013687]: evio Not enough features or parallax; Move device around[0m
[0m[INFO] [1782894639.049222240]: esvio Not enough features or parallax; Move device around[0m
[0m[INFO] [1782894639.049258792]: evio Not enough features or parallax; Move device around[0m
[0m[INFO] [1782894639.229646764]: esvio Not enough features or parallax; Move device around[0m
[0m[INFO] [1782894639.229698999]: evio Not enough features or parallax; Move device around[0m
[0m[INFO] [1782894639.327880382]: esvio Not enough features or parallax; Move device around[0m
[0m[INFO] [1782894639.332346327]: evio Not enough features or parallax; Move device around[0m
[0m[INFO] [1782894639.531181941]: esvio Not enough features or parallax; Move device around[0m
[0m[INFO] [1782894639.531264769]: evio Not enough features or parallax; Move device around[0m
[0m[INFO] [1782894639.712914986]: esvio Not enough features or parallax; Move device around[0m
[0m[INFO] [1782894639.712999632]: evio Not enough features or parallax; Move device around[0m
[0m[INFO] [1782894639.804699612]: esvio Not enough features or parallax; Move device around[0m
[0m[INFO] [1782894639.804752302]: evio Not enough features or parallax; Move device around[0m
[0m[INFO] [1782894639.994659576]: esvio Not enough features or parallax; Move device around[0m
[0m[INFO] [1782894639.994707005]: evio Not enough features or parallax; Move device around[0m
[0m[INFO] [1782894640.105920798]: esvio Not enough features or parallax; Move device around[0m
[0m[INFO] [1782894640.105975205]: evio Not enough features or parallax; Move device around[0m
[0m[INFO] [1782894640.290980521]: esvio Not enough features or parallax; Move device around[0m
[0m[INFO] [1782894640.291031284]: evio Not enough features or parallax; Move device around[0m
[0m[INFO] [1782894640.464220607]: esvio Not enough features or parallax; Move device around[0m
[0m[INFO] [1782894640.464273350]: evio Not enough features or parallax; Move device around[0m
[0m[INFO] [1782894640.561514142]: esvio Not enough features or parallax; Move device around[0m
[0m[INFO] [1782894640.561566122]: evio Not enough features or parallax; Move device around[0m
[0m[INFO] [1782894640.755221572]: esvio Not enough features or parallax; Move device around[0m
[0m[INFO] [1782894640.755258129]: evio Not enough features or parallax; Move device around[0m
[0m[INFO] [1782894640.937333975]: esvio Not enough features or parallax; Move device around[0m
[0m[INFO] [1782894640.937386345]: evio Not enough features or parallax; Move device around[0m
[0m[INFO] [1782894641.041852136]: esvio Not enough features or parallax; Move device around[0m
[0m[INFO] [1782894641.041898242]: evio Not enough features or parallax; Move device around[0m
[0m[INFO] [1782894641.237210400]: esvio Not enough features or parallax; Move device around[0m
[0m[INFO] [1782894641.237245215]: evio[33m[WARN] [1782894643.129438350]: ---------------5points----------------[0m
[33m[WARN] [1782894643.129474508]: input points 40 2D inliers 3D inliers 20[0m
[33m[WARN] [1782894643.220446952]: ---------------5points----------------[0m
[33m[WARN] [1782894643.220471302]: input points 29 2D inliers 3D inliers 16[0m
 Not enough features or parallax; Move device around[0m
[0m[INFO] [1782894641.430473039]: esvio Not enough features or parallax; Move device around[0m
[0m[INFO] [1782894641.430516660]: evio Not enough features or parallax; Move device around[0m
[0m[INFO] [1782894641.610539429]: esvio Not enough features or parallax; Move device around[0m
[0m[INFO] [1782894641.610582629]: evio Not enough features or parallax; Move device around[0m
[0m[INFO] [1782894641.705357881]: esvio Not enough features or parallax; Move device around[0m
[0m[INFO] [1782894641.705397674]: evio Not enough features or parallax; Move device around[0m
[0m[INFO] [1782894641.901391065]: esvio Not enough features or parallax; Move device around[0m
[0m[INFO] [1782894641.901434059]: evio Not enough features or parallax; Move device around[0m
[0m[INFO] [1782894642.001968012]: esvio Not enough features or parallax; Move device around[0m
[0m[INFO] [1782894642.002012700]: evio Not enough features or parallax; Move device around[0m
[0m[INFO] [1782894642.173739428]: esvio Not enough features or parallax; Move device around[0m
[0m[INFO] [1782894642.173784531]: evio Not enough features or parallax; Move device around[0m
[0m[INFO] [1782894642.271489330]: esvio Not enough features or parallax; Move device around[0m
[0m[INFO] [1782894642.271531155]: evio Not enough features or parallax; Move device around[0m
[0m[INFO] [1782894642.447245441]: esvio Not enough features or parallax; Move device around[0m
[0m[INFO] [1782894642.447288698]: evio Not enough features or parallax; Move device around[0m
[0m[INFO] [1782894642.654698376]: esvio Not enough features or parallax; Move device around[0m
[0m[INFO] [1782894642.654740548]: evio Not enough features or parallax; Move device around[0m
[0m[INFO] [1782894642.776282742]: esvio Not enough features or parallax; Move device around[0m
[0m[INFO] [1782894642.776361124]: evio Not enough features or parallax; Move device around[0m
[0m[INFO] [1782894642.942209626]: esvio Not enough features or parallax; Move device around[0m
[0m[INFO] [1782894642.942245921]: evio Not enough features or parallax; Move device around[0m
unstable features tracking, please slowly move you device!
unstable features tracking, please slowly move you device!
[0m[INFO] [1782894643.134225244]: average_parallax 40.786602 choose l 9 and newest frame to triangulate the whole structure[0m
unstable features tracking, please slowly move you device!
unstable features tracking, please slowly move you device!
[0m[INFO] [1782894643.134405928]: global SFM failed![0m
unstable features tracking, please slowly move you device!
unstable features tracking, please slowly move you device!
[0m[INFO] [1782894643.222961925]: average_parallax 64.249625 choose l 8 and newest frame to triangulate the whole structure[0m
unstable features tracking, please slowly move you device!
unstable features tracking, please slowly move you device!
[0m[INFO] [1782894643.223275801]: global SFM failed![0m
[0m[INFO] [1782894643.434269581]: esvio Not enough features or parallax; Move device around[0m
[0m[INFO] [1782894643.448225685]: evio Not enough features or parallax; Move device around[0m
[0m[INFO] [1782894643.604001616]: esvio Not enough features or parallax; Move device around[0m
[0m[INFO] [1782894643.608195336]: evio Not enough features or parallax; Move device around[0m
[0m[INFO] [1782894643.713239922]: esvio Not enough features or parallax; Move device around[0m
[0m[INFO] [1782894643.713353500]: evio Not enough features or parallax; Move device around[0m
[0m[INFO] [1782894643.899403450]: esvio Not enough features or parallax; Move device around[0m
[0m[INFO] [1782894643.901211507]: evio Not enough features or parallax; Move device around[0m
[0m[INFO] [1782894644.006005927]: esvio Not enough features or parallax; Move device around[0m
[0m[INFO] [1782894644.013341821]: evio Not enough features or parallax; Move device around[0m
[0m[INFO] [1782894644.168054710]: esvio Not enough features or parallax; Move device around[0m
[0m[INF[33m[WARN] [1782894644.559875553]: ---------------5points----------------[0m
[33m[WARN] [1782894644.559908533]: input points 28 2D inliers 3D inliers 13[0m
O] [1782894644.168145478]: evio Not enough features or parallax; Move device around[0m
[0m[INFO] [1782894644.362011180]: esvio Not enough features or parallax; Move device around[0m
[0m[INFO] [1782894644.362089923]: evio Not enough features or parallax; Move device around[0m
unstable features tracking, please slowly move you device!
unstable features tracking, please slowly move you device!
unstable features tracking, please slowly move you device!
[0m[INFO] [1782894644.568139105]: average_parallax 85.135810 choose l 8 and newest frame to triangulate the whole structure[0m
unstable features tracking, please slowly move you device!
unstable features tracking, please slowly move you device!
unstable features tracking, please slowly move you device!
[0m[INFO] [1782894644.568869731]: global SFM failed![0m
[0m[INFO] [1782894644.660417704]: esvio Not enough features or parallax; Move device around[0m
[0m[INFO] [1782894644.669172143]: evio Not enough features or parallax; Move device around[0m
[0m[INFO] [1782894644.834067564]: esvio Not enough features or parallax; Move device around[0m
[0m[INFO] [1782894644.834138422]: evio Not enough features or parallax; Move device around[0m
[0m[INFO] [1782894644.952018894]: esvio Not enough features or parallax; Move device around[0m
[0m[INFO] [1782894644.952087844]: evio Not enough features or parallax; Move device around[0m
[0m[INFO] [1782894645.121263172]: esvio Not enough features or parallax; Move device around[0m
[0m[INFO] [1782894645.121327394]: evio Not enough features or parallax; Move device around[0m
[0m[INFO] [1782894645.222634587]: esvio Not enough features or parallax; Move device around[0m
[0m[INFO] [1782894645.222693846]: evio Not enough features or parallax; Move device around[0m
[0m[INFO] [1782894645.335527010]: esvio Not enough features or parallax; Move device around[0m
[0m[INFO] [1782894645.335594274]: evio Not enough features or parallax; Move device around[0m
[0m[INFO] [1782894645.495452625]: esvio Not enough features or parallax; Move device around[0m
[0m[INFO] [1782894645.495523954]: evio Not enough features or parallax; Move device around[0m
[0m[INFO] [1782894645.703771937]: esvio Not enough features or parallax; Move device around[0m
[0m[INFO] [1782894645.703845229]: evio Not enough features or parallax; Move device around[0m
[0m[INFO] [1782894645.888841677]: esvio Not enough features or parallax; Move device around[0m
[0m[INFO] [1782894645.892188517]: evio Not enough features or parallax; Move device around[0m
[0m[INFO] [1782894646.006592541]: esvio Not enough features or parallax; Move device around[0m
[0m[INFO] [1782894646.009008882]: evio Not enough features or parallax; Move device around[0m
[0m[INFO] [1782894646.170398798]: esvio Not enough features or parallax; Move device around[0m
[0m[INFO] [1782894646.173647738]: evio Not enough features or parallax; Move device around[0m
[0m[INFO] [1782894646.383638607]: esvio Not enough features or parallax; Move device around[0m
[0m[INFO] [1782894646.395915895]: evio Not enough features or parallax; Move device around[0m
[0m[INFO] [1782894646.555055675]: esvio Not enough features or parallax; Move device around[0m
[0m[INFO] [1782894646.558889732]: evio Not enough features or parallax; Move device around[0m
[0m[INFO] [1782894646.666671359]: esvio Not enough features or parallax; Move device around[0m
[0m[INFO] [1782894646.677945985]: evio Not enough features or parallax; Move device around[0m
[0m[INFO] [1782894646.856001121]: esvio Not enough features or parallax; Move device around[0m
[0m[INFO] [1782894646.860030974]: evio Not enough features or parallax; Move device around[0m
[0m[INFO] [1782894647.050135131]: esvio Not enough features or parallax; Move device around[0m
[0m[INFO] [1782894647.050234979]: evio Not enough features or parallax; Move device around[0m
[0m[INFO] [1782894647.142196731]: esvio Not enough features or parallax; Move device around[0m
[0m[INFO] [1782894647.142264781]: evio Not enough features or parallax; Move device arou[33m[WARN] [1782894648.001446056]: ---------------5points----------------[0m
[33m[WARN] [1782894648.001485423]: input points 24 2D inliers 3D inliers 13[0m
[33m[WARN] [1782894650.277260495]: ---------------5points----------------[0m
[33m[WARN] [1782894650.277284267]: input points 27 2D inliers 3D inliers 13[0m
nd[0m
[0m[INFO] [1782894647.319552590]: esvio Not enough features or parallax; Move device around[0m
[0m[INFO] [1782894647.319616068]: evio Not enough features or parallax; Move device around[0m
[0m[INFO] [1782894647.419599341]: esvio Not enough features or parallax; Move device around[0m
[0m[INFO] [1782894647.419658535]: evio Not enough features or parallax; Move device around[0m
[0m[INFO] [1782894647.596446364]: esvio Not enough features or parallax; Move device around[0m
[0m[INFO] [1782894647.596501828]: evio Not enough features or parallax; Move device around[0m
[0m[INFO] [1782894647.806563720]: esvio Not enough features or parallax; Move device around[0m
[0m[INFO] [1782894647.811162341]: evio Not enough features or parallax; Move device around[0m
unstable features tracking, please slowly move you device!
[0m[INFO] [1782894648.004367285]: average_parallax 200.501687 choose l 8 and newest frame to triangulate the whole structure[0m
unstable features tracking, please slowly move you device!
[0m[INFO] [1782894648.005116584]: global SFM failed![0m
[0m[INFO] [1782894648.098424439]: esvio Not enough features or parallax; Move device around[0m
[0m[INFO] [1782894648.098484113]: evio Not enough features or parallax; Move device around[0m
[0m[INFO] [1782894648.267267575]: esvio Not enough features or parallax; Move device around[0m
[0m[INFO] [1782894648.267322264]: evio Not enough features or parallax; Move device around[0m
[0m[INFO] [1782894648.363964234]: esvio Not enough features or parallax; Move device around[0m
[0m[INFO] [1782894648.364022346]: evio Not enough features or parallax; Move device around[0m
[0m[INFO] [1782894648.557811805]: esvio Not enough features or parallax; Move device around[0m
[0m[INFO] [1782894648.567845541]: evio Not enough features or parallax; Move device around[0m
[0m[INFO] [1782894648.650898512]: esvio Not enough features or parallax; Move device around[0m
[0m[INFO] [1782894648.650963540]: evio Not enough features or parallax; Move device around[0m
[0m[INFO] [1782894648.838834057]: esvio Not enough features or parallax; Move device around[0m
[0m[INFO] [1782894648.842865510]: evio Not enough features or parallax; Move device around[0m
[0m[INFO] [1782894649.042189073]: esvio Not enough features or parallax; Move device around[0m
[0m[INFO] [1782894649.044588158]: evio Not enough features or parallax; Move device around[0m
[0m[INFO] [1782894649.231451443]: esvio Not enough features or parallax; Move device around[0m
[0m[INFO] [1782894649.231550190]: evio Not enough features or parallax; Move device around[0m
[0m[INFO] [1782894649.334083449]: esvio Not enough features or parallax; Move device around[0m
[0m[INFO] [1782894649.334144686]: evio Not enough features or parallax; Move device around[0m
[0m[INFO] [1782894649.512394237]: esvio Not enough features or parallax; Move device around[0m
[0m[INFO] [1782894649.513731821]: evio Not enough features or parallax; Move device around[0m
[0m[INFO] [1782894649.621629470]: esvio Not enough features or parallax; Move device around[0m
[0m[INFO] [1782894649.626065767]: evio Not enough features or parallax; Move device around[0m
[0m[INFO] [1782894649.725901596]: esvio Not enough features or parallax; Move device around[0m
[0m[INFO] [1782894649.735355640]: evio Not enough features or parallax; Move device around[0m
[0m[INFO] [1782894649.904238600]: esvio Not enough features or parallax; Move device around[0m
[0m[INFO] [1782894649.914724097]: evio Not enough features or parallax; Move device around[0m
[0m[INFO] [1782894650.105231512]: esvio Not enough features or parallax; Move device around[0m
[0m[INFO] [1782894650.117862817]: evio Not enough features or parallax; Move device around[0m
unstable features tracking, please slowly move you device!
[0m[INFO] [1782894650.287262707]: average_parallax 137.183382 choose l 8 and newest frame to triangulate the whole structure[0m
unstable features tracking, please slowly move you device!
[0m[INFO] [1782894650.287758246]: global SFM failed![0m
[0[33m[WARN] [1782894651.225784446]: ---------------5points----------------[0m
[33m[WARN] [1782894651.225816292]: input points 37 2D inliers 3D inliers 13[0m
[33m[WARN] [1782894651.323951343]: ---------------5points----------------[0m
[33m[WARN] [1782894651.323975993]: input points 28 2D inliers 3D inliers 13[0m
[33m[WARN] [1782894651.722070066]: ---------------5points----------------[0m
[33m[WARN] [1782894651.722112765]: input points 31 2D inliers 3D inliers 16[0m
m[INFO] [1782894650.374721090]: esvio Not enough features or parallax; Move device around[0m
[0m[INFO] [1782894650.384804787]: evio Not enough features or parallax; Move device around[0m
[0m[INFO] [1782894650.558963815]: esvio Not enough features or parallax; Move device around[0m
[0m[INFO] [1782894650.564644258]: evio Not enough features or parallax; Move device around[0m
[0m[INFO] [1782894650.768831109]: esvio Not enough features or parallax; Move device around[0m
[0m[INFO] [1782894650.768902043]: evio Not enough features or parallax; Move device around[0m
[0m[INFO] [1782894650.949765727]: esvio Not enough features or parallax; Move device around[0m
[0m[INFO] [1782894650.949859708]: evio Not enough features or parallax; Move device around[0m
[0m[INFO] [1782894651.036125030]: esvio Not enough features or parallax; Move device around[0m
[0m[INFO] [1782894651.036187857]: evio Not enough features or parallax; Move device around[0m
unstable features tracking, please slowly move you device!
unstable features tracking, please slowly move you device!
[0m[INFO] [1782894651.227637254]: average_parallax 55.588200 choose l 9 and newest frame to triangulate the whole structure[0m
unstable features tracking, please slowly move you device!
unstable features tracking, please slowly move you device!
[0m[INFO] [1782894651.227961157]: global SFM failed![0m
unstable features tracking, please slowly move you device!
unstable features tracking, please slowly move you device!
[0m[INFO] [1782894651.327032006]: average_parallax 102.333236 choose l 8 and newest frame to triangulate the whole structure[0m
unstable features tracking, please slowly move you device!
unstable features tracking, please slowly move you device!
[0m[INFO] [1782894651.327374759]: global SFM failed![0m
[0m[INFO] [1782894651.497013115]: esvio Not enough features or parallax; Move device around[0m
[0m[INFO] [1782894651.497083819]: evio Not enough features or parallax; Move device around[0m
unstable features tracking, please slowly move you device!
unstable features tracking, please slowly move you device!
[0m[INFO] [1782894651.725029884]: average_parallax 146.629761 choose l 8 and newest frame to triangulate the whole structure[0m
unstable features tracking, please slowly move you device!
unstable features tracking, please slowly move you device!
[0m[INFO] [1782894651.725470340]: global SFM failed![0m
[0m[INFO] [1782894651.912489952]: esvio Not enough features or parallax; Move device around[0m
[0m[INFO] [1782894651.917721846]: average_parallax 124.678490 choose l 9 and newest frame to triangulate the whole structure[0m
unstable features tracking, please slowly move you device!
[0m[INFO] [1782894651.918223449]: global SFM failed![0m
[0m[INFO] [1782894652.092506384]: esvio Not enough features or parallax; Move device around[0m
[0m[INFO] [1782894652.092659915]: evio Not enough features or parallax; Move device around[0m
[0m[INFO] [1782894652.270874058]: esvio Not enough features or parallax; Move device around[0m
[0m[INFO] [1782894652.270952664]: evio Not enough features or parallax; Move device around[0m
[0m[INFO] [1782894652.454908639]: esvio Not enough features or parallax; Move device around[0m
[0m[INFO] [1782894652.454963035]: evio Not enough features or parallax; Move device around[0m
[0m[INFO] [1782894652.555001179]: esvio Not enough features or parallax; Move device around[0m
[0m[INFO] [1782894652.555065442]: evio Not enough features or parallax; Move device around[0m
[0m[INFO] [1782894652.752426239]: esvio Not enough features or parallax; Move device around[0m
[0m[INFO] [1782894652.752477090]: evio Not enough features or parallax; Move device around[0m
[0m[INFO] [1782894652.941778830]: esvio Not enough features or parallax; Move device around[0m
[0m[INFO] [1782894652.941837798]: evio Not enough features or parallax; Move device around[0m
[0m[INFO] [1782894653.052375707]: esvio Not enough features or parallax; Move device around[0m
[0m[INFO] [1782894653.052427888]: evio Not enough features or parallax[33m[WARN] [1782894664.097210772]: Shutdown request received.[0m
[33m[WARN] [1782894664.098035456]: Reason given for shutdown: [user request][0m
[33m[WARN] [1782894664.099182071]: Shutdown request received.[0m
[33m[WARN] [1782894664.099222094]: Reason given for shutdown: [user request][0m
[33m[WARN] [1782894664.099742722]: Shutdown request received.[0m
[33m[WARN] [1782894664.099772264]: Reason given for shutdown: [user request][0m
