[0m[INFO] [1782894958.221854262]: init begins[0m
[0m[INFO] [1782894958.224483481]: Loaded config_file: /tmp/esvio_cfg/esvio.yaml[0m
result path /home/cpy/Datasets/output/esvio_result_no_loop.csv
[33m[WARN] [1782894958.225219577]:  fix extrinsic param [0m
[0m[INFO] [1782894958.225204059]: ROW_Image: 1024.000000 COL_Image: 1224.000000 [0m
[0m[INFO] [1782894958.225214094]: ROW_Event: 480.000000 COL_EVENT: 640.000000 [0m
[0m[INFO] [1782894958.225255866]: give an T to the extrinsic of cam [0m
[0m[INFO] [1782894958.225261793]: give an T to the extrinsic of event [0m
[0m[INFO] [1782894958.225283031]: Extrinsic_R : 
  0.0172486   0.0128346    0.999769
  -0.999804 -0.00952696   0.0173715
 0.00974772   -0.999872   0.0126678[0m
[0m[INFO] [1782894958.225292002]: Extrinsic_T : 
 0.143665 0.0796728 -0.015555[0m
[0m[INFO] [1782894958.225305934]: Extrinsic_R_event : 
 0.0112035  0.0218441   0.999699
  -0.99976 -0.0185542  0.0116097
 0.0188022  -0.999589   0.021631[0m
[0m[INFO] [1782894958.225314944]: Extrinsic_T_event : 
 0.129075 0.0793087 0.0250862[0m
[0m[INFO] [1782894958.226297004]: parameters.cpp: gravity_norm: 1.000000[0m
parameters.cpp: Not use sampson model
parameters.cpp: Yes use geometric correction
[33m[WARN] [1782894958.227124019]: waiting for event and imu...[0m
[33m[WARN] [1782894958.250946767]: into event point feature detection and tracking[0m
vocabulary_file/catkin_ws_dvs/src/ESVIO/pose_graph/support_files/brief_k10L6.bin
loop start load vocabulary
BRIEF_PATTERN_FILE/catkin_ws_dvs/src/ESVIO/pose_graph/support_files/brief_pattern.yml
Failed to create folder  
[0m[INFO] [1782894958.253650876]: Loaded config_file: /tmp/esvio_cfg/esvio.yaml[0m
[0m[INFO] [1782894958.254436157]: Loaded esvio_folder: /tmp/esvio_cfg/[0m
[0m[INFO] [1782894958.254508169]: Rrl_event: 
   0.99968  0.0200383  0.0154395
-0.0200188   0.999799 -0.0014144
-0.0154648 0.00110486    0.99988[0m
[0m[INFO] [1782894958.254519655]: Trl_event: 
 -0.170177 0.00146904 0.00486952[0m
[0m[INFO] [1782894958.254532396]: reading paramerter of camera /tmp/esvio_cfg//event0_esvio.yaml[0m
[0m[INFO] [1782894958.262258202]: reading paramerter of camera /tmp/esvio_cfg//event1_esvio.yaml[0m
327.485       0     320
      0 327.554     240
      0       0       1
[33m[WARN] [1782894972.532885978]: gyroscope bias initial calibration -0.00795231   0.0508362  -0.0162033[0m
[33m[WARN] [1782894972.534279248]: estimated scale: 0.003713[0m
[33m[WARN] [1782894972.534303261]:  result g     9.69953 0.614777 -9.29018 -2.71946[0m
[33m[WARN] [1782894972.534426184]:  refine     9.80766 0.622853 -9.39147 -2.75728[0m
[33m[WARN] [1782894972.534437051]: estimated scale after RefineGravity: -0.001405[0m
WARNING: Logging before InitGoogleLogging() is written to STDERR
W0701 08:36:12.684443   218 levenberg_marquardt_strategy.cc:114] Linear solver failure. Failed to compute a step: Eigen failure. Unable to perform dense Cholesky factorization.
W0701 08:36:12.685926   218 levenberg_marquardt_strategy.cc:114] Linear solver failure. Failed to compute a step: Eigen failure. Unable to perform dense Cholesky factorization.
W0701 08:36:12.686419   218 levenberg_marquardt_strategy.cc:114] Linear solver failure. Failed to compute a step: Eigen failure. Unable to perform dense Cholesky factorization.
W0701 08:36:12.693965   218 levenberg_marquardt_strategy.cc:114] Linear solver failure. Failed to compute a step: Eigen failure. Unable to perform dense Cholesky factorization.
W0701 08:36:12.694548   218 levenberg_marquardt_strategy.cc:114] Linear solver failure. Failed to compute a step: Eigen failure. Unable to perform dense Cholesky factorization.
[33m[WARN] [1782894972.852151994]: gyroscope bias initial calibration -0.00457967  0.00397641 -0.00146628[0m
[33m[WARN] [1782894972.854189555]: estimated scale: 0.002058[0m
[33m[WARN] [1782894972.854233501]:  result g     9.68845 0.703982 -9.12676 -3.17377[0m
[33m[WARN] [1782894972.854436167]:  refine     9.80766 0.715249 -9.23758 -3.21649[0m
[33m[WARN] [1782894972.854451678]: estimated scale after RefineGravity: 0.001010[0m
[0m[INFO] [1782894958.226329084]: Extrinsic_R2 : 
 0.0144479  0.0110884   0.999834
 -0.999779  0.0154503  0.0142757
-0.0152894  -0.999819  0.0113092[0m
[0m[INFO] [1782894958.226338905]: Extrinsic_T2 : 
  0.142001 -0.0914988  -0.014918[0m
[0m[INFO] [1782894958.226358588]: Rrl: 
   0.999685    0.024912 -0.00309425
 -0.0249159    0.999689 -0.00124826
 0.00306219  0.00132497    0.999994[0m
[0m[INFO] [1782894958.226367864]: Trl: 
 -0.171154 0.00323261 0.00407665[0m
[0m[INFO] [1782894958.226571762]: Loaded esvio_folder: /tmp/esvio_cfg/[0m
[0m[INFO] [1782894958.226594930]: Extrinsic_R2_event : 
  0.0270726   0.0202015    0.999429
  -0.999633   0.0014471   0.0270488
-0.00089984   -0.999795   0.0202332[0m
[0m[INFO] [1782894958.226604665]: Extrinsic_T2_event : 
  0.128785 -0.0909398  0.0263033[0m
[0m[INFO] [1782894958.226622585]: Rrl_event: 
   0.99968  0.0200383  0.0154395
-0.0200188   0.999799 -0.0014144
-0.0154648 0.00110486    0.99988[0m
[0m[INFO] [1782894958.226631725]: Trl_event: 
 -0.170177 0.00146904 0.00486952[0m
[0m[INFO] [1782894958.226836850]: Loaded esvio_folder: /tmp/esvio_cfg/[0m
[0m[INFO] [1782894958.226849702]: Synchronized sensors, fix time offset: 0.00839259[0m
[0m[INFO] [1782894958.226860539]: estimator.cpp: reading paramerter of camera /tmp/esvio_cfg/cam0_esvio.yaml[0m
[0m[INFO] [1782894958.226973213]: estimator.cpp: reading paramerter of camera /tmp/esvio_cfg/cam1_esvio.yaml[0m
[0m[INFO] [1782894958.227023930]: estimator.cpp: reading paramerter of camera /tmp/esvio_cfg/event0_esvio.yaml[0m
[0m[INFO] [1782894958.227077293]: estimator.cpp: reading paramerter of camera /tmp/esvio_cfg/event1_esvio.yaml[0m
[0m[INFO] [1782894971.756804971]: esvio Not enough features or parallax; Move device around[0m
[0m[INFO] [1782894971.761294622]: average_parallax 46.105766 choose l 3 and newest frame to triangulate the whole structure[0m
unstable features tracking, please slowly move you device!
[0m[INFO] [1782894971.762144555]: global SFM failed![0m
[0m[INFO] [1782894971.866597338]: esvio Not enough features or parallax; Move device around[0m
[0m[INFO] [1782894971.881334341]: average_parallax 51.189294 choose l 3 and newest frame to triangulate the whole structure[0m
unstable features tracking, please slowly move you device!
[0m[INFO] [1782894971.882304470]: global SFM failed![0m
[0m[INFO] [1782894972.082837819]: esvio Not enough features or parallax; Move device around[0m
[0m[INFO] [1782894972.121200278]: average_parallax 47.859305 choose l 5 and newest frame to triangulate the whole structure[0m
unstable features tracking, please slowly move you device!
[0m[INFO] [1782894972.122691876]: global SFM failed![0m
[0m[INFO] [1782894972.288532181]: esvio Not enough features or parallax; Move device around[0m
[0m[INFO] [1782894972.340631221]: average_parallax 48.342285 choose l 6 and newest frame to triangulate the whole structure[0m
[0m[INFO] [1782894972.380321222]: global SFM failed![0m
[0m[INFO] [1782894972.432771475]: esvio Not enough features or parallax; Move device around[0m
[0m[INFO] [1782894972.484774034]: average_parallax 46.404307 choose l 6 and newest frame to triangulate the whole structure[0m
[0m[INFO] [1782894972.532248719]: global SFM success![0m
[0m[INFO] [1782894972.534445979]: misalign visual structure with IMU[0m
[0m[INFO] [1782894972.535299932]: esvio IMU excitation not enouth![0m
[0m[INFO] [1782894972.597937514]: esvio Not enough features or parallax; Move device around[0m
[0m[INFO] [1782894972.597989041]: evio IMU excitation not enough![0m
[0m[INFO] [1782894972.651173306]: average_parallax 45.080041 choose l 6 and newest frame to triangulate the whole structure[0m
[0m[INFO] [1782894972.695596032]: global SFM failed![0m
[0m[INFO] [1782894972.781423334]: esvio Not enough features or parallax; Move device around[0m
[0m[INFO] [1782894972.803434921]: average_parallax 91.520744 choose l 2 and newest frame to triangulate the whole structure[0m
[0m[INFO] [1782894972.851532828]: global SFM success![0m
[0m[INFO] [1782894972.875940604]: Initia[33m[WARN] [1782895007.850165261]:  little feature 1[0m
[33m[WARN] [1782895018.981422340]: Shutdown request received.[0m
[33m[WARN] [1782895018.982075427]: Reason given for shutdown: [user request][0m
[33m[WARN] [1782895018.982941190]: Shutdown request received.[0m
[33m[WARN] [1782895018.982974840]: Reason given for shutdown: [user request][0m
[33m[WARN] [1782895018.983346124]: Shutdown request received.[0m
[33m[WARN] [1782895018.983373784]: Reason given for shutdown: [user request][0m
