[0m[INFO] [1782539628.926259021]: init begins[0m
[0m[INFO] [1782539628.929082348]: Loaded config_file: /catkin_ws_dvs/src/ESVIO/config/esvio_VECtor_small_scale/esvio.yaml[0m
result path /home/cpy/Datasets/output/esvio_result_no_loop.csv
[33m[WARN] [1782539628.929967966]:  Optimize extrinsic param around initial guess![0m
[0m[INFO] [1782539628.929950324]: ROW_Image: 1024.000000 COL_Image: 1224.000000 [0m
[0m[INFO] [1782539628.929961257]: ROW_Event: 480.000000 COL_EVENT: 640.000000 [0m
[0m[INFO] [1782539628.930004469]: give an T to the extrinsic of cam [0m
[0m[INFO] [1782539628.930010302]: give an T to the extrinsic of event [0m
[0m[INFO] [1782539628.930033298]: Extrinsic_R : 
  0.0172486   0.0128346    0.999769
  -0.999804 -0.00952696   0.0173715
 0.00974772   -0.999872   0.0126678[0m
[0m[INFO] [1782539628.930043608]: Extrinsic_T : 
 0.143665 0.0796728 -0.015555[0m
[0m[INFO] [1782539628.930076713]: Extrinsic_R_event : 
 0.0112035  0.0218441   0.999699
  -0.99976 -0.0185542  0.0116097
 0.0188022  -0.999589   0.021631[0m
[0m[INFO] [1782539628.930087266]: Extrinsic_T_event : 
 0.129075 0.0793087 0.0250862[0m
[0m[INFO] [1782539628.931413336]: parameters.cpp: gravity_norm: 1.000000[0m
parameters.cpp: Not use sampson model
parameters.cpp: Yes use geometric correction
[33m[WARN] [1782539628.932322475]: waiting for event, image and imu...[0m
[33m[WARN] [1782539628.955649941]: into event point feature detection and tracking[0m
[33m[WARN] [1782539628.957302561]: into stereo image feature detection and tracking[0m
vocabulary_file/catkin_ws_dvs/src/ESVIO/pose_graph/support_files/brief_k10L6.bin
loop start load vocabulary
BRIEF_PATTERN_FILE/catkin_ws_dvs/src/ESVIO/pose_graph/support_files/brief_pattern.yml
Failed to create folder  
[0m[INFO] [1782539628.958178800]: Loaded config_file: /catkin_ws_dvs/src/ESVIO/config/esvio_VECtor_small_scale/esvio.yaml[0m
[0m[INFO] [1782539628.958860462]: Loaded esvio_folder: /catkin_ws_dvs/src/ESVIO/config/esvio_VECtor_small_scale/[0m
[0m[INFO] [1782539628.958928116]: Rrl_event: 
   0.99968  0.0200383  0.0154395
-0.0200188   0.999799 -0.0014144
-0.0154648 0.00110486    0.99988[0m
[0m[INFO] [1782539628.958939692]: Trl_event: 
 -0.170177 0.00146904 0.00486952[0m
[0m[INFO] [1782539628.958948867]: reading paramerter of camera /catkin_ws_dvs/src/ESVIO/config/esvio_VECtor_small_scale//event0_esvio.yaml[0m
[0m[INFO] [1782539628.967002337]: reading paramerter of camera /catkin_ws_dvs/src/ESVIO/config/esvio_VECtor_small_scale//event1_esvio.yaml[0m
327.485       0     320
      0 327.554     240
      0       0       1
[33m[WARN] [1782539644.717120906]: ---------------5points----------------[0m
[33m[WARN] [1782539644.717184704]: input points 172 2D inliers 3D inliers 70[0m
[33m[WARN] [1782539644.832633152]: gyroscope bias initial calibration -0.00118561  0.00929039 -0.00331755[0m
[33m[WARN] [1782539809.738995521]: Shutdown request received.[0m
[33m[WARN] [1782539809.739626374]: Reason given for shutdown: [user request][0m
[33m[WARN] [1782539809.740535737]: Shutdown request received.[0m
[33m[WARN] [1782539809.740564160]: Reason given for shutdown: [user request][0m
[33m[WARN] [1782539809.740914879]: Shutdown request received.[0m
[33m[WARN] [1782539809.740940856]: Reason given for shutdown: [user request][0m
[33m[WARN] [1782539809.741361565]: Shutdown request received.[0m
[33m[WARN] [1782539809.741427775]: Reason given for shutdown: [user request][0m
terminate called without an active exception
