[93mInitialized new /root/.evo/settings.json[39m
Calibration information directory: /catkin_ws/src/SDEVO/image_representation/calib/vector
Configuration file directory: /catkin_ws/src/SDEVO/DEVO/config/evaluation/eval_vector.yaml
Weights file directory: /catkin_ws/src/SDEVO/DEVO/DEVO.pth
Base line: 0.17000000000000004
Intrinsics: tensor([347.0000, 347.0000, 312.5000, 233.5000], device='cuda:0',
       dtype=torch.float16)
BUFFER_SIZE: 4096
GRADIENT_BIAS: False
KEYFRAME_INDEX: 4
KEYFRAME_THRESH: 15.0
MAX_DEPTH: 1000.0
MIN_DEPTH: 0.1
MIXED_PRECISION: True
MOTION_DAMPING: 0.5
MOTION_MODEL: DAMPED_LINEAR
NORM: std
OPTIMIZATION_WINDOW: 10
PATCHES_PER_FRAME: 96
PATCH_LIFETIME: 10
PATCH_SELECTOR: scorer
REMOVAL_WINDOW: 10
SCORER_EVAL_MODE: multi
SCORER_EVAL_USE_GRID: True
SEARCH_RANGE: 100
baseline: 0.17000000000000004
save_traj_dir: /catkin_ws/src/SDEVO/DEVO/output/poses_tum_format.txt
Loading from /catkin_ws/src/SDEVO/DEVO/DEVO.pth
DEVO initialized
n:  0
n:  1
n:  1
n:  2
n:  3
n:  3
n:  4
n:  4
n:  4
n:  5
n:  5
n:  5
n:  6
n:  6
1783970987311614751
n:  7
n:  7
n:  8
n:  8
n:  8
n:  8
n:  8
n:  8
n:  8
n:  8
n:  8
n:  8
 1783970993312603235
n:  8
n:  8
n:  8
n:  8
n:  8
n:  8
n:  8
n:  8
n:  8
n:  8
n:  8
n:  8
n:  8
n:  8
n:  8
n:  8
n:  8
n:  8
 1783971002311563491
n:  8
n:  8
n:  8
n:  8
n:  8
n:  8
n:  8
n:  8
n:  8
n:  8
n:  8
n:  8
n:  8
n:  8
n:  8
n:  8
n:  8
n:  8
n:  8
n:  8
n:  8
n:  8
n:  8
n:  8

n:  8
n:  8
n:  8
n:  8
n:  8
n:  8
n:  8
n:  8
n:  8
n:  8
n:  8
n:  8
n:  8
n:  8
n:  8
n:  8
n:  8
n:  8
n:  8
n:  8
n:  8
n:  8
n:  8
n:  8
n:  8
n:  8
n:  8
n:  8
n:  8
n:  8
1783971029314958810
n:  8
n:  8
n:  8
n:  8
n:  8
n:  8
n:  8
n:  8
n:  8
n:  8
n:  8
n:  8
n:  8
n:  8
n:  8
n:  8
n:  8
n:  8
n:  8
n:  8
n:  8
n:  8
n:  8
n:  8
n:  8
n:  8
n:  8
n:  8
n:  8
n:  8
n:  8
n:  8
n:  8
n:  8
n:  8
n:  8
n:  8
n:  9
n:  9
n:  9
n:  9
n:  9
n:  9
n:  9
n:  9
n:  9
n:  9
n:  9
n:  9
n:  9
n:  9
n:  9
n:  9
n:  9
n:  9
n:  9
n:  9
n:  9
n:  9
n:  9
n:  9
n:  9
n:  9
n:  9
n:  9
n:  9

n:  9
n:  9
n:  9
n:  9
n:  9
n:  9
n:  9
n:  9
n:  10
n:  10
n:  10
n:  10
 1783971068303585052
n:  10
n:  10
n:  10
n:  10
n:  10
n:  10

n:  10
n:  10
n:  10
n:  10
n:  10
n:  10
n:  10
n:  10
n:  10
n:  10
n:  10
n:  10

n:  10
n:  10
n:  10
n:  10
n:  10
n:  10
n:  11
n:  11
n:  11
n:  11
n:  11
n:  11
n:  11
n:  11
n:  11
n:  11
n:  11
n:  11
n:  11
n:  11
n:  11
n:  11
n:  11
n:  11
n:  11
n:  11
n:  11
n:  11
n:  11
n:  11
n:  11
n:  11
n:  11
n:  11
n:  11
n:  11
n:  11
n:  11
n:  11
n:  11
n:  11
n:  11
n:  11
n:  11
n:  11
n:  11
n:  11
n:  12
n:  12
n:  12
n:  12
n:  12
n:  12
n:  12
n:  12
n:  12
n:  12
n:  12
n:  12
n:  12
n:  12
n:  12
n:  12
n:  12
n:  13
n:  13
n:  13
n:  13
n:  13
n:  13
n:  13
n:  13
n:  13
n:  13
n:  13
n:  13
n:  13
n:  13
n:  13
n:  13
n:  13
n:  13
n:  13
n:  13
n:  13
n:  13
n:  13
n:  13
n:  13
n:  13
n:  13
n:  13
n:  13
n:  13
n:  13
n:  13
n:  13
n:  14
n:  14
n:  14
n:  14
n:  14
n:  14
n:  14
n:  14
n:  14
n:  14
n:  14
n:  14
n:  14
n:  14
n:  14
n:  14
n:  14
n:  14
n:  14
n:  14
n:  14
n:  14
n:  14
n:  14
n:  14
n:  14
n:  14
n:  14
n:  14
n:  14
n:  14
n:  14
n:  14
n:  14
n:  14
n:  14
n:  14
n:  14
n:  14
n:  14
n:  14
n:  14
n:  14
n:  14
n:  14
n:  14
n:  14
n:  14
n:  14
n:  14
n:  14
n:  14
n:  14
n:  14
n:  14
n:  14
n:  14
n:  14
n:  14
n:  14
n:  14
n:  14
n:  14
n:  14
n:  14
n:  14
n:  14
n:  14
n:  14
n:  14
n:  14
n:  14
n:  14
n:  14
n:  14
n:  14
n:  14
n:  14
n:  14
n:  14
n:  14
n:  14
n:  14
n:  14
n:  14
n:  14
n:  14
n:  14
n:  14
n:  14
n:  14
n:  14
n:  14
n:  14
n:  14
n:  14
n:  15
n:  15
n:  15
n:  15
n:  15
n:  15
n:  15
n:  15
n:  15
n:  15
n:  15
n:  15
n:  15
n:  15
n:  15
n:  15
n:  15
n:  15
n:  15
n:  15
n:  15
n:  15
n:  15
n:  15
n:  15
n:  15
n:  15
n:  15
n:  15
n:  15
n:  15
n:  15
n:  15
n:  15
n:  15
n:  15
n:  15
n:  15
n:  15
n:  15
n:  15
n:  15
n:  15
n:  15
n:  15
n:  16
n:  16
n:  16
n:  16
n:  16
n:  16
n:  16
n:  16
n:  16
n:  16
n:  16
n:  16
n:  16
n:  16

n:  16
n:  16
n:  16
n:  16
n:  16
n:  16
n:  16
n:  16
n:  16
n:  16
n:  16
n:  16
n:  16
n:  16
n:  17
n:  17
n:  17
n:  17
n:  17
n:  17
n:  17
n:  17
n:  17
n:  17
n:  17
n:  17
n:  17
n:  17
n:  17
n:  18
n:  18
n:  18
n:  18
n:  18
n:  18
n:  18
n:  18
n:  18
n:  18
n:  18
n:  18
n:  18
n:  18
n:  19
n:  19
n:  19
n:  19
n:  19
n:  19
n:  19
n:  19
n:  19
n:  19
n:  19
n:  19
n:  19
n:  20
n:  20
n:  20
n:  20
n:  20
n:  20
n:  20
n:  20
n:  20
n:  20
n:  20
n:  20
n:  20
n:  20
n:  20
n:  20
n:  20
n:  20
n:  20
n:  20
n:  21
n:  21
n:  21
n:  21
n:  21
n:  21
n:  21
n:  21
n:  22
n:  22
n:  22
n:  22
n:  22
n:  22
n:  22
n:  22
n:  22
n:  22
n:  22
n:  22
1783971251307487249
n:  22
n:  23
n:  23
n:  23
n:  23
n:  23
n:  23
n:  23
n:  23
n:  23
n:  23
n:  23
n:  23
n:  23
n:  23
n:  23
n:  23
n:  24
n:  24
n:  24
n:  24
n:  24
n:  24
n:  24
n:  24
n:  24
n:  24
n:  24
n:  25
n:  25
n:  25
n:  25
n:  25
n:  25
n:  25
n:  25
n:  25
n:  25
n:  25
n:  25
n:  25
n:  25
n:  26
n:  26
n:  26
n:  26
n:  26
n:  26
n:  26
n:  26
n:  26
n:  26
n:  26
n:  26
n:  26
n:  26
n:  27
n:  27
n:  27
n:  27
[INFO] [1783971287.303163]: 5 seconds without messages, executing the next steps...
[INFO] [1783971290.303132]: 5 seconds without messages, executing the next steps...
[INFO] [1783971293.303102]: 5 seconds without messages, executing the next steps...
[INFO] [1783971296.301652]: 5 seconds without messages, executing the next steps...
[INFO] [1783971299.302374]: 5 seconds without messages, executing the next steps...
