[0m[INFO] [1782560891.735502586]: init begins[0m
[0m[INFO] [1782560891.738063877]: Loaded config_file: /tmp/esvio_cfg/esvio.yaml[0m
result path /home/cpy/Datasets/output/esvio_result_no_loop.csv
[33m[WARN] [1782560891.738790858]:  fix extrinsic param [0m
[0m[INFO] [1782560891.738773931]: ROW_Image: 1024.000000 COL_Image: 1224.000000 [0m
[0m[INFO] [1782560891.738784142]: ROW_Event: 480.000000 COL_EVENT: 640.000000 [0m
[0m[INFO] [1782560891.738825360]: give an T to the extrinsic of cam [0m
[0m[INFO] [1782560891.738831058]: give an T to the extrinsic of event [0m
[0m[INFO] [1782560891.738852867]: Extrinsic_R : 
  0.0172486   0.0128346    0.999769
  -0.999804 -0.00952696   0.0173715
 0.00974772   -0.999872   0.0126678[0m
[0m[INFO] [1782560891.738862495]: Extrinsic_T : 
 0.143665 0.0796728 -0.015555[0m
[0m[INFO] [1782560891.738877173]: Extrinsic_R_event : 
 0.0112035  0.0218441   0.999699
  -0.99976 -0.0185542  0.0116097
 0.0188022  -0.999589   0.021631[0m
[0m[INFO] [1782560891.738885894]: Extrinsic_T_event : 
 0.129075 0.0793087 0.0250862[0m
[0m[INFO] [1782560891.739852640]: parameters.cpp: gravity_norm: 1.000000[0m
parameters.cpp: Not use sampson model
parameters.cpp: Yes use geometric correction
[33m[WARN] [1782560891.740596659]: waiting for event, image and imu...[0m
[33m[WARN] [1782560891.777279435]: into event point feature detection and tracking[0m
[33m[WARN] [1782560891.782626584]: into stereo image feature detection and tracking[0m
vocabulary_file/catkin_ws_dvs/src/ESVIO/pose_graph/support_files/brief_k10L6.bin
loop start load vocabulary
BRIEF_PATTERN_FILE/catkin_ws_dvs/src/ESVIO/pose_graph/support_files/brief_pattern.yml
Failed to create folder  
[0m[INFO] [1782560891.782690295]: Loaded config_file: /tmp/esvio_cfg/esvio.yaml[0m
[0m[INFO] [1782560891.783825092]: Loaded esvio_folder: /tmp/esvio_cfg/[0m
[0m[INFO] [1782560891.783894639]: Rrl_event: 
   0.99968  0.0200383  0.0154395
-0.0200188   0.999799 -0.0014144
-0.0154648 0.00110486    0.99988[0m
[0m[INFO] [1782560891.783906072]: Trl_event: 
 -0.170177 0.00146904 0.00486952[0m
[0m[INFO] [1782560891.783919713]: reading paramerter of camera /tmp/esvio_cfg//event0_esvio.yaml[0m
[0m[INFO] [1782560891.791798397]: reading paramerter of camera /tmp/esvio_cfg//event1_esvio.yaml[0m
327.485       0     320
      0 327.554     240
      0       0       1
[33m[WARN] [1782560908.831232848]: ---------------5points----------------[0m
[33m[WARN] [1782560908.831266470]: input points 154 2D inliers 3D inliers 84[0m
[33m[WARN] [1782560908.887502900]: gyroscope bias initial calibration -0.000251108 -0.000612714    0.0015379[0m
[33m[WARN] [1782560911.773439363]:  little feature 0[0m
[33m[WARN] [1782560911.811734732]:  little feature 0[0m
[33m[WARN] [1782560913.666695069]:  little feature 0[0m
[33m[WARN] [1782560913.711832143]:  little feature 0[0m
[33m[WARN] [1782560913.759023776]:  little feature 1[0m
[33m[WARN] [1782560915.710942597]:  little feature 1[0m
[33m[WARN] [1782560917.613286646]:  little feature 0[0m
[33m[WARN] [1782560917.696998855]:  little feature 0[0m
[33m[WARN] [1782560920.545003047]:  little feature 0[0m
[33m[WARN] [1782560920.666891485]:  little feature 0[0m
[33m[WARN] [1782560922.043160249]:  little feature 1[0m
[33m[WARN] [1782560922.079387911]:  little feature 0[0m
[33m[WARN] [1782560922.657812904]:  little feature 0[0m
[33m[WARN] [1782560923.026266804]:  little feature 1[0m
[33m[WARN] [1782560925.840741330]:  little feature 0[0m
[33m[WARN] [1782560930.497432921]:  little feature 0[0m
[33m[WARN] [1782560930.584238789]:  little feature 0[0m
[33m[WARN] [1782560932.135649173]:  little feature 0[0m
[33m[WARN] [1782560932.181551098]:  little feature 1[0m
[33m[WARN] [1782560932.637892736]:  little feature 0[0m
[33m[WARN] [1782560932.978943618]:  little feature 0[0m
[33m[WARN] [1782560933.066387339]:  little feature 1[0m
[33m[WARN] [1782560933.534351873]:  little feature 1[0m
[33m[WARN] [1782560935.081410195]:  little feature 0[0m
[33m[WARN] [1782560935.128991169]:  little feature 0[0m
[33m[WARN] [1782560937.383225305]:  little feature 0[0m
[33m[WARN] [1782560937.847630068]:  little feature 0[0m
[33m[WARN] [1782560937.945391192]:  little feature 0[0m
[33m[WARN] [1782560938.033319603]:  little feature 0[0m
[33m[WARN] [1782560939.710923813]:  little feature 1[0m
[33m[WARN] [1782560939.770221288]:  little feature 1[0m
[33m[WARN] [1782560940.732386277]:  little feature 0[0m
[33m[WARN] [1782560940.783192411]:  little feature 0[0m
[33m[WARN] [1782560941.034601678]:  little feature 0[0m
[33m[WARN] [1782560941.600736748]:  little feature 0[0m
[33m[WARN] [1782560941.640298657]:  little feature 0[0m
[33m[WARN] [1782560942.719001380]:  little feature 0[0m
[33m[WARN] [1782560942.849239189]:  little feature 1[0m
[33m[WARN] [1782560945.494587809]:  little feature 0[0m
[33m[WARN] [1782560945.826952988]:  little feature 0[0m
[33m[WARN] [1782560945.907310546]:  little feature 1[0m
[33m[WARN] [1782560946.806257084]:  little feature 1[0m
[33m[WARN] [1782560946.880811037]:  little feature 0[0m
[33m[WARN] [1782560947.206498999]:  little feature 0[0m
[33m[WARN] [1782560947.685817445]:  little feature 1[0m
[33m[WARN] [1782560947.768841932]:  little feature 1[0m
[33m[WARN] [1782560948.368949587]:  little feature 0[0m
[33m[WARN] [1782560948.457864002]:  little feature 0[0m
[33m[WARN] [1782560949.273283400]:  little feature 0[0m
[33m[WARN] [1782560949.358042711]:  little feature 0[0m
[33m[WARN] [1782560950.752030833]:  little feature 1[0m
[33m[WARN] [1782560952.628543535]:  little feature 1[0m
[33m[WARN] [1782560955.616231324]:  little feature 0[0m
[33m[WARN] [1782560955.656803454]:  little feature 0[0m
[33m[WARN] [1782560958.242187745]:  little feature 0[0m
[33m[WARN] [1782560958.417695154]:  little feature 0[0m
[33m[WARN] [1782560959.687962686]:  little feature 1[0m
[33m[WARN] [1782560960.038246032]:  little feature 0[0m
[33m[WARN] [1782560960.825285547]:  little feature 0[0m
[33m[WARN] [1782560960.875105261]:  little feature 0[0m
[33m[WARN] [1782560977.808536679]:  little feature 0[0m
[33m[WARN] [1782560977.842510292]:  little feature 0[0m
[33m[WARN] [1782560980.698928989]:  little feature 1[0m
[33m[WARN] [1782560980.738783909]:  little feature 1[0m
[33m[WARN] [1782560999.223712756]:  little feature 0[0m
[33m[WARN] [1782561015.058909296]: Shutdown request received.[0m
[33m[WARN] [1782561015.059535374]: Reason given for shutdown: [user request][0m
[33m[WARN] [1782561015.060369097]: Shutdown request received.[0m
[33m[WARN] [1782561015.060404831]: Reason given for shutdown: [user request][0m
[33m[WARN] [1782561015.060725865]: Shutdown request received.[0m
[33m[WARN] [1782561015.060752871]: Reason given for shutdown: [user request][0m
[33m[WARN] [1782561015.061166244]: Shutdown request received.[0m
[33m[WARN] [1782561015.061193134]: Reason given for shutdown: [user request][0m
terminate called without an active exception
