[93mInitialized new /root/.evo/settings.json[39m
Calibration information directory: /catkin_ws/src/SDEVO/image_representation/calib/vector
Configuration file directory: /catkin_ws/src/SDEVO/DEVO/config/evaluation/eval_vector.yaml
Weights file directory: /catkin_ws/src/SDEVO/DEVO/DEVO.pth
Base line: 0.17000000000000004
Intrinsics: tensor([347.0000, 347.0000, 312.5000, 233.5000], device='cuda:0',
       dtype=torch.float16)
BUFFER_SIZE: 4096
GRADIENT_BIAS: False
KEYFRAME_INDEX: 4
KEYFRAME_THRESH: 15.0
MAX_DEPTH: 1000.0
MIN_DEPTH: 0.1
MIXED_PRECISION: True
MOTION_DAMPING: 0.5
MOTION_MODEL: DAMPED_LINEAR
NORM: std
OPTIMIZATION_WINDOW: 10
PATCHES_PER_FRAME: 96
PATCH_LIFETIME: 10
PATCH_SELECTOR: scorer
REMOVAL_WINDOW: 10
SCORER_EVAL_MODE: multi
SCORER_EVAL_USE_GRID: True
SEARCH_RANGE: 100
baseline: 0.17000000000000004
save_traj_dir: /catkin_ws/src/SDEVO/DEVO/output/poses_tum_format.txt
Loading from /catkin_ws/src/SDEVO/DEVO/DEVO.pth
DEVO initialized
n:  0
skip voxel at 1642647813108338.2 due to lack of events!
n:  0
skip voxel at 1642647813209375.5 due to lack of events!
n:  0
skip voxel at 1642647813308602.2 due to lack of events!
n:  0
skip voxel at 1642647813408410.2 due to lack of events!
n:  0
skip voxel at 1642647813508431.2 due to lack of events!
n:  0
skip voxel at 1642647813608401.2 due to lack of events!
n:  0
skip voxel at 1642647813708922.5 due to lack of events!
n:  0
skip voxel at 1642647813808438.2 due to lack of events!
n:  0
skip voxel at 1642647813908377.5 due to lack of events!
n:  0
skip voxel at 1642647814008385.5 due to lack of events!
n:  0
skip voxel at 1642647814108360.2 due to lack of events!
n:  0
skip voxel at 1642647814208462.2 due to lack of events!
n:  0
skip voxel at 1642647814309187.5 due to lack of events!
n:  0
skip voxel at 1642647814408513.2 due to lack of events!
n:  0
skip voxel at 1642647814508423.2 due to lack of events!
n:  0
skip voxel at 1642647814608340.2 due to lack of events!
n:  0
skip voxel at 1642647814708406.2 due to lack of events!
n:  0
skip voxel at 1642647814808614.2 due to lack of events!
n:  0
n:  1
n:  1
n:  2
n:  2
n:  3
n:  4
n:  4
n:  5
n:  6
n:  7
n:  8
n:  8
n:  8
n:  8
n:  8
n:  8
n:  8
n:  8
n:  8
n:  8
n:  8
n:  8
n:  8
n:  8
n:  9
n:  9
n:  9
n:  9
n:  9
n:  9
n:  9
n:  9
n:  9
n:  9
n:  9
n:  9
n:  9
n:  9
n:  9
n:  9
n:  9
n:  9
n:  9
n:  10
n:  10
n:  10
n:  10
n:  10
n:  10
n:  10
n:  10
n:  10
n:  10
n:  10
n:  10
n:  10
n:  10
n:  10
n:  10
n:  11
n:  11
n:  11
n:  11
n:  11
n:  11
n:  11
n:  11
n:  11
n:  11
n:  11
n:  11
n:  11
n:  11
n:  11
n:  11
n:  11
n:  11
n:  11
n:  11
n:  11
n:  11
n:  11
n:  11
n:  11
n:  11
n:  11
n:  11
n:  11
n:  11
n:  11
n:  11
n:  11
n:  11
n:  11
n:  11
n:  11
n:  11
n:  11
n:  11
n:  11
n:  11
n:  11
n:  11
n:  11
n:  11
n:  11
n:  11
n:  11
n:  11
n:  12
n:  12
n:  12
n:  12
n:  12
n:  12
n:  12
n:  12
n:  12
n:  12
n:  12
n:  12
n:  12
n:  12
n:  12
n:  12
n:  12
n:  12
n:  12
n:  12
n:  12
n:  13
n:  13
n:  13
n:  13
n:  13
n:  13
n:  13
n:  13
n:  13
n:  13
n:  13
n:  13
n:  14
n:  14
n:  14
n:  14
n:  14
n:  14
n:  14
n:  14
n:  14
n:  14
n:  14
n:  14
n:  15
n:  15
n:  15
n:  15
n:  15
n:  15
n:  15
n:  15
n:  15
n:  15
n:  16
n:  16
n:  16
n:  16
n:  16
n:  16
n:  16
n:  16
n:  16
n:  16
n:  16
n:  16
n:  16
n:  16
n:  16
n:  16
n:  16
n:  16
n:  16
n:  16
n:  16
n:  16
n:  16
n:  16
n:  16
n:  16
n:  16
n:  16
n:  16
n:  16
n:  16
n:  16
n:  16
n:  16
n:  17
n:  17
n:  17
n:  17
n:  17
n:  17
n:  17
n:  17
n:  17
n:  18
n:  18
n:  18
n:  18
n:  18
n:  18
n:  18
n:  18
n:  18
n:  18
n:  18
n:  18
n:  18
n:  18
n:  18
n:  18
n:  18
n:  18
n:  18
n:  19
n:  19
n:  19
n:  19
n:  19
n:  19
n:  19
n:  19
n:  19
n:  19
n:  19
n:  19
n:  19
n:  19
n:  19
n:  19
n:  19
n:  19
n:  19
n:  19
n:  19
n:  20
n:  20
n:  20
n:  20
n:  20
n:  20
n:  20
n:  20
n:  20
n:  20
n:  20
n:  20
n:  20
n:  21
n:  21
n:  21
n:  21
n:  21
n:  21
n:  22
n:  22
n:  22
n:  22
n:  22
n:  22
n:  22
n:  23
n:  23
n:  23
n:  23
n:  23
n:  23
n:  23
n:  24
n:  24
n:  24
n:  24
n:  24
n:  24
n:  24
n:  24
n:  25
n:  25
n:  25
n:  25
n:  25
n:  25
n:  25
n:  25
n:  25
n:  25
n:  26
n:  26
n:  26
n:  26
n:  26
n:  26
n:  26
n:  26
n:  26
n:  26
n:  26
n:  26
n:  26
n:  26
n:  27
n:  27
n:  27
n:  27
n:  27
n:  27
n:  27
n:  27
n:  27
n:  27
n:  27
n:  27
n:  27
n:  27
n:  27
n:  27
n:  27
n:  27
n:  27
n:  27
n:  27
n:  27
n:  27
n:  27
n:  27
n:  27
n:  27
n:  27
n:  27
n:  27
n:  28
n:  28
n:  28
n:  28
n:  28
n:  28
n:  28
n:  28
n:  28
n:  28
n:  28
n:  28
n:  28
n:  28
n:  28
n:  28
n:  28
n:  28
n:  28
n:  28
n:  28
n:  28
n:  28
n:  28
n:  28
n:  28
n:  28
n:  29
n:  29
n:  29
n:  29
n:  29
n:  29
n:  29
n:  29
n:  29
n:  29
n:  29
n:  29
n:  30
n:  30
n:  30
n:  30
n:  30
n:  30
n:  30
n:  30
n:  30
n:  30
n:  31
n:  31
n:  31
n:  31
n:  31
n:  31
n:  31
n:  31
n:  31
n:  31
n:  31
n:  31
n:  31
n:  31
n:  31
n:  31
n:  31
n:  32
n:  32
n:  32
n:  32
n:  32
n:  32
n:  32
n:  32
n:  32
n:  32
n:  32
n:  32
n:  32
n:  32
n:  32
n:  32
n:  32
n:  33
n:  33
n:  33
n:  33
n:  33
n:  33
n:  33
n:  33
n:  33
n:  33
n:  33
n:  33
n:  33
n:  33
n:  33
n:  33
n:  33
n:  34
n:  34
n:  34
n:  34
n:  34
n:  34
n:  34
n:  34
n:  34
n:  34
n:  34
n:  34
n:  34
n:  34
n:  34
n:  34
n:  35
n:  35
n:  35
n:  35
n:  35
n:  35
n:  35
n:  35
n:  35
n:  35
n:  35
n:  35
n:  35
n:  36
n:  36
n:  36
n:  36
n:  36
n:  36
n:  36
n:  36
n:  36
n:  36
n:  36
n:  36
n:  37
n:  37
n:  37
n:  37
n:  37
n:  37
n:  37
n:  37
n:  37
n:  37
n:  37
n:  37
n:  37
n:  38
n:  38
n:  38
n:  38
n:  38
n:  38
n:  38
n:  39
n:  39
n:  39
n:  39
n:  39
n:  39
n:  39
n:  39
n:  39
n:  39
n:  39
n:  39
n:  39
n:  39
n:  39
n:  39
n:  39
n:  39
n:  39
n:  39
n:  39
n:  39
n:  39
n:  39
n:  39
n:  39
n:  39
n:  39
n:  40
n:  40
n:  40
n:  40
n:  40
n:  40
n:  40
n:  40
n:  40
n:  40
n:  41
n:  41
n:  41
n:  41
n:  41
n:  41
n:  41
n:  41
n:  42
n:  42
n:  42
n:  42
n:  42
n:  42
n:  42
n:  42
n:  43
n:  43
n:  43
n:  43
n:  43
n:  43
n:  43
n:  43
n:  43
n:  43
n:  43
n:  43
n:  43
n:  43
n:  43
n:  43
n:  43
n:  43
n:  43
n:  43
n:  43
n:  43
n:  43
n:  44
n:  44
n:  44
n:  44
n:  44
n:  44
n:  44
n:  45
n:  45
n:  45
n:  45
n:  45
n:  45
n:  45
n:  46
n:  46
n:  46
n:  46
n:  46
n:  46
n:  46
n:  46
n:  46
n:  47
n:  47
n:  47
n:  47
n:  47
n:  47
n:  47
n:  47
n:  47
n:  47
n:  47
n:  47
n:  47
n:  47
n:  48
n:  48
n:  48
n:  48
n:  48
n:  48
n:  48
n:  48
n:  48
n:  48
n:  48
n:  48
n:  48
n:  48
n:  49
n:  49
n:  49
n:  49
n:  49
n:  49
n:  49
n:  49
n:  49
n:  49
n:  49
n:  49
n:  50
n:  50
n:  50
n:  50
n:  50
n:  50
n:  50
n:  50
n:  51
n:  51
n:  51
n:  51
n:  51
n:  51
n:  51
n:  51
n:  51
n:  52
n:  52
n:  52
n:  52
n:  52
n:  52
n:  53
n:  53
n:  53
n:  53
n:  53
n:  53
n:  53
n:  53
n:  54
n:  54
n:  54
n:  54
n:  54
n:  55
n:  55
n:  55
n:  55
n:  55
n:  55
n:  55
n:  55
n:  56
n:  56
n:  56
n:  56
n:  56
n:  56
n:  56
n:  56
n:  56
n:  56
n:  56
n:  56
n:  56
n:  56
n:  56
n:  56
n:  56
n:  56
n:  56
n:  56
n:  56
n:  56
n:  56
n:  56
n:  56
n:  56
n:  56
n:  56
n:  56
n:  56
n:  56
n:  56
n:  57
n:  57
n:  57
n:  57
n:  57
n:  57
n:  57
n:  57
n:  57
n:  58
n:  58
n:  58
n:  58
n:  58
n:  58
n:  58
n:  58
n:  58
n:  59
n:  59
n:  59
n:  59
n:  59
n:  59
n:  59
n:  59
n:  60
n:  60
n:  60
n:  60
n:  60
n:  61
n:  61
n:  61
n:  61
n:  61
n:  61
n:  61
n:  61
n:  61
n:  62
n:  62
n:  62
n:  62
n:  62
n:  62
n:  62
n:  62
n:  62
n:  62
n:  62
n:  62
n:  62
n:  63
n:  63
n:  63
n:  63
n:  63
n:  63
n:  63
n:  63
n:  63
n:  63
n:  63
n:  63
n:  63
n:  63
n:  63
n:  63
n:  63
n:  63
n:  63
n:  63
n:  64
n:  64
n:  64
n:  64
n:  64
n:  64
n:  65
n:  65
n:  65
n:  65
n:  65
n:  66
n:  66
n:  66
n:  66
n:  67
n:  67
n:  67
n:  68
n:  68
n:  68
n:  68
n:  69
n:  69
n:  69
n:  69
n:  69
n:  70
n:  70
n:  70
n:  70
n:  70
n:  70
n:  70
n:  70
n:  70
n:  70
n:  70
n:  70
n:  71
n:  71
n:  71
n:  71
n:  71
n:  72
n:  72
n:  72
n:  73
n:  73
n:  73
n:  74
n:  74
n:  74
n:  74
n:  75
n:  75
n:  75
n:  75
n:  76
n:  76
n:  76
n:  76
n:  76
n:  77
n:  77
n:  77
n:  77
n:  77
n:  77
n:  77
n:  77
n:  77
n:  77
n:  77
n:  77
n:  77
n:  77
n:  77
n:  77
n:  77
n:  77
n:  77
n:  77
n:  77
n:  78
n:  78
n:  78
n:  79
n:  79
n:  79
n:  80
n:  80
n:  80
n:  80
n:  80
n:  81
n:  81
n:  81
n:  81
n:  81
n:  82
[INFO] [1783968654.934840]: 5 seconds without messages, executing the next steps...
[INFO] [1783968657.935525]: 5 seconds without messages, executing the next steps...
[INFO] [1783968660.935415]: 5 seconds without messages, executing the next steps...
[INFO] [1783968663.935416]: 5 seconds without messages, executing the next steps...
[INFO] [1783968666.935411]: 5 seconds without messages, executing the next steps...
